171.246.97.47 - - [11/Sep/2016:21:07:45 +0700] "GET /wp-content/plugins/yet-another-related-posts-plugin/style/related.css?ver=4.6 HTTP/1.1" 200 657 "http://securitydaily.net/cach-an-file-hoac-folder-trong-dien-thoai-va-may-tinh-bang-android-bao-ve-rieng-tu-cua-ban/" "Mozilla/5.0 (Windows NT 10.0; WOW64) AppleWebKit/537.36 (KHTML, like Gecko) coc_coc_browser/56.3.120 Chrome/50.3.2661.120 Safari/537.36"
171.246.97.47 - - [11/Sep/2016:21:07:45 +0700] "GET /wp-content/plugins/jetpack/css/jetpack.css?ver=4.2.2 HTTP/1.1" 200 10463 "http://securitydaily.net/cach-an-file-hoac-folder-trong-dien-thoai-va-may-tinh-bang-android-bao-ve-rieng-tu-cua-ban/" "Mozilla/5.0 (Windows NT 10.0; WOW64) AppleWebKit/537.36 (KHTML, like Gecko) coc_coc_browser/56.3.120 Chrome/50.3.2661.120 Safari/537.36"
171.246.97.47 - - [11/Sep/2016:21:07:45 +0700] "GET /wp-includes/js/jquery/jquery-migrate.min.js?ver=1.4.1 HTTP/1.1" 200 4365 "http://securitydaily.net/cach-an-file-hoac-folder-trong-dien-thoai-va-may-tinh-bang-android-bao-ve-rieng-tu-cua-ban/" "Mozilla/5.0 (Windows NT 10.0; WOW64) AppleWebKit/537.36 (KHTML, like Gecko) coc_coc_browser/56.3.120 Chrome/50.3.2661.120 Safari/537.36"
171.246.97.47 - - [11/Sep/2016:21:07:45 +0700] "GET /wp-content/plugins/responsive-lightbox/assets/prettyphoto/js/jquery.prettyPhoto.js?ver=1.6.9 HTTP/1.1" 200 10216 "http://securitydaily.net/cach-an-file-hoac-folder-trong-dien-thoai-va-may-tinh-bang-android-bao-ve-rieng-tu-cua-ban/" "Mozilla/5.0 (Windows NT 10.0; WOW64) AppleWebKit/537.36 (KHTML, like Gecko) coc_coc_browser/56.3.120 Chrome/50.3.2661.120 Safari/537.36"
171.246.97.47 - - [11/Sep/2016:21:07:45 +0700] "GET /wp-content/plugins/youtube-embed-plus/scripts/ytprefs.min.js?ver=4.6 HTTP/1.1" 200 3141 "http://securitydaily.net/cach-an-file-hoac-folder-trong-dien-thoai-va-may-tinh-bang-android-bao-ve-rieng-tu-cua-ban/" "Mozilla/5.0 (Windows NT 10.0; WOW64) AppleWebKit/537.36 (KHTML, like Gecko) coc_coc_browser/56.3.120 Chrome/50.3.2661.120 Safari/537.36"
171.246.97.47 - - [11/Sep/2016:21:07:45 +0700] "GET /wp-content/plugins/responsive-lightbox/js/front.js?ver=1.6.9 HTTP/1.1" 200 3925 "http://securitydaily.net/cach-an-file-hoac-folder-trong-dien-thoai-va-may-tinh-bang-android-bao-ve-rieng-tu-cua-ban/" "Mozilla/5.0 (Windows NT 10.0; WOW64) AppleWebKit/537.36 (KHTML, like Gecko) coc_coc_browser/56.3.120 Chrome/50.3.2661.120 Safari/537.36"
171.246.97.47 - - [11/Sep/2016:21:07:45 +0700] "GET /wp-content/plugins/jetpack/modules/wpgroho.js?ver=4.6 HTTP/1.1" 200 838 "http://securitydaily.net/cach-an-file-hoac-folder-trong-dien-thoai-va-may-tinh-bang-android-bao-ve-rieng-tu-cua-ban/" "Mozilla/5.0 (Windows NT 10.0; WOW64) AppleWebKit/537.36 (KHTML, like Gecko) coc_coc_browser/56.3.120 Chrome/50.3.2661.120 Safari/537.36"
171.246.97.47 - - [11/Sep/2016:21:07:45 +0700] "GET /wp-content/plugins/youtube-embed-plus/scripts/fitvids.min.js?ver=4.6 HTTP/1.1" 200 1155 "http://securitydaily.net/cach-an-file-hoac-folder-trong-dien-thoai-va-may-tinh-bang-android-bao-ve-rieng-tu-cua-ban/" "Mozilla/5.0 (Windows NT 10.0; WOW64) AppleWebKit/537.36 (KHTML, like Gecko) coc_coc_browser/56.3.120 Chrome/50.3.2661.120 Safari/537.36"
171.246.97.47 - - [11/Sep/2016:21:07:45 +0700] "GET /wp-includes/js/wp-embed.min.js?ver=4.6 HTTP/1.1" 200 1099 "http://securitydaily.net/cach-an-file-hoac-folder-trong-dien-thoai-va-may-tinh-bang-android-bao-ve-rieng-tu-cua-ban/" "Mozilla/5.0 (Windows NT 10.0; WOW64) AppleWebKit/537.36 (KHTML, like Gecko) coc_coc_browser/56.3.120 Chrome/50.3.2661.120 Safari/537.36"
171.246.97.47 - - [11/Sep/2016:21:07:45 +0700] "GET /wp-content/themes/chientq/js/jquery.js HTTP/1.1" 200 33153 "http://securitydaily.net/cach-an-file-hoac-folder-trong-dien-thoai-va-may-tinh-bang-android-bao-ve-rieng-tu-cua-ban/" "Mozilla/5.0 (Windows NT 10.0; WOW64) AppleWebKit/537.36 (KHTML, like Gecko) coc_coc_browser/56.3.120 Chrome/50.3.2661.120 Safari/537.36"
171.246.97.47 - - [11/Sep/2016:21:07:45 +0700] "GET /wp-content/themes/chientq/js/tq.js HTTP/1.1" 200 437 "http://securitydaily.net/cach-an-file-hoac-folder-trong-dien-thoai-va-may-tinh-bang-android-bao-ve-rieng-tu-cua-ban/" "Mozilla/5.0 (Windows NT 10.0; WOW64) AppleWebKit/537.36 (KHTML, like Gecko) coc_coc_browser/56.3.120 Chrome/50.3.2661.120 Safari/537.36"
171.246.97.47 - - [11/Sep/2016:21:07:45 +0700] "GET /wp-includes/js/jquery/jquery.js?ver=1.12.4 HTTP/1.1" 200 34119 "http://securitydaily.net/cach-an-file-hoac-folder-trong-dien-thoai-va-may-tinh-bang-android-bao-ve-rieng-tu-cua-ban/" "Mozilla/5.0 (Windows NT 10.0; WOW64) AppleWebKit/537.36 (KHTML, like Gecko) coc_coc_browser/56.3.120 Chrome/50.3.2661.120 Safari/537.36"
171.246.97.47 - - [11/Sep/2016:21:07:45 +0700] "GET /wp-content/themes/chientq/js/jquery.isotope.min.js HTTP/1.1" 200 5408 "http://securitydaily.net/cach-an-file-hoac-folder-trong-dien-thoai-va-may-tinh-bang-android-bao-ve-rieng-tu-cua-ban/" "Mozilla/5.0 (Windows NT 10.0; WOW64) AppleWebKit/537.36 (KHTML, like Gecko) coc_coc_browser/56.3.120 Chrome/50.3.2661.120 Safari/537.36"
171.246.97.47 - - [11/Sep/2016:21:07:45 +0700] "GET /wp-content/themes/chientq/js/bootstrap.min.js HTTP/1.1" 200 7603 "http://securitydaily.net/cach-an-file-hoac-folder-trong-dien-thoai-va-may-tinh-bang-android-bao-ve-rieng-tu-cua-ban/" "Mozilla/5.0 (Windows NT 10.0; WOW64) AppleWebKit/537.36 (KHTML, like Gecko) coc_coc_browser/56.3.120 Chrome/50.3.2661.120 Safari/537.36"
171.246.97.47 - - [11/Sep/2016:21:07:45 +0700] "GET /wp-content/themes/chientq/js/jquery.prettyPhoto.js HTTP/1.1" 200 6367 "http://securitydaily.net/cach-an-file-hoac-folder-trong-dien-thoai-va-may-tinh-bang-android-bao-ve-rieng-tu-cua-ban/" "Mozilla/5.0 (Windows NT 10.0; WOW64) AppleWebKit/537.36 (KHTML, like Gecko) coc_coc_browser/56.3.120 Chrome/50.3.2661.120 Safari/537.36"
171.246.97.47 - - [11/Sep/2016:21:07:45 +0700] "GET /wp-content/themes/chientq/js/main.js HTTP/1.1" 200 965 "http://securitydaily.net/cach-an-file-hoac-folder-trong-dien-thoai-va-may-tinh-bang-android-bao-ve-rieng-tu-cua-ban/" "Mozilla/5.0 (Windows NT 10.0; WOW64) AppleWebKit/537.36 (KHTML, like Gecko) coc_coc_browser/56.3.120 Chrome/50.3.2661.120 Safari/537.36"
85.143.213.194 - - [11/Sep/2016:21:07:45 +0700] "POST /xmlrpc.php HTTP/1.0" 503 1079 "-" "Mozilla/4.0 (compatible: MSIE 7.0; Windows NT 6.0)"
171.246.97.47 - - [11/Sep/2016:21:07:45 +0700] "GET /wp-content/uploads/2016/03/banner.png HTTP/1.1" 200 19025 "http://securitydaily.net/cach-an-file-hoac-folder-trong-dien-thoai-va-may-tinh-bang-android-bao-ve-rieng-tu-cua-ban/" "Mozilla/5.0 (Windows NT 10.0; WOW64) AppleWebKit/537.36 (KHTML, like Gecko) coc_coc_browser/56.3.120 Chrome/50.3.2661.120 Safari/537.36"
171.246.97.47 - - [11/Sep/2016:21:07:45 +0700] "GET /wp-content/uploads/2015/03/ddosattack.jpg HTTP/1.1" 200 35333 "http://securitydaily.net/cach-an-file-hoac-folder-trong-dien-thoai-va-may-tinh-bang-android-bao-ve-rieng-tu-cua-ban/" "Mozilla/5.0 (Windows NT 10.0; WOW64) AppleWebKit/537.36 (KHTML, like Gecko) coc_coc_browser/56.3.120 Chrome/50.3.2661.120 Safari/537.36"
171.246.97.47 - - [11/Sep/2016:21:07:45 +0700] "GET /wp-content/uploads/2015/03/How-to-hide-files-and-folders-on-Android-without-installing-paranoid-apps-700x336.png HTTP/1.1" 200 61462 "http://securitydaily.net/cach-an-file-hoac-folder-trong-dien-thoai-va-may-tinh-bang-android-bao-ve-rieng-tu-cua-ban/" "Mozilla/5.0 (Windows NT 10.0; WOW64) AppleWebKit/537.36 (KHTML, like Gecko) coc_coc_browser/56.3.120 Chrome/50.3.2661.120 Safari/537.36"
171.246.97.47 - - [11/Sep/2016:21:07:45 +0700] "GET /wp-content/uploads/2016/03/bi-mat-tai-khoan.png HTTP/1.1" 200 29421 "http://securitydaily.net/cach-an-file-hoac-folder-trong-dien-thoai-va-may-tinh-bang-android-bao-ve-rieng-tu-cua-ban/" "Mozilla/5.0 (Windows NT 10.0; WOW64) AppleWebKit/537.36 (KHTML, like Gecko) coc_coc_browser/56.3.120 Chrome/50.3.2661.120 Safari/537.36"
171.246.97.47 - - [11/Sep/2016:21:07:46 +0700] "GET /wp-includes/js/wp-emoji-release.min.js?ver=4.6 HTTP/1.1" 200 4363 "http://securitydaily.net/cach-an-file-hoac-folder-trong-dien-thoai-va-may-tinh-bang-android-bao-ve-rieng-tu-cua-ban/" "Mozilla/5.0 (Windows NT 10.0; WOW64) AppleWebKit/537.36 (KHTML, like Gecko) coc_coc_browser/56.3.120 Chrome/50.3.2661.120 Safari/537.36"
171.246.97.47 - - [11/Sep/2016:21:07:45 +0700] "GET /wp-content/uploads/2015/12/tintac.jpg HTTP/1.1" 200 36958 "http://securitydaily.net/cach-an-file-hoac-folder-trong-dien-thoai-va-may-tinh-bang-android-bao-ve-rieng-tu-cua-ban/" "Mozilla/5.0 (Windows NT 10.0; WOW64) AppleWebKit/537.36 (KHTML, like Gecko) coc_coc_browser/56.3.120 Chrome/50.3.2661.120 Safari/537.36"
171.246.97.47 - - [11/Sep/2016:21:07:46 +0700] "GET /wp-content/uploads/2016/03/bao-mat-thu-dien-tu.png HTTP/1.1" 200 18826 "http://securitydaily.net/cach-an-file-hoac-folder-trong-dien-thoai-va-may-tinh-bang-android-bao-ve-rieng-tu-cua-ban/" "Mozilla/5.0 (Windows NT 10.0; WOW64) AppleWebKit/537.36 (KHTML, like Gecko) coc_coc_browser/56.3.120 Chrome/50.3.2661.120 Safari/537.36"
171.246.97.47 - - [11/Sep/2016:21:07:46 +0700] "GET /wp-content/uploads/2016/07/sinhvienit-xss-csrf-exploit-45x45.png HTTP/1.1" 200 2171 "http://securitydaily.net/cach-an-file-hoac-folder-trong-dien-thoai-va-may-tinh-bang-android-bao-ve-rieng-tu-cua-ban/" "Mozilla/5.0 (Windows NT 10.0; WOW64) AppleWebKit/537.36 (KHTML, like Gecko) coc_coc_browser/56.3.120 Chrome/50.3.2661.120 Safari/537.36"
171.246.97.47 - - [11/Sep/2016:21:07:46 +0700] "GET /wp-content/uploads/2016/01/Lo-hong-bao-mat-45x45.jpg HTTP/1.1" 200 2010 "http://securitydaily.net/cach-an-file-hoac-folder-trong-dien-thoai-va-may-tinh-bang-android-bao-ve-rieng-tu-cua-ban/" "Mozilla/5.0 (Windows NT 10.0; WOW64) AppleWebKit/537.36 (KHTML, like Gecko) coc_coc_browser/56.3.120 Chrome/50.3.2661.120 Safari/537.36"
171.246.97.47 - - [11/Sep/2016:21:07:46 +0700] "GET /wp-content/uploads/2014/08/Monitoring-Response-Centre-45x45.jpg HTTP/1.1" 200 2407 "http://securitydaily.net/cach-an-file-hoac-folder-trong-dien-thoai-va-may-tinh-bang-android-bao-ve-rieng-tu-cua-ban/" "Mozilla/5.0 (Windows NT 10.0; WOW64) AppleWebKit/537.36 (KHTML, like Gecko) coc_coc_browser/56.3.120 Chrome/50.3.2661.120 Safari/537.36"
171.246.97.47 - - [11/Sep/2016:21:07:46 +0700] "GET /wp-content/uploads/2016/04/locky_eng_11-45x45.png HTTP/1.1" 200 2235 "http://securitydaily.net/cach-an-file-hoac-folder-trong-dien-thoai-va-may-tinh-bang-android-bao-ve-rieng-tu-cua-ban/" "Mozilla/5.0 (Windows NT 10.0; WOW64) AppleWebKit/537.36 (KHTML, like Gecko) coc_coc_browser/56.3.120 Chrome/50.3.2661.120 Safari/537.36"
171.246.97.47 - - [11/Sep/2016:21:07:46 +0700] "GET /wp-content/uploads/2015/11/ma-doc-hack-facebook-03-45x45.png HTTP/1.1" 200 2217 "http://securitydaily.net/cach-an-file-hoac-folder-trong-dien-thoai-va-may-tinh-bang-android-bao-ve-rieng-tu-cua-ban/" "Mozilla/5.0 (Windows NT 10.0; WOW64) AppleWebKit/537.36 (KHTML, like Gecko) coc_coc_browser/56.3.120 Chrome/50.3.2661.120 Safari/537.36"
171.246.97.47 - - [11/Sep/2016:21:07:46 +0700] "POST /wp-admin/admin-ajax.php HTTP/1.1" 503 1079 "http://securitydaily.net/cach-an-file-hoac-folder-trong-dien-thoai-va-may-tinh-bang-android-bao-ve-rieng-tu-cua-ban/" "Mozilla/5.0 (Windows NT 10.0; WOW64) AppleWebKit/537.36 (KHTML, like Gecko) coc_coc_browser/56.3.120 Chrome/50.3.2661.120 Safari/537.36"
171.246.97.47 - - [11/Sep/2016:21:07:46 +0700] "GET /wp-content/uploads/wordpress-popular-posts/16582-featured-45x45.png HTTP/1.1" 200 4444 "http://securitydaily.net/cach-an-file-hoac-folder-trong-dien-thoai-va-may-tinh-bang-android-bao-ve-rieng-tu-cua-ban/" "Mozilla/5.0 (Windows NT 10.0; WOW64) AppleWebKit/537.36 (KHTML, like Gecko) coc_coc_browser/56.3.120 Chrome/50.3.2661.120 Safari/537.36"
171.246.97.47 - - [11/Sep/2016:21:07:46 +0700] "GET /wp-content/uploads/wordpress-popular-posts/16637-featured-45x45.png HTTP/1.1" 200 5275 "http://securitydaily.net/cach-an-file-hoac-folder-trong-dien-thoai-va-may-tinh-bang-android-bao-ve-rieng-tu-cua-ban/" "Mozilla/5.0 (Windows NT 10.0; WOW64) AppleWebKit/537.36 (KHTML, like Gecko) coc_coc_browser/56.3.120 Chrome/50.3.2661.120 Safari/537.36"
171.246.97.47 - - [11/Sep/2016:21:07:46 +0700] "GET /wp-content/uploads/wordpress-popular-posts/16612-featured-45x45.png HTTP/1.1" 200 4700 "http://securitydaily.net/cach-an-file-hoac-folder-trong-dien-thoai-va-may-tinh-bang-android-bao-ve-rieng-tu-cua-ban/" "Mozilla/5.0 (Windows NT 10.0; WOW64) AppleWebKit/537.36 (KHTML, like Gecko) coc_coc_browser/56.3.120 Chrome/50.3.2661.120 Safari/537.36"
171.246.97.47 - - [11/Sep/2016:21:07:46 +0700] "GET /wp-content/uploads/wordpress-popular-posts/16634-featured-45x45.png HTTP/1.1" 200 4340 "http://securitydaily.net/cach-an-file-hoac-folder-trong-dien-thoai-va-may-tinh-bang-android-bao-ve-rieng-tu-cua-ban/" "Mozilla/5.0 (Windows NT 10.0; WOW64) AppleWebKit/537.36 (KHTML, like Gecko) coc_coc_browser/56.3.120 Chrome/50.3.2661.120 Safari/537.36"
171.246.97.47 - - [11/Sep/2016:21:07:46 +0700] "GET /wp-content/uploads/wordpress-popular-posts/16575-featured-45x45.png HTTP/1.1" 200 3883 "http://securitydaily.net/cach-an-file-hoac-folder-trong-dien-thoai-va-may-tinh-bang-android-bao-ve-rieng-tu-cua-ban/" "Mozilla/5.0 (Windows NT 10.0; WOW64) AppleWebKit/537.36 (KHTML, like Gecko) coc_coc_browser/56.3.120 Chrome/50.3.2661.120 Safari/537.36"
171.246.97.47 - - [11/Sep/2016:21:07:46 +0700] "GET /wp-content/uploads/wordpress-popular-posts/16593-featured-45x45.png HTTP/1.1" 200 5809 "http://securitydaily.net/cach-an-file-hoac-folder-trong-dien-thoai-va-may-tinh-bang-android-bao-ve-rieng-tu-cua-ban/" "Mozilla/5.0 (Windows NT 10.0; WOW64) AppleWebKit/537.36 (KHTML, like Gecko) coc_coc_browser/56.3.120 Chrome/50.3.2661.120 Safari/537.36"
171.246.97.47 - - [11/Sep/2016:21:07:46 +0700] "GET /wp-content/uploads/wordpress-popular-posts/16625-featured-45x45.png HTTP/1.1" 200 5938 "http://securitydaily.net/cach-an-file-hoac-folder-trong-dien-thoai-va-may-tinh-bang-android-bao-ve-rieng-tu-cua-ban/" "Mozilla/5.0 (Windows NT 10.0; WOW64) AppleWebKit/537.36 (KHTML, like Gecko) coc_coc_browser/56.3.120 Chrome/50.3.2661.120 Safari/537.36"
171.246.97.47 - - [11/Sep/2016:21:07:46 +0700] "GET /wp-content/uploads/wordpress-popular-posts/16607-featured-45x45.png HTTP/1.1" 200 4537 "http://securitydaily.net/cach-an-file-hoac-folder-trong-dien-thoai-va-may-tinh-bang-android-bao-ve-rieng-tu-cua-ban/" "Mozilla/5.0 (Windows NT 10.0; WOW64) AppleWebKit/537.36 (KHTML, like Gecko) coc_coc_browser/56.3.120 Chrome/50.3.2661.120 Safari/537.36"
171.246.97.47 - - [11/Sep/2016:21:07:46 +0700] "GET /wp-content/uploads/wordpress-popular-posts/16601-featured-45x45.png HTTP/1.1" 200 5789 "http://securitydaily.net/cach-an-file-hoac-folder-trong-dien-thoai-va-may-tinh-bang-android-bao-ve-rieng-tu-cua-ban/" "Mozilla/5.0 (Windows NT 10.0; WOW64) AppleWebKit/537.36 (KHTML, like Gecko) coc_coc_browser/56.3.120 Chrome/50.3.2661.120 Safari/537.36"
171.246.97.47 - - [11/Sep/2016:21:07:46 +0700] "GET /wp-content/uploads/wordpress-popular-posts/16640-featured-45x45.png HTTP/1.1" 200 3519 "http://securitydaily.net/cach-an-file-hoac-folder-trong-dien-thoai-va-may-tinh-bang-android-bao-ve-rieng-tu-cua-ban/" "Mozilla/5.0 (Windows NT 10.0; WOW64) AppleWebKit/537.36 (KHTML, like Gecko) coc_coc_browser/56.3.120 Chrome/50.3.2661.120 Safari/537.36"
171.246.97.47 - - [11/Sep/2016:21:07:46 +0700] "GET /wp-content/uploads/2014/08/cisco_patches-45x45.jpg HTTP/1.1" 200 1838 "http://securitydaily.net/cach-an-file-hoac-folder-trong-dien-thoai-va-may-tinh-bang-android-bao-ve-rieng-tu-cua-ban/" "Mozilla/5.0 (Windows NT 10.0; WOW64) AppleWebKit/537.36 (KHTML, like Gecko) coc_coc_browser/56.3.120 Chrome/50.3.2661.120 Safari/537.36"
171.246.97.47 - - [11/Sep/2016:21:07:46 +0700] "GET /wp-content/uploads/2014/03/download-1.jpg HTTP/1.1" 200 8011 "http://securitydaily.net/cach-an-file-hoac-folder-trong-dien-thoai-va-may-tinh-bang-android-bao-ve-rieng-tu-cua-ban/" "Mozilla/5.0 (Windows NT 10.0; WOW64) AppleWebKit/537.36 (KHTML, like Gecko) coc_coc_browser/56.3.120 Chrome/50.3.2661.120 Safari/537.36"
171.246.97.47 - - [11/Sep/2016:21:07:46 +0700] "GET /wp-content/uploads/2016/03/fbi-most-wanted-hackers-45x45.png HTTP/1.1" 200 8234 "http://securitydaily.net/cach-an-file-hoac-folder-trong-dien-thoai-va-may-tinh-bang-android-bao-ve-rieng-tu-cua-ban/" "Mozilla/5.0 (Windows NT 10.0; WOW64) AppleWebKit/537.36 (KHTML, like Gecko) coc_coc_browser/56.3.120 Chrome/50.3.2661.120 Safari/537.36"
171.246.97.47 - - [11/Sep/2016:21:07:46 +0700] "GET /wp-content/uploads/2016/03/hack-system-integrity-protection-45x45.png HTTP/1.1" 200 8531 "http://securitydaily.net/cach-an-file-hoac-folder-trong-dien-thoai-va-may-tinh-bang-android-bao-ve-rieng-tu-cua-ban/" "Mozilla/5.0 (Windows NT 10.0; WOW64) AppleWebKit/537.36 (KHTML, like Gecko) coc_coc_browser/56.3.120 Chrome/50.3.2661.120 Safari/537.36"
171.246.97.47 - - [11/Sep/2016:21:07:46 +0700] "GET /wp-content/uploads/2016/03/most-wanted-syrian-electronic-army-45x45.png HTTP/1.1" 200 7918 "http://securitydaily.net/cach-an-file-hoac-folder-trong-dien-thoai-va-may-tinh-bang-android-bao-ve-rieng-tu-cua-ban/" "Mozilla/5.0 (Windows NT 10.0; WOW64) AppleWebKit/537.36 (KHTML, like Gecko) coc_coc_browser/56.3.120 Chrome/50.3.2661.120 Safari/537.36"
171.246.97.47 - - [11/Sep/2016:21:07:46 +0700] "GET /wp-content/themes/chientq/font-awesome/fonts/fontawesome-webfont.woff?v=4.1.0 HTTP/1.1" 200 84023 "http://securitydaily.net/wp-content/themes/chientq/font-awesome/css/font-awesome.min.css" "Mozilla/5.0 (Windows NT 10.0; WOW64) AppleWebKit/537.36 (KHTML, like Gecko) coc_coc_browser/56.3.120 Chrome/50.3.2661.120 Safari/537.36"
171.246.97.47 - - [11/Sep/2016:21:07:46 +0700] "GET /wp-content/uploads/2016/03/badlock-45x45.png HTTP/1.1" 200 4777 "http://securitydaily.net/cach-an-file-hoac-folder-trong-dien-thoai-va-may-tinh-bang-android-bao-ve-rieng-tu-cua-ban/" "Mozilla/5.0 (Windows NT 10.0; WOW64) AppleWebKit/537.36 (KHTML, like Gecko) coc_coc_browser/56.3.120 Chrome/50.3.2661.120 Safari/537.36"
171.246.97.47 - - [11/Sep/2016:21:07:46 +0700] "GET /wp-content/uploads/2015/11/isis-hacker-700x563.jpg HTTP/1.1" 200 103375 "http://securitydaily.net/cach-an-file-hoac-folder-trong-dien-thoai-va-may-tinh-bang-android-bao-ve-rieng-tu-cua-ban/" "Mozilla/5.0 (Windows NT 10.0; WOW64) AppleWebKit/537.36 (KHTML, like Gecko) coc_coc_browser/56.3.120 Chrome/50.3.2661.120 Safari/537.36"
171.246.97.47 - - [11/Sep/2016:21:07:45 +0700] "GET /wp-content/uploads/2016/03/chinh-phu-dien-tu--700x709.png HTTP/1.1" 200 172890 "http://securitydaily.net/cach-an-file-hoac-folder-trong-dien-thoai-va-may-tinh-bang-android-bao-ve-rieng-tu-cua-ban/" "Mozilla/5.0 (Windows NT 10.0; WOW64) AppleWebKit/537.36 (KHTML, like Gecko) coc_coc_browser/56.3.120 Chrome/50.3.2661.120 Safari/537.36"
171.246.97.47 - - [11/Sep/2016:21:07:46 +0700] "GET /wp-content/uploads/2014/12/screenshot-11.png HTTP/1.1" 200 126614 "http://securitydaily.net/cach-an-file-hoac-folder-trong-dien-thoai-va-may-tinh-bang-android-bao-ve-rieng-tu-cua-ban/" "Mozilla/5.0 (Windows NT 10.0; WOW64) AppleWebKit/537.36 (KHTML, like Gecko) coc_coc_browser/56.3.120 Chrome/50.3.2661.120 Safari/537.36"
52.3.105.23 - - [11/Sep/2016:21:07:48 +0700] "GET /robots.txt HTTP/1.1" 200 403 "-" "ltx71 - (http://ltx71.com/)"
85.143.213.194 - - [11/Sep/2016:21:07:50 +0700] "POST /xmlrpc.php HTTP/1.0" 503 1079 "-" "Mozilla/4.0 (compatible: MSIE 7.0; Windows NT 6.0)"
85.143.213.194 - - [11/Sep/2016:21:07:50 +0700] "POST /xmlrpc.php HTTP/1.0" 503 1079 "-" "Mozilla/4.0 (compatible: MSIE 7.0; Windows NT 6.0)"
171.246.97.47 - - [11/Sep/2016:21:07:51 +0700] "GET /wp-content/themes/chientq/favicon.ico HTTP/1.1" 200 17248 "http://securitydaily.net/cach-an-file-hoac-folder-trong-dien-thoai-va-may-tinh-bang-android-bao-ve-rieng-tu-cua-ban/" "Mozilla/5.0 (Windows NT 10.0; WOW64) AppleWebKit/537.36 (KHTML, like Gecko) coc_coc_browser/56.3.120 Chrome/50.3.2661.120 Safari/537.36"
127.0.0.1 - - [11/Sep/2016:21:07:51 +0700] "OPTIONS * HTTP/1.0" 200 126 "-" "Apache/2.4.12 (Ubuntu) (internal dummy connection)"
85.143.213.194 - - [11/Sep/2016:21:07:55 +0700] "POST /xmlrpc.php HTTP/1.0" 503 1079 "-" "Mozilla/4.0 (compatible: MSIE 7.0; Windows NT 6.0)"
85.143.213.194 - - [11/Sep/2016:21:07:55 +0700] "POST /xmlrpc.php HTTP/1.0" 503 1079 "-" "Mozilla/4.0 (compatible: MSIE 7.0; Windows NT 6.0)"
66.249.71.21 - - [11/Sep/2016:21:07:57 +0700] "GET /tan-cong-co-che-access-token-cua-facebook-su-dung-ky-thuat-man-in-the-middle/ HTTP/1.1" 503 1079 "-" "SAMSUNG-SGH-E250/1.0 Profile/MIDP-2.0 Configuration/CLDC-1.1 UP.Browser/6.2.3.3.c.1.101 (GUI) MMP/2.0 (compatible; Googlebot-Mobile/2.1; +http://www.google.com/bot.html)"
127.0.0.1 - - [11/Sep/2016:21:07:58 +0700] "OPTIONS * HTTP/1.0" 200 126 "-" "Apache/2.4.12 (Ubuntu) (internal dummy connection)"
85.143.213.194 - - [11/Sep/2016:21:07:59 +0700] "POST /xmlrpc.php HTTP/1.0" 503 1079 "-" "Mozilla/4.0 (compatible: MSIE 7.0; Windows NT 6.0)"
85.143.213.194 - - [11/Sep/2016:21:08:00 +0700] "POST /xmlrpc.php HTTP/1.0" 503 1079 "-" "Mozilla/4.0 (compatible: MSIE 7.0; Windows NT 6.0)"
85.143.213.194 - - [11/Sep/2016:21:08:04 +0700] "POST /xmlrpc.php HTTP/1.0" 503 1079 "-" "Mozilla/4.0 (compatible: MSIE 7.0; Windows NT 6.0)"
85.143.213.194 - - [11/Sep/2016:21:08:04 +0700] "POST /xmlrpc.php HTTP/1.0" 503 1079 "-" "Mozilla/4.0 (compatible: MSIE 7.0; Windows NT 6.0)"
123.30.242.11 - - [11/Sep/2016:21:08:09 +0700] "GET / HTTP/1.1" 200 93765 "-" "Mozilla/5.0 (Windows NT 6.1; WOW64) AppleWebKit/537.36 (KHTML, like Gecko) Chrome/43.0.2357.130 Safari/537.36"
85.143.213.194 - - [11/Sep/2016:21:08:09 +0700] "POST /xmlrpc.php HTTP/1.0" 503 1079 "-" "Mozilla/4.0 (compatible: MSIE 7.0; Windows NT 6.0)"
85.143.213.194 - - [11/Sep/2016:21:08:09 +0700] "POST /xmlrpc.php HTTP/1.0" 503 1079 "-" "Mozilla/4.0 (compatible: MSIE 7.0; Windows NT 6.0)"
14.169.41.132 - - [11/Sep/2016:21:08:13 +0700] "GET /khai-thac-cookie-trinh-duyet-de-bypass-https-va-danh-cap-thong-tin-rieng-tu/ HTTP/1.1" 503 1079 "https://www.google.com.vn/" "Mozilla/5.0 (Windows NT 6.1) AppleWebKit/537.36 (KHTML, like Gecko) coc_coc_browser/56.3.120 Chrome/50.3.2661.120 Safari/537.36"
66.249.71.21 - - [11/Sep/2016:21:08:13 +0700] "GET /cong-cu-kiem-tra-dia-chi-gmail-nguoi-dung-viet-nam-bi-ro-ri/?fb_comment_id=785553408153753_785570208152073 HTTP/1.1" 503 1079 "-" "Mozilla/5.0 (compatible; Googlebot/2.1; +http://www.google.com/bot.html)"
85.143.213.194 - - [11/Sep/2016:21:08:14 +0700] "POST /xmlrpc.php HTTP/1.0" 503 1079 "-" "Mozilla/4.0 (compatible: MSIE 7.0; Windows NT 6.0)"
85.143.213.194 - - [11/Sep/2016:21:08:14 +0700] "POST /xmlrpc.php HTTP/1.0" 503 1079 "-" "Mozilla/4.0 (compatible: MSIE 7.0; Windows NT 6.0)"
14.169.41.132 - - [11/Sep/2016:21:08:14 +0700] "GET /wp-content/images/hole.jpg HTTP/1.1" 503 1079 "http://securitydaily.net/khai-thac-cookie-trinh-duyet-de-bypass-https-va-danh-cap-thong-tin-rieng-tu/" "Mozilla/5.0 (Windows NT 6.1) AppleWebKit/537.36 (KHTML, like Gecko) coc_coc_browser/56.3.120 Chrome/50.3.2661.120 Safari/537.36"
52.3.105.23 - - [11/Sep/2016:21:08:15 +0700] "GET /canh-bao-trojan-danh-cap-du-lieu-vo-hinh-thong-qua-usb/ HTTP/1.1" 503 1079 "-" "ltx71 - (http://ltx71.com/)"
14.169.41.132 - - [11/Sep/2016:21:08:16 +0700] "GET /favicon.ico HTTP/1.1" 200 203 "http://securitydaily.net/khai-thac-cookie-trinh-duyet-de-bypass-https-va-danh-cap-thong-tin-rieng-tu/" "Mozilla/5.0 (Windows NT 6.1) AppleWebKit/537.36 (KHTML, like Gecko) coc_coc_browser/56.3.120 Chrome/50.3.2661.120 Safari/537.36"
85.143.213.194 - - [11/Sep/2016:21:08:18 +0700] "POST /xmlrpc.php HTTP/1.0" 503 1079 "-" "Mozilla/4.0 (compatible: MSIE 7.0; Windows NT 6.0)"
85.143.213.194 - - [11/Sep/2016:21:08:19 +0700] "POST /xmlrpc.php HTTP/1.0" 503 1079 "-" "Mozilla/4.0 (compatible: MSIE 7.0; Windows NT 6.0)"
85.143.213.194 - - [11/Sep/2016:21:08:23 +0700] "POST /xmlrpc.php HTTP/1.0" 503 1079 "-" "Mozilla/4.0 (compatible: MSIE 7.0; Windows NT 6.0)"
85.143.213.194 - - [11/Sep/2016:21:08:23 +0700] "POST /xmlrpc.php HTTP/1.0" 503 1079 "-" "Mozilla/4.0 (compatible: MSIE 7.0; Windows NT 6.0)"
85.143.213.194 - - [11/Sep/2016:21:08:28 +0700] "POST /xmlrpc.php HTTP/1.0" 503 1079 "-" "Mozilla/4.0 (compatible: MSIE 7.0; Windows NT 6.0)"
85.143.213.194 - - [11/Sep/2016:21:08:28 +0700] "POST /xmlrpc.php HTTP/1.0" 503 1079 "-" "Mozilla/4.0 (compatible: MSIE 7.0; Windows NT 6.0)"
14.166.69.255 - - [11/Sep/2016:21:08:32 +0700] "GET /huong-dan-giai-ma-petya-ransomware-mien-phi/ HTTP/1.1" 200 15986 "https://www.facebook.com/" "Mozilla/5.0 (Windows NT 6.1; WOW64) AppleWebKit/537.36 (KHTML, like Gecko) coc_coc_browser/56.3.120 Chrome/50.3.2661.120 Safari/537.36"
14.166.69.255 - - [11/Sep/2016:21:08:32 +0700] "GET /wp-content/themes/chientq/css/bootstrap.min.css HTTP/1.1" 200 16407 "http://securitydaily.net/huong-dan-giai-ma-petya-ransomware-mien-phi/" "Mozilla/5.0 (Windows NT 6.1; WOW64) AppleWebKit/537.36 (KHTML, like Gecko) coc_coc_browser/56.3.120 Chrome/50.3.2661.120 Safari/537.36"
14.166.69.255 - - [11/Sep/2016:21:08:32 +0700] "GET /wp-content/themes/chientq/css/font-awesome.min.css HTTP/1.1" 200 4723 "http://securitydaily.net/huong-dan-giai-ma-petya-ransomware-mien-phi/" "Mozilla/5.0 (Windows NT 6.1; WOW64) AppleWebKit/537.36 (KHTML, like Gecko) coc_coc_browser/56.3.120 Chrome/50.3.2661.120 Safari/537.36"
14.166.69.255 - - [11/Sep/2016:21:08:32 +0700] "GET /wp-content/themes/chientq/css/main.css HTTP/1.1" 200 3037 "http://securitydaily.net/huong-dan-giai-ma-petya-ransomware-mien-phi/" "Mozilla/5.0 (Windows NT 6.1; WOW64) AppleWebKit/537.36 (KHTML, like Gecko) coc_coc_browser/56.3.120 Chrome/50.3.2661.120 Safari/537.36"
14.166.69.255 - - [11/Sep/2016:21:08:32 +0700] "GET /wp-content/themes/chientq/css/prettyPhoto.css HTTP/1.1" 200 3107 "http://securitydaily.net/huong-dan-giai-ma-petya-ransomware-mien-phi/" "Mozilla/5.0 (Windows NT 6.1; WOW64) AppleWebKit/537.36 (KHTML, like Gecko) coc_coc_browser/56.3.120 Chrome/50.3.2661.120 Safari/537.36"
14.166.69.255 - - [11/Sep/2016:21:08:32 +0700] "GET /wp-content/plugins/yet-another-related-posts-plugin/style/widget.css?ver=4.6 HTTP/1.1" 200 720 "http://securitydaily.net/huong-dan-giai-ma-petya-ransomware-mien-phi/" "Mozilla/5.0 (Windows NT 6.1; WOW64) AppleWebKit/537.36 (KHTML, like Gecko) coc_coc_browser/56.3.120 Chrome/50.3.2661.120 Safari/537.36"
14.166.69.255 - - [11/Sep/2016:21:08:32 +0700] "GET /wp-content/themes/chientq/css/styles.css HTTP/1.1" 200 1974 "http://securitydaily.net/huong-dan-giai-ma-petya-ransomware-mien-phi/" "Mozilla/5.0 (Windows NT 6.1; WOW64) AppleWebKit/537.36 (KHTML, like Gecko) coc_coc_browser/56.3.120 Chrome/50.3.2661.120 Safari/537.36"
14.166.69.255 - - [11/Sep/2016:21:08:32 +0700] "GET /wp-content/themes/chientq/font-awesome/css/font-awesome.min.css HTTP/1.1" 200 5033 "http://securitydaily.net/huong-dan-giai-ma-petya-ransomware-mien-phi/" "Mozilla/5.0 (Windows NT 6.1; WOW64) AppleWebKit/537.36 (KHTML, like Gecko) coc_coc_browser/56.3.120 Chrome/50.3.2661.120 Safari/537.36"
14.166.69.255 - - [11/Sep/2016:21:08:32 +0700] "GET /wp-content/plugins/custom-about-author/cab-style.css?ver=4.6 HTTP/1.1" 200 912 "http://securitydaily.net/huong-dan-giai-ma-petya-ransomware-mien-phi/" "Mozilla/5.0 (Windows NT 6.1; WOW64) AppleWebKit/537.36 (KHTML, like Gecko) coc_coc_browser/56.3.120 Chrome/50.3.2661.120 Safari/537.36"
14.166.69.255 - - [11/Sep/2016:21:08:32 +0700] "GET /wp-content/plugins/organize-series/orgSeries.css?ver=4.6 HTTP/1.1" 200 1503 "http://securitydaily.net/huong-dan-giai-ma-petya-ransomware-mien-phi/" "Mozilla/5.0 (Windows NT 6.1; WOW64) AppleWebKit/537.36 (KHTML, like Gecko) coc_coc_browser/56.3.120 Chrome/50.3.2661.120 Safari/537.36"
14.166.69.255 - - [11/Sep/2016:21:08:32 +0700] "GET /wp-content/plugins/responsive-lightbox/assets/prettyphoto/css/prettyPhoto.css?ver=1.6.9 HTTP/1.1" 200 3119 "http://securitydaily.net/huong-dan-giai-ma-petya-ransomware-mien-phi/" "Mozilla/5.0 (Windows NT 6.1; WOW64) AppleWebKit/537.36 (KHTML, like Gecko) coc_coc_browser/56.3.120 Chrome/50.3.2661.120 Safari/537.36"
14.166.69.255 - - [11/Sep/2016:21:08:32 +0700] "GET /wp-content/plugins/display-authors-widget/css/display-authors-widget.css?ver=20141604 HTTP/1.1" 200 530 "http://securitydaily.net/huong-dan-giai-ma-petya-ransomware-mien-phi/" "Mozilla/5.0 (Windows NT 6.1; WOW64) AppleWebKit/537.36 (KHTML, like Gecko) coc_coc_browser/56.3.120 Chrome/50.3.2661.120 Safari/537.36"
14.166.69.255 - - [11/Sep/2016:21:08:32 +0700] "GET /wp-content/plugins/wordpress-popular-posts/style/wpp.css?ver=3.3.4 HTTP/1.1" 200 856 "http://securitydaily.net/huong-dan-giai-ma-petya-ransomware-mien-phi/" "Mozilla/5.0 (Windows NT 6.1; WOW64) AppleWebKit/537.36 (KHTML, like Gecko) coc_coc_browser/56.3.120 Chrome/50.3.2661.120 Safari/537.36"
14.166.69.255 - - [11/Sep/2016:21:08:32 +0700] "GET /wp-content/plugins/yet-another-related-posts-plugin/includes/styles_thumbnails.css.php?width=120&height=120&ver=4.3.1 HTTP/1.1" 200 556 "http://securitydaily.net/huong-dan-giai-ma-petya-ransomware-mien-phi/" "Mozilla/5.0 (Windows NT 6.1; WOW64) AppleWebKit/537.36 (KHTML, like Gecko) coc_coc_browser/56.3.120 Chrome/50.3.2661.120 Safari/537.36"
14.166.69.255 - - [11/Sep/2016:21:08:32 +0700] "GET /wp-content/plugins/yet-another-related-posts-plugin/style/related.css?ver=4.6 HTTP/1.1" 200 657 "http://securitydaily.net/huong-dan-giai-ma-petya-ransomware-mien-phi/" "Mozilla/5.0 (Windows NT 6.1; WOW64) AppleWebKit/537.36 (KHTML, like Gecko) coc_coc_browser/56.3.120 Chrome/50.3.2661.120 Safari/537.36"
14.166.69.255 - - [11/Sep/2016:21:08:32 +0700] "GET /wp-includes/js/jquery/jquery-migrate.min.js?ver=1.4.1 HTTP/1.1" 200 4365 "http://securitydaily.net/huong-dan-giai-ma-petya-ransomware-mien-phi/" "Mozilla/5.0 (Windows NT 6.1; WOW64) AppleWebKit/537.36 (KHTML, like Gecko) coc_coc_browser/56.3.120 Chrome/50.3.2661.120 Safari/537.36"
14.166.69.255 - - [11/Sep/2016:21:08:32 +0700] "GET /wp-content/plugins/youtube-embed-plus/styles/ytprefs.min.css?ver=4.6 HTTP/1.1" 200 1848 "http://securitydaily.net/huong-dan-giai-ma-petya-ransomware-mien-phi/" "Mozilla/5.0 (Windows NT 6.1; WOW64) AppleWebKit/537.36 (KHTML, like Gecko) coc_coc_browser/56.3.120 Chrome/50.3.2661.120 Safari/537.36"
14.166.69.255 - - [11/Sep/2016:21:08:32 +0700] "GET /wp-content/plugins/jetpack/css/jetpack.css?ver=4.2.2 HTTP/1.1" 200 10463 "http://securitydaily.net/huong-dan-giai-ma-petya-ransomware-mien-phi/" "Mozilla/5.0 (Windows NT 6.1; WOW64) AppleWebKit/537.36 (KHTML, like Gecko) coc_coc_browser/56.3.120 Chrome/50.3.2661.120 Safari/537.36"
14.166.69.255 - - [11/Sep/2016:21:08:32 +0700] "GET /wp-content/plugins/responsive-lightbox/assets/prettyphoto/js/jquery.prettyPhoto.js?ver=1.6.9 HTTP/1.1" 200 10216 "http://securitydaily.net/huong-dan-giai-ma-petya-ransomware-mien-phi/" "Mozilla/5.0 (Windows NT 6.1; WOW64) AppleWebKit/537.36 (KHTML, like Gecko) coc_coc_browser/56.3.120 Chrome/50.3.2661.120 Safari/537.36"
14.166.69.255 - - [11/Sep/2016:21:08:32 +0700] "GET /wp-content/plugins/responsive-lightbox/js/front.js?ver=1.6.9 HTTP/1.1" 200 3925 "http://securitydaily.net/huong-dan-giai-ma-petya-ransomware-mien-phi/" "Mozilla/5.0 (Windows NT 6.1; WOW64) AppleWebKit/537.36 (KHTML, like Gecko) coc_coc_browser/56.3.120 Chrome/50.3.2661.120 Safari/537.36"
14.166.69.255 - - [11/Sep/2016:21:08:32 +0700] "GET /wp-content/plugins/youtube-embed-plus/scripts/ytprefs.min.js?ver=4.6 HTTP/1.1" 200 3141 "http://securitydaily.net/huong-dan-giai-ma-petya-ransomware-mien-phi/" "Mozilla/5.0 (Windows NT 6.1; WOW64) AppleWebKit/537.36 (KHTML, like Gecko) coc_coc_browser/56.3.120 Chrome/50.3.2661.120 Safari/537.36"
14.166.69.255 - - [11/Sep/2016:21:08:32 +0700] "GET /wp-content/plugins/jetpack/modules/wpgroho.js?ver=4.6 HTTP/1.1" 200 838 "http://securitydaily.net/huong-dan-giai-ma-petya-ransomware-mien-phi/" "Mozilla/5.0 (Windows NT 6.1; WOW64) AppleWebKit/537.36 (KHTML, like Gecko) coc_coc_browser/56.3.120 Chrome/50.3.2661.120 Safari/537.36"
14.166.69.255 - - [11/Sep/2016:21:08:32 +0700] "GET /wp-includes/js/jquery/jquery.js?ver=1.12.4 HTTP/1.1" 200 34119 "http://securitydaily.net/huong-dan-giai-ma-petya-ransomware-mien-phi/" "Mozilla/5.0 (Windows NT 6.1; WOW64) AppleWebKit/537.36 (KHTML, like Gecko) coc_coc_browser/56.3.120 Chrome/50.3.2661.120 Safari/537.36"
14.166.69.255 - - [11/Sep/2016:21:08:32 +0700] "GET /wp-content/plugins/youtube-embed-plus/scripts/fitvids.min.js?ver=4.6 HTTP/1.1" 200 1155 "http://securitydaily.net/huong-dan-giai-ma-petya-ransomware-mien-phi/" "Mozilla/5.0 (Windows NT 6.1; WOW64) AppleWebKit/537.36 (KHTML, like Gecko) coc_coc_browser/56.3.120 Chrome/50.3.2661.120 Safari/537.36"
14.166.69.255 - - [11/Sep/2016:21:08:32 +0700] "GET /wp-includes/js/wp-embed.min.js?ver=4.6 HTTP/1.1" 200 1099 "http://securitydaily.net/huong-dan-giai-ma-petya-ransomware-mien-phi/" "Mozilla/5.0 (Windows NT 6.1; WOW64) AppleWebKit/537.36 (KHTML, like Gecko) coc_coc_browser/56.3.120 Chrome/50.3.2661.120 Safari/537.36"
14.166.69.255 - - [11/Sep/2016:21:08:32 +0700] "GET /wp-content/themes/chientq/js/tq.js HTTP/1.1" 200 437 "http://securitydaily.net/huong-dan-giai-ma-petya-ransomware-mien-phi/" "Mozilla/5.0 (Windows NT 6.1; WOW64) AppleWebKit/537.36 (KHTML, like Gecko) coc_coc_browser/56.3.120 Chrome/50.3.2661.120 Safari/537.36"
14.166.69.255 - - [11/Sep/2016:21:08:32 +0700] "GET /wp-content/themes/chientq/js/bootstrap.min.js HTTP/1.1" 200 7603 "http://securitydaily.net/huong-dan-giai-ma-petya-ransomware-mien-phi/" "Mozilla/5.0 (Windows NT 6.1; WOW64) AppleWebKit/537.36 (KHTML, like Gecko) coc_coc_browser/56.3.120 Chrome/50.3.2661.120 Safari/537.36"
14.166.69.255 - - [11/Sep/2016:21:08:32 +0700] "GET /wp-content/themes/chientq/js/jquery.isotope.min.js HTTP/1.1" 200 5408 "http://securitydaily.net/huong-dan-giai-ma-petya-ransomware-mien-phi/" "Mozilla/5.0 (Windows NT 6.1; WOW64) AppleWebKit/537.36 (KHTML, like Gecko) coc_coc_browser/56.3.120 Chrome/50.3.2661.120 Safari/537.36"
14.166.69.255 - - [11/Sep/2016:21:08:32 +0700] "GET /wp-content/themes/chientq/js/jquery.prettyPhoto.js HTTP/1.1" 200 6367 "http://securitydaily.net/huong-dan-giai-ma-petya-ransomware-mien-phi/" "Mozilla/5.0 (Windows NT 6.1; WOW64) AppleWebKit/537.36 (KHTML, like Gecko) coc_coc_browser/56.3.120 Chrome/50.3.2661.120 Safari/537.36"
14.166.69.255 - - [11/Sep/2016:21:08:32 +0700] "GET /wp-content/themes/chientq/js/main.js HTTP/1.1" 200 965 "http://securitydaily.net/huong-dan-giai-ma-petya-ransomware-mien-phi/" "Mozilla/5.0 (Windows NT 6.1; WOW64) AppleWebKit/537.36 (KHTML, like Gecko) coc_coc_browser/56.3.120 Chrome/50.3.2661.120 Safari/537.36"
14.166.69.255 - - [11/Sep/2016:21:08:32 +0700] "GET /wp-content/uploads/2016/04/petya-sector-extractor.png HTTP/1.1" 200 29328 "http://securitydaily.net/huong-dan-giai-ma-petya-ransomware-mien-phi/" "Mozilla/5.0 (Windows NT 6.1; WOW64) AppleWebKit/537.36 (KHTML, like Gecko) coc_coc_browser/56.3.120 Chrome/50.3.2661.120 Safari/537.36"
14.166.69.255 - - [11/Sep/2016:21:08:32 +0700] "GET /wp-content/themes/chientq/js/jquery.js HTTP/1.1" 200 33153 "http://securitydaily.net/huong-dan-giai-ma-petya-ransomware-mien-phi/" "Mozilla/5.0 (Windows NT 6.1; WOW64) AppleWebKit/537.36 (KHTML, like Gecko) coc_coc_browser/56.3.120 Chrome/50.3.2661.120 Safari/537.36"
14.166.69.255 - - [11/Sep/2016:21:08:32 +0700] "GET /wp-includes/js/wp-emoji-release.min.js?ver=4.6 HTTP/1.1" 200 4363 "http://securitydaily.net/huong-dan-giai-ma-petya-ransomware-mien-phi/" "Mozilla/5.0 (Windows NT 6.1; WOW64) AppleWebKit/537.36 (KHTML, like Gecko) coc_coc_browser/56.3.120 Chrome/50.3.2661.120 Safari/537.36"
14.166.69.255 - - [11/Sep/2016:21:08:32 +0700] "POST /wp-admin/admin-ajax.php HTTP/1.1" 503 1079 "http://securitydaily.net/huong-dan-giai-ma-petya-ransomware-mien-phi/" "Mozilla/5.0 (Windows NT 6.1; WOW64) AppleWebKit/537.36 (KHTML, like Gecko) coc_coc_browser/56.3.120 Chrome/50.3.2661.120 Safari/537.36"
14.166.69.255 - - [11/Sep/2016:21:08:32 +0700] "GET /wp-content/uploads/2016/03/banner.png HTTP/1.1" 200 19025 "http://securitydaily.net/huong-dan-giai-ma-petya-ransomware-mien-phi/" "Mozilla/5.0 (Windows NT 6.1; WOW64) AppleWebKit/537.36 (KHTML, like Gecko) coc_coc_browser/56.3.120 Chrome/50.3.2661.120 Safari/537.36"
14.166.69.255 - - [11/Sep/2016:21:08:32 +0700] "GET /wp-content/uploads/2016/04/decrypting-700x389.png HTTP/1.1" 200 47833 "http://securitydaily.net/huong-dan-giai-ma-petya-ransomware-mien-phi/" "Mozilla/5.0 (Windows NT 6.1; WOW64) AppleWebKit/537.36 (KHTML, like Gecko) coc_coc_browser/56.3.120 Chrome/50.3.2661.120 Safari/537.36"
14.166.69.255 - - [11/Sep/2016:21:08:33 +0700] "GET /wp-content/uploads/2016/03/bao-mat-thu-dien-tu.png HTTP/1.1" 200 18826 "http://securitydaily.net/huong-dan-giai-ma-petya-ransomware-mien-phi/" "Mozilla/5.0 (Windows NT 6.1; WOW64) AppleWebKit/537.36 (KHTML, like Gecko) coc_coc_browser/56.3.120 Chrome/50.3.2661.120 Safari/537.36"
85.143.213.194 - - [11/Sep/2016:21:08:33 +0700] "POST /xmlrpc.php HTTP/1.0" 503 1079 "-" "Mozilla/4.0 (compatible: MSIE 7.0; Windows NT 6.0)"
103.199.76.4 - - [11/Sep/2016:21:08:33 +0700] "GET /wp-content/uploads/2016/07/sinhvienit-xss-csrf-exploit-45x45.png HTTP/1.1" 304 181 "-" "Mozilla/4.0 (compatible;)"
85.143.213.194 - - [11/Sep/2016:21:08:33 +0700] "POST /xmlrpc.php HTTP/1.0" 503 1079 "-" "Mozilla/4.0 (compatible: MSIE 7.0; Windows NT 6.0)"
14.166.69.255 - - [11/Sep/2016:21:08:32 +0700] "GET /wp-content/uploads/2016/04/petya-decryption-key-found-700x527.png HTTP/1.1" 200 122891 "http://securitydaily.net/huong-dan-giai-ma-petya-ransomware-mien-phi/" "Mozilla/5.0 (Windows NT 6.1; WOW64) AppleWebKit/537.36 (KHTML, like Gecko) coc_coc_browser/56.3.120 Chrome/50.3.2661.120 Safari/537.36"
14.166.69.255 - - [11/Sep/2016:21:08:33 +0700] "GET /wp-content/themes/chientq/font-awesome/fonts/fontawesome-webfont.woff?v=4.1.0 HTTP/1.1" 200 84023 "http://securitydaily.net/wp-content/themes/chientq/font-awesome/css/font-awesome.min.css" "Mozilla/5.0 (Windows NT 6.1; WOW64) AppleWebKit/537.36 (KHTML, like Gecko) coc_coc_browser/56.3.120 Chrome/50.3.2661.120 Safari/537.36"
14.166.69.255 - - [11/Sep/2016:21:08:33 +0700] "GET /wp-content/uploads/2015/12/tintac.jpg HTTP/1.1" 200 36958 "http://securitydaily.net/huong-dan-giai-ma-petya-ransomware-mien-phi/" "Mozilla/5.0 (Windows NT 6.1; WOW64) AppleWebKit/537.36 (KHTML, like Gecko) coc_coc_browser/56.3.120 Chrome/50.3.2661.120 Safari/537.36"
14.166.69.255 - - [11/Sep/2016:21:08:33 +0700] "GET /wp-content/uploads/2014/03/SQL-Injection-Attack1.jpg HTTP/1.1" 200 27051 "http://securitydaily.net/huong-dan-giai-ma-petya-ransomware-mien-phi/" "Mozilla/5.0 (Windows NT 6.1; WOW64) AppleWebKit/537.36 (KHTML, like Gecko) coc_coc_browser/56.3.120 Chrome/50.3.2661.120 Safari/537.36"
14.166.69.255 - - [11/Sep/2016:21:08:32 +0700] "GET /wp-content/uploads/2016/04/required-info-700x719.png HTTP/1.1" 200 189417 "http://securitydaily.net/huong-dan-giai-ma-petya-ransomware-mien-phi/" "Mozilla/5.0 (Windows NT 6.1; WOW64) AppleWebKit/537.36 (KHTML, like Gecko) coc_coc_browser/56.3.120 Chrome/50.3.2661.120 Safari/537.36"
14.166.69.255 - - [11/Sep/2016:21:08:33 +0700] "GET /wp-content/uploads/2015/03/ddosattack.jpg HTTP/1.1" 200 35333 "http://securitydaily.net/huong-dan-giai-ma-petya-ransomware-mien-phi/" "Mozilla/5.0 (Windows NT 6.1; WOW64) AppleWebKit/537.36 (KHTML, like Gecko) coc_coc_browser/56.3.120 Chrome/50.3.2661.120 Safari/537.36"
14.166.69.255 - - [11/Sep/2016:21:08:33 +0700] "GET /wp-content/uploads/2014/05/11084681.jpg HTTP/1.1" 200 99378 "http://securitydaily.net/huong-dan-giai-ma-petya-ransomware-mien-phi/" "Mozilla/5.0 (Windows NT 6.1; WOW64) AppleWebKit/537.36 (KHTML, like Gecko) coc_coc_browser/56.3.120 Chrome/50.3.2661.120 Safari/537.36"
14.166.69.255 - - [11/Sep/2016:21:08:34 +0700] "GET /wp-content/uploads/2016/07/sinhvienit-xss-csrf-exploit-45x45.png HTTP/1.1" 200 2171 "http://securitydaily.net/huong-dan-giai-ma-petya-ransomware-mien-phi/" "Mozilla/5.0 (Windows NT 6.1; WOW64) AppleWebKit/537.36 (KHTML, like Gecko) coc_coc_browser/56.3.120 Chrome/50.3.2661.120 Safari/537.36"
14.166.69.255 - - [11/Sep/2016:21:08:34 +0700] "GET /wp-content/uploads/2016/04/locky_eng_11-45x45.png HTTP/1.1" 200 2235 "http://securitydaily.net/huong-dan-giai-ma-petya-ransomware-mien-phi/" "Mozilla/5.0 (Windows NT 6.1; WOW64) AppleWebKit/537.36 (KHTML, like Gecko) coc_coc_browser/56.3.120 Chrome/50.3.2661.120 Safari/537.36"
14.166.69.255 - - [11/Sep/2016:21:08:34 +0700] "GET /wp-content/uploads/2014/08/Monitoring-Response-Centre-45x45.jpg HTTP/1.1" 200 2407 "http://securitydaily.net/huong-dan-giai-ma-petya-ransomware-mien-phi/" "Mozilla/5.0 (Windows NT 6.1; WOW64) AppleWebKit/537.36 (KHTML, like Gecko) coc_coc_browser/56.3.120 Chrome/50.3.2661.120 Safari/537.36"
14.166.69.255 - - [11/Sep/2016:21:08:34 +0700] "GET /wp-content/uploads/2016/01/Lo-hong-bao-mat-45x45.jpg HTTP/1.1" 200 2010 "http://securitydaily.net/huong-dan-giai-ma-petya-ransomware-mien-phi/" "Mozilla/5.0 (Windows NT 6.1; WOW64) AppleWebKit/537.36 (KHTML, like Gecko) coc_coc_browser/56.3.120 Chrome/50.3.2661.120 Safari/537.36"
14.166.69.255 - - [11/Sep/2016:21:08:34 +0700] "GET /wp-content/uploads/2015/11/ma-doc-hack-facebook-03-45x45.png HTTP/1.1" 200 2217 "http://securitydaily.net/huong-dan-giai-ma-petya-ransomware-mien-phi/" "Mozilla/5.0 (Windows NT 6.1; WOW64) AppleWebKit/537.36 (KHTML, like Gecko) coc_coc_browser/56.3.120 Chrome/50.3.2661.120 Safari/537.36"
14.166.69.255 - - [11/Sep/2016:21:08:34 +0700] "GET /wp-content/uploads/wordpress-popular-posts/16582-featured-45x45.png HTTP/1.1" 200 4444 "http://securitydaily.net/huong-dan-giai-ma-petya-ransomware-mien-phi/" "Mozilla/5.0 (Windows NT 6.1; WOW64) AppleWebKit/537.36 (KHTML, like Gecko) coc_coc_browser/56.3.120 Chrome/50.3.2661.120 Safari/537.36"
14.166.69.255 - - [11/Sep/2016:21:08:34 +0700] "GET /wp-content/uploads/wordpress-popular-posts/16612-featured-45x45.png HTTP/1.1" 200 4700 "http://securitydaily.net/huong-dan-giai-ma-petya-ransomware-mien-phi/" "Mozilla/5.0 (Windows NT 6.1; WOW64) AppleWebKit/537.36 (KHTML, like Gecko) coc_coc_browser/56.3.120 Chrome/50.3.2661.120 Safari/537.36"
14.166.69.255 - - [11/Sep/2016:21:08:33 +0700] "GET /wp-content/uploads/2016/03/chinh-phu-dien-tu--700x709.png HTTP/1.1" 200 172891 "http://securitydaily.net/huong-dan-giai-ma-petya-ransomware-mien-phi/" "Mozilla/5.0 (Windows NT 6.1; WOW64) AppleWebKit/537.36 (KHTML, like Gecko) coc_coc_browser/56.3.120 Chrome/50.3.2661.120 Safari/537.36"
14.166.69.255 - - [11/Sep/2016:21:08:34 +0700] "GET /wp-content/uploads/wordpress-popular-posts/16637-featured-45x45.png HTTP/1.1" 200 5275 "http://securitydaily.net/huong-dan-giai-ma-petya-ransomware-mien-phi/" "Mozilla/5.0 (Windows NT 6.1; WOW64) AppleWebKit/537.36 (KHTML, like Gecko) coc_coc_browser/56.3.120 Chrome/50.3.2661.120 Safari/537.36"
14.166.69.255 - - [11/Sep/2016:21:08:34 +0700] "GET /wp-content/uploads/wordpress-popular-posts/16634-featured-45x45.png HTTP/1.1" 200 4339 "http://securitydaily.net/huong-dan-giai-ma-petya-ransomware-mien-phi/" "Mozilla/5.0 (Windows NT 6.1; WOW64) AppleWebKit/537.36 (KHTML, like Gecko) coc_coc_browser/56.3.120 Chrome/50.3.2661.120 Safari/537.36"
14.166.69.255 - - [11/Sep/2016:21:08:34 +0700] "GET /wp-content/uploads/wordpress-popular-posts/16575-featured-45x45.png HTTP/1.1" 200 3883 "http://securitydaily.net/huong-dan-giai-ma-petya-ransomware-mien-phi/" "Mozilla/5.0 (Windows NT 6.1; WOW64) AppleWebKit/537.36 (KHTML, like Gecko) coc_coc_browser/56.3.120 Chrome/50.3.2661.120 Safari/537.36"
14.166.69.255 - - [11/Sep/2016:21:08:34 +0700] "GET /wp-content/uploads/wordpress-popular-posts/16593-featured-45x45.png HTTP/1.1" 200 5809 "http://securitydaily.net/huong-dan-giai-ma-petya-ransomware-mien-phi/" "Mozilla/5.0 (Windows NT 6.1; WOW64) AppleWebKit/537.36 (KHTML, like Gecko) coc_coc_browser/56.3.120 Chrome/50.3.2661.120 Safari/537.36"
14.166.69.255 - - [11/Sep/2016:21:08:34 +0700] "GET /wp-content/uploads/wordpress-popular-posts/16625-featured-45x45.png HTTP/1.1" 200 5938 "http://securitydaily.net/huong-dan-giai-ma-petya-ransomware-mien-phi/" "Mozilla/5.0 (Windows NT 6.1; WOW64) AppleWebKit/537.36 (KHTML, like Gecko) coc_coc_browser/56.3.120 Chrome/50.3.2661.120 Safari/537.36"
14.166.69.255 - - [11/Sep/2016:21:08:34 +0700] "GET /wp-content/uploads/wordpress-popular-posts/16607-featured-45x45.png HTTP/1.1" 200 4537 "http://securitydaily.net/huong-dan-giai-ma-petya-ransomware-mien-phi/" "Mozilla/5.0 (Windows NT 6.1; WOW64) AppleWebKit/537.36 (KHTML, like Gecko) coc_coc_browser/56.3.120 Chrome/50.3.2661.120 Safari/537.36"
14.166.69.255 - - [11/Sep/2016:21:08:34 +0700] "GET /wp-content/uploads/wordpress-popular-posts/16601-featured-45x45.png HTTP/1.1" 200 5789 "http://securitydaily.net/huong-dan-giai-ma-petya-ransomware-mien-phi/" "Mozilla/5.0 (Windows NT 6.1; WOW64) AppleWebKit/537.36 (KHTML, like Gecko) coc_coc_browser/56.3.120 Chrome/50.3.2661.120 Safari/537.36"
14.166.69.255 - - [11/Sep/2016:21:08:34 +0700] "GET /wp-content/uploads/wordpress-popular-posts/16640-featured-45x45.png HTTP/1.1" 200 3519 "http://securitydaily.net/huong-dan-giai-ma-petya-ransomware-mien-phi/" "Mozilla/5.0 (Windows NT 6.1; WOW64) AppleWebKit/537.36 (KHTML, like Gecko) coc_coc_browser/56.3.120 Chrome/50.3.2661.120 Safari/537.36"
14.166.69.255 - - [11/Sep/2016:21:08:34 +0700] "GET /wp-content/uploads/2014/08/cisco_patches-45x45.jpg HTTP/1.1" 200 1838 "http://securitydaily.net/huong-dan-giai-ma-petya-ransomware-mien-phi/" "Mozilla/5.0 (Windows NT 6.1; WOW64) AppleWebKit/537.36 (KHTML, like Gecko) coc_coc_browser/56.3.120 Chrome/50.3.2661.120 Safari/537.36"
14.166.69.255 - - [11/Sep/2016:21:08:34 +0700] "GET /wp-content/uploads/2016/03/fbi-most-wanted-hackers-45x45.png HTTP/1.1" 200 8234 "http://securitydaily.net/huong-dan-giai-ma-petya-ransomware-mien-phi/" "Mozilla/5.0 (Windows NT 6.1; WOW64) AppleWebKit/537.36 (KHTML, like Gecko) coc_coc_browser/56.3.120 Chrome/50.3.2661.120 Safari/537.36"
14.166.69.255 - - [11/Sep/2016:21:08:34 +0700] "GET /wp-content/uploads/2016/03/hack-system-integrity-protection-45x45.png HTTP/1.1" 200 8531 "http://securitydaily.net/huong-dan-giai-ma-petya-ransomware-mien-phi/" "Mozilla/5.0 (Windows NT 6.1; WOW64) AppleWebKit/537.36 (KHTML, like Gecko) coc_coc_browser/56.3.120 Chrome/50.3.2661.120 Safari/537.36"
14.166.69.255 - - [11/Sep/2016:21:08:34 +0700] "GET /wp-content/uploads/2016/03/most-wanted-syrian-electronic-army-45x45.png HTTP/1.1" 200 7918 "http://securitydaily.net/huong-dan-giai-ma-petya-ransomware-mien-phi/" "Mozilla/5.0 (Windows NT 6.1; WOW64) AppleWebKit/537.36 (KHTML, like Gecko) coc_coc_browser/56.3.120 Chrome/50.3.2661.120 Safari/537.36"
14.166.69.255 - - [11/Sep/2016:21:08:34 +0700] "GET /wp-content/uploads/2016/03/badlock-45x45.png HTTP/1.1" 200 4777 "http://securitydaily.net/huong-dan-giai-ma-petya-ransomware-mien-phi/" "Mozilla/5.0 (Windows NT 6.1; WOW64) AppleWebKit/537.36 (KHTML, like Gecko) coc_coc_browser/56.3.120 Chrome/50.3.2661.120 Safari/537.36"
14.166.69.255 - - [11/Sep/2016:21:08:33 +0700] "GET /wp-content/uploads/2015/10/cia-director-hacked-700x365.png HTTP/1.1" 200 130135 "http://securitydaily.net/huong-dan-giai-ma-petya-ransomware-mien-phi/" "Mozilla/5.0 (Windows NT 6.1; WOW64) AppleWebKit/537.36 (KHTML, like Gecko) coc_coc_browser/56.3.120 Chrome/50.3.2661.120 Safari/537.36"
14.166.69.255 - - [11/Sep/2016:21:08:33 +0700] "GET /wp-content/uploads/2016/03/Dich-vu-an-toan-thong-tin.png HTTP/1.1" 200 294514 "http://securitydaily.net/huong-dan-giai-ma-petya-ransomware-mien-phi/" "Mozilla/5.0 (Windows NT 6.1; WOW64) AppleWebKit/537.36 (KHTML, like Gecko) coc_coc_browser/56.3.120 Chrome/50.3.2661.120 Safari/537.36"
85.143.213.194 - - [11/Sep/2016:21:08:37 +0700] "POST /xmlrpc.php HTTP/1.0" 503 1079 "-" "Mozilla/4.0 (compatible: MSIE 7.0; Windows NT 6.0)"
85.143.213.194 - - [11/Sep/2016:21:08:38 +0700] "POST /xmlrpc.php HTTP/1.0" 503 1079 "-" "Mozilla/4.0 (compatible: MSIE 7.0; Windows NT 6.0)"
85.143.213.194 - - [11/Sep/2016:21:08:42 +0700] "POST /xmlrpc.php HTTP/1.0" 503 1079 "-" "Mozilla/4.0 (compatible: MSIE 7.0; Windows NT 6.0)"
85.143.213.194 - - [11/Sep/2016:21:08:42 +0700] "POST /xmlrpc.php HTTP/1.0" 503 1079 "-" "Mozilla/4.0 (compatible: MSIE 7.0; Windows NT 6.0)"
127.0.0.1 - - [11/Sep/2016:21:08:42 +0700] "OPTIONS * HTTP/1.0" 200 126 "-" "Apache/2.4.12 (Ubuntu) (internal dummy connection)"
14.166.69.255 - - [11/Sep/2016:21:08:43 +0700] "GET /wp-content/themes/chientq/favicon.ico HTTP/1.1" 200 17249 "http://securitydaily.net/huong-dan-giai-ma-petya-ransomware-mien-phi/" "Mozilla/5.0 (Windows NT 6.1; WOW64) AppleWebKit/537.36 (KHTML, like Gecko) coc_coc_browser/56.3.120 Chrome/50.3.2661.120 Safari/537.36"
173.252.88.93 - - [11/Sep/2016:21:08:45 +0700] "GET /wp-content/uploads/2016/04/decrypt-petya-Ransomware-tool.png HTTP/1.1" 200 128588 "-" "facebookexternalhit/1.1 (+http://www.facebook.com/externalhit_uatext.php)"
113.164.30.142 - - [11/Sep/2016:21:08:46 +0700] "GET /feed/ HTTP/1.1" 200 13840 "http://securitydaily.net/feed/" "FreshRSS/1.2.0 (Linux; http://freshrss.org) SimplePie/1.4-dev-FreshRSS"
85.143.213.194 - - [11/Sep/2016:21:08:47 +0700] "POST /xmlrpc.php HTTP/1.0" 503 1079 "-" "Mozilla/4.0 (compatible: MSIE 7.0; Windows NT 6.0)"
85.143.213.194 - - [11/Sep/2016:21:08:47 +0700] "POST /xmlrpc.php HTTP/1.0" 503 1079 "-" "Mozilla/4.0 (compatible: MSIE 7.0; Windows NT 6.0)"
119.17.214.102 - - [11/Sep/2016:21:08:49 +0700] "GET / HTTP/1.1" 200 17965 "-" "Agent WebChecker VNIST.VN version 1.0"
203.126.64.70 - - [11/Sep/2016:21:08:49 +0700] "GET /wp-content/uploads/2015/08/141396437-31-702x336.jpg HTTP/1.1" 304 182 "-" "Mozilla/4.0 (compatible;)"
117.5.193.126 - - [11/Sep/2016:21:08:50 +0700] "GET /huong-dan-giai-ma-petya-ransomware-mien-phi/ HTTP/1.1" 200 15986 "https://www.facebook.com/" "Mozilla/5.0 (Windows NT 6.3; WOW64) AppleWebKit/537.36 (KHTML, like Gecko) coc_coc_browser/56.3.120 Chrome/50.3.2661.120 Safari/537.36"
117.5.193.126 - - [11/Sep/2016:21:08:50 +0700] "GET /huong-dan-giai-ma-petya-ransomware-mien-phi/ HTTP/1.1" 200 15985 "https://www.facebook.com/" "Mozilla/5.0 (Windows NT 6.3; WOW64) AppleWebKit/537.36 (KHTML, like Gecko) coc_coc_browser/56.3.120 Chrome/50.3.2661.120 Safari/537.36"
