168.235.205.239 - - [11/Sep/2016:21:10:05 +0700] "GET /wp-content/plugins/youtube-embed-plus/styles/ytprefs.min.css?ver=4.6 HTTP/1.1" 200 1849 "http://securitydaily.net/huong-dan-giai-ma-petya-ransomware-mien-phi/" "Mozilla/5.0 (Linux; U; Android 4.2.2; en-US; GT-N7100 Build/IMM76I) AppleWebKit/534.30 (KHTML, like Gecko) Version/4.0 UCBrowser/10.4.1.565 U3/0.8.0 Mobile Safari/534.30"
168.235.205.239 - - [11/Sep/2016:21:10:05 +0700] "GET /wp-content/plugins/responsive-lightbox/assets/prettyphoto/css/prettyPhoto.css?ver=1.6.9 HTTP/1.1" 200 3120 "http://securitydaily.net/huong-dan-giai-ma-petya-ransomware-mien-phi/" "Mozilla/5.0 (Linux; U; Android 4.2.2; en-US; GT-N7100 Build/IMM76I) AppleWebKit/534.30 (KHTML, like Gecko) Version/4.0 UCBrowser/10.4.1.565 U3/0.8.0 Mobile Safari/534.30"
168.235.205.239 - - [11/Sep/2016:21:10:05 +0700] "GET /wp-includes/js/jquery/jquery-migrate.min.js?ver=1.4.1 HTTP/1.1" 200 4366 "http://securitydaily.net/huong-dan-giai-ma-petya-ransomware-mien-phi/" "Mozilla/5.0 (Linux; U; Android 4.2.2; en-US; GT-N7100 Build/IMM76I) AppleWebKit/534.30 (KHTML, like Gecko) Version/4.0 UCBrowser/10.4.1.565 U3/0.8.0 Mobile Safari/534.30"
168.235.205.239 - - [11/Sep/2016:21:10:05 +0700] "GET /wp-content/themes/chientq/css/main.css HTTP/1.1" 200 3037 "http://securitydaily.net/huong-dan-giai-ma-petya-ransomware-mien-phi/" "Mozilla/5.0 (Linux; U; Android 4.2.2; en-US; GT-N7100 Build/IMM76I) AppleWebKit/534.30 (KHTML, like Gecko) Version/4.0 UCBrowser/10.4.1.565 U3/0.8.0 Mobile Safari/534.30"
168.235.205.239 - - [11/Sep/2016:21:10:05 +0700] "GET /wp-content/themes/chientq/font-awesome/css/font-awesome.min.css HTTP/1.1" 200 5034 "http://securitydaily.net/huong-dan-giai-ma-petya-ransomware-mien-phi/" "Mozilla/5.0 (Linux; U; Android 4.2.2; en-US; GT-N7100 Build/IMM76I) AppleWebKit/534.30 (KHTML, like Gecko) Version/4.0 UCBrowser/10.4.1.565 U3/0.8.0 Mobile Safari/534.30"
168.235.205.239 - - [11/Sep/2016:21:10:05 +0700] "GET /wp-content/uploads/2016/04/decrypting-700x389.png HTTP/1.1" 304 182 "http://securitydaily.net/huong-dan-giai-ma-petya-ransomware-mien-phi/" "Mozilla/5.0 (Linux; U; Android 4.2.2; en-US; GT-N7100 Build/IMM76I) AppleWebKit/534.30 (KHTML, like Gecko) Version/4.0 UCBrowser/10.4.1.565 U3/0.8.0 Mobile Safari/534.30"
168.235.205.239 - - [11/Sep/2016:21:10:05 +0700] "GET /wp-content/themes/chientq/css/styles.css HTTP/1.1" 200 1974 "http://securitydaily.net/huong-dan-giai-ma-petya-ransomware-mien-phi/" "Mozilla/5.0 (Linux; U; Android 4.2.2; en-US; GT-N7100 Build/IMM76I) AppleWebKit/534.30 (KHTML, like Gecko) Version/4.0 UCBrowser/10.4.1.565 U3/0.8.0 Mobile Safari/534.30"
168.235.205.239 - - [11/Sep/2016:21:10:05 +0700] "GET /wp-content/plugins/custom-about-author/cab-style.css?ver=4.6 HTTP/1.1" 200 913 "http://securitydaily.net/huong-dan-giai-ma-petya-ransomware-mien-phi/" "Mozilla/5.0 (Linux; U; Android 4.2.2; en-US; GT-N7100 Build/IMM76I) AppleWebKit/534.30 (KHTML, like Gecko) Version/4.0 UCBrowser/10.4.1.565 U3/0.8.0 Mobile Safari/534.30"
168.235.205.239 - - [11/Sep/2016:21:10:05 +0700] "GET /huong-dan-giai-ma-petya-ransomware-mien-phi/ HTTP/1.1" 200 15933 "http://lm.facebook.com/lsr.php?u=http%3A%2F%2Fsecuritydaily.net%2Fhuong-dan-giai-ma-petya-ransomware-mien-phi%2F&ext=1473603161&hash=AcncLgVBVQ5IAcSv1YMSULqEtK_7CCTuML-1xilgUluTRw&_rdr" "Mozilla/5.0 (Linux; U; Android 4.2.2; en-US; GT-N7100 Build/IMM76I) AppleWebKit/534.30 (KHTML, like Gecko) Version/4.0 UCBrowser/10.4.1.565 U3/0.8.0 Mobile Safari/534.30"
168.235.205.239 - - [11/Sep/2016:21:10:06 +0700] "GET /wp-content/plugins/yet-another-related-posts-plugin/includes/styles_thumbnails.css.php?width=120&height=120&ver=4.3.1 HTTP/1.1" 200 556 "http://securitydaily.net/huong-dan-giai-ma-petya-ransomware-mien-phi/" "Mozilla/5.0 (Linux; U; Android 4.2.2; en-US; GT-N7100 Build/IMM76I) AppleWebKit/534.30 (KHTML, like Gecko) Version/4.0 UCBrowser/10.4.1.565 U3/0.8.0 Mobile Safari/534.30"
168.235.205.239 - - [11/Sep/2016:21:10:06 +0700] "GET /wp-content/plugins/responsive-lightbox/js/front.js?ver=1.6.9 HTTP/1.1" 200 3926 "http://securitydaily.net/huong-dan-giai-ma-petya-ransomware-mien-phi/" "Mozilla/5.0 (Linux; U; Android 4.2.2; en-US; GT-N7100 Build/IMM76I) AppleWebKit/534.30 (KHTML, like Gecko) Version/4.0 UCBrowser/10.4.1.565 U3/0.8.0 Mobile Safari/534.30"
168.235.205.239 - - [11/Sep/2016:21:10:06 +0700] "GET /wp-includes/js/wp-emoji-release.min.js?ver=4.6 HTTP/1.1" 200 4363 "http://securitydaily.net/huong-dan-giai-ma-petya-ransomware-mien-phi/" "Mozilla/5.0 (Linux; U; Android 4.2.2; en-US; GT-N7100 Build/IMM76I) AppleWebKit/534.30 (KHTML, like Gecko) Version/4.0 UCBrowser/10.4.1.565 U3/0.8.0 Mobile Safari/534.30"
168.235.205.239 - - [11/Sep/2016:21:10:06 +0700] "GET /wp-content/plugins/yet-another-related-posts-plugin/style/related.css?ver=4.6 HTTP/1.1" 200 657 "http://securitydaily.net/huong-dan-giai-ma-petya-ransomware-mien-phi/" "Mozilla/5.0 (Linux; U; Android 4.2.2; en-US; GT-N7100 Build/IMM76I) AppleWebKit/534.30 (KHTML, like Gecko) Version/4.0 UCBrowser/10.4.1.565 U3/0.8.0 Mobile Safari/534.30"
168.235.205.239 - - [11/Sep/2016:21:10:07 +0700] "GET /wp-content/plugins/jetpack/css/jetpack.css?ver=4.2.2 HTTP/1.1" 200 10464 "http://securitydaily.net/huong-dan-giai-ma-petya-ransomware-mien-phi/" "Mozilla/5.0 (Linux; U; Android 4.2.2; en-US; GT-N7100 Build/IMM76I) AppleWebKit/534.30 (KHTML, like Gecko) Version/4.0 UCBrowser/10.4.1.565 U3/0.8.0 Mobile Safari/534.30"
168.235.205.239 - - [11/Sep/2016:21:10:07 +0700] "GET /wp-content/themes/chientq/css/bootstrap.min.css HTTP/1.1" 200 16408 "http://securitydaily.net/huong-dan-giai-ma-petya-ransomware-mien-phi/" "Mozilla/5.0 (Linux; U; Android 4.2.2; en-US; GT-N7100 Build/IMM76I) AppleWebKit/534.30 (KHTML, like Gecko) Version/4.0 UCBrowser/10.4.1.565 U3/0.8.0 Mobile Safari/534.30"
168.235.205.239 - - [11/Sep/2016:21:10:07 +0700] "GET /wp-content/plugins/jetpack/modules/wpgroho.js?ver=4.6 HTTP/1.1" 200 838 "http://securitydaily.net/huong-dan-giai-ma-petya-ransomware-mien-phi/" "Mozilla/5.0 (Linux; U; Android 4.2.2; en-US; GT-N7100 Build/IMM76I) AppleWebKit/534.30 (KHTML, like Gecko) Version/4.0 UCBrowser/10.4.1.565 U3/0.8.0 Mobile Safari/534.30"
168.235.205.239 - - [11/Sep/2016:21:10:07 +0700] "GET /wp-content/plugins/youtube-embed-plus/scripts/fitvids.min.js?ver=4.6 HTTP/1.1" 200 1155 "http://securitydaily.net/huong-dan-giai-ma-petya-ransomware-mien-phi/" "Mozilla/5.0 (Linux; U; Android 4.2.2; en-US; GT-N7100 Build/IMM76I) AppleWebKit/534.30 (KHTML, like Gecko) Version/4.0 UCBrowser/10.4.1.565 U3/0.8.0 Mobile Safari/534.30"
168.235.205.239 - - [11/Sep/2016:21:10:07 +0700] "GET /wp-includes/js/wp-embed.min.js?ver=4.6 HTTP/1.1" 200 1099 "http://securitydaily.net/huong-dan-giai-ma-petya-ransomware-mien-phi/" "Mozilla/5.0 (Linux; U; Android 4.2.2; en-US; GT-N7100 Build/IMM76I) AppleWebKit/534.30 (KHTML, like Gecko) Version/4.0 UCBrowser/10.4.1.565 U3/0.8.0 Mobile Safari/534.30"
168.235.205.239 - - [11/Sep/2016:21:10:07 +0700] "GET /wp-content/themes/chientq/js/jquery.js HTTP/1.1" 200 33153 "http://securitydaily.net/huong-dan-giai-ma-petya-ransomware-mien-phi/" "Mozilla/5.0 (Linux; U; Android 4.2.2; en-US; GT-N7100 Build/IMM76I) AppleWebKit/534.30 (KHTML, like Gecko) Version/4.0 UCBrowser/10.4.1.565 U3/0.8.0 Mobile Safari/534.30"
168.235.205.239 - - [11/Sep/2016:21:10:08 +0700] "GET /wp-content/themes/chientq/js/tq.js HTTP/1.1" 200 437 "http://securitydaily.net/huong-dan-giai-ma-petya-ransomware-mien-phi/" "Mozilla/5.0 (Linux; U; Android 4.2.2; en-US; GT-N7100 Build/IMM76I) AppleWebKit/534.30 (KHTML, like Gecko) Version/4.0 UCBrowser/10.4.1.565 U3/0.8.0 Mobile Safari/534.30"
168.235.205.239 - - [11/Sep/2016:21:10:08 +0700] "GET /wp-content/plugins/youtube-embed-plus/scripts/ytprefs.min.js?ver=4.6 HTTP/1.1" 200 3142 "http://securitydaily.net/huong-dan-giai-ma-petya-ransomware-mien-phi/" "Mozilla/5.0 (Linux; U; Android 4.2.2; en-US; GT-N7100 Build/IMM76I) AppleWebKit/534.30 (KHTML, like Gecko) Version/4.0 UCBrowser/10.4.1.565 U3/0.8.0 Mobile Safari/534.30"
168.235.205.239 - - [11/Sep/2016:21:10:08 +0700] "GET /wp-content/plugins/display-authors-widget/css/display-authors-widget.css?ver=20141604 HTTP/1.1" 200 531 "http://securitydaily.net/huong-dan-giai-ma-petya-ransomware-mien-phi/" "Mozilla/5.0 (Linux; U; Android 4.2.2; en-US; GT-N7100 Build/IMM76I) AppleWebKit/534.30 (KHTML, like Gecko) Version/4.0 UCBrowser/10.4.1.565 U3/0.8.0 Mobile Safari/534.30"
168.235.205.239 - - [11/Sep/2016:21:10:08 +0700] "GET /wp-content/themes/chientq/css/font-awesome.min.css HTTP/1.1" 200 4723 "http://securitydaily.net/huong-dan-giai-ma-petya-ransomware-mien-phi/" "Mozilla/5.0 (Linux; U; Android 4.2.2; en-US; GT-N7100 Build/IMM76I) AppleWebKit/534.30 (KHTML, like Gecko) Version/4.0 UCBrowser/10.4.1.565 U3/0.8.0 Mobile Safari/534.30"
168.235.205.239 - - [11/Sep/2016:21:10:08 +0700] "GET /wp-content/plugins/responsive-lightbox/assets/prettyphoto/js/jquery.prettyPhoto.js?ver=1.6.9 HTTP/1.1" 200 10217 "http://securitydaily.net/huong-dan-giai-ma-petya-ransomware-mien-phi/" "Mozilla/5.0 (Linux; U; Android 4.2.2; en-US; GT-N7100 Build/IMM76I) AppleWebKit/534.30 (KHTML, like Gecko) Version/4.0 UCBrowser/10.4.1.565 U3/0.8.0 Mobile Safari/534.30"
168.235.205.239 - - [11/Sep/2016:21:10:08 +0700] "GET /wp-content/themes/chientq/js/bootstrap.min.js HTTP/1.1" 200 7603 "http://securitydaily.net/huong-dan-giai-ma-petya-ransomware-mien-phi/" "Mozilla/5.0 (Linux; U; Android 4.2.2; en-US; GT-N7100 Build/IMM76I) AppleWebKit/534.30 (KHTML, like Gecko) Version/4.0 UCBrowser/10.4.1.565 U3/0.8.0 Mobile Safari/534.30"
168.235.205.239 - - [11/Sep/2016:21:10:09 +0700] "GET /wp-content/plugins/yet-another-related-posts-plugin/style/widget.css?ver=4.6 HTTP/1.1" 200 720 "http://securitydaily.net/huong-dan-giai-ma-petya-ransomware-mien-phi/" "Mozilla/5.0 (Linux; U; Android 4.2.2; en-US; GT-N7100 Build/IMM76I) AppleWebKit/534.30 (KHTML, like Gecko) Version/4.0 UCBrowser/10.4.1.565 U3/0.8.0 Mobile Safari/534.30"
207.46.13.133 - - [11/Sep/2016:21:10:09 +0700] "GET /robots.txt HTTP/1.1" 200 430 "-" "Mozilla/5.0 (compatible; bingbot/2.0; +http://www.bing.com/bingbot.htm)"
157.55.39.155 - - [11/Sep/2016:21:10:09 +0700] "GET /robots.txt HTTP/1.1" 200 430 "-" "Mozilla/5.0 (compatible; bingbot/2.0; +http://www.bing.com/bingbot.htm)"
168.235.205.239 - - [11/Sep/2016:21:10:09 +0700] "GET /wp-content/plugins/organize-series/orgSeries.css?ver=4.6 HTTP/1.1" 200 1504 "http://securitydaily.net/huong-dan-giai-ma-petya-ransomware-mien-phi/" "Mozilla/5.0 (Linux; U; Android 4.2.2; en-US; GT-N7100 Build/IMM76I) AppleWebKit/534.30 (KHTML, like Gecko) Version/4.0 UCBrowser/10.4.1.565 U3/0.8.0 Mobile Safari/534.30"
85.143.213.194 - - [11/Sep/2016:21:10:09 +0700] "POST /xmlrpc.php HTTP/1.0" 503 1079 "-" "Mozilla/4.0 (compatible: MSIE 7.0; Windows NT 6.0)"
85.143.213.194 - - [11/Sep/2016:21:10:09 +0700] "POST /xmlrpc.php HTTP/1.0" 503 1079 "-" "Mozilla/4.0 (compatible: MSIE 7.0; Windows NT 6.0)"
14.184.14.59 - - [11/Sep/2016:21:10:09 +0700] "GET /cach-khoi-phuc-lai-tai-khoan-googlegmail-khi-da-bi-hack/ HTTP/1.1" 200 16833 "http://www.google.com/url?url=http://securitydaily.net/cach-khoi-phuc-lai-tai-khoan-googlegmail-khi-da-bi-hack/&rct=j&frm=1&q=&esrc=s&sa=U&ved=0ahUKEwjWspGrv4fPAhUHLpQKHZEeACQQFggbMAE&usg=AFQjCNGcAc5apasv_DfaKyjM_wnqPwCnLQ" "Mozilla/4.0 (compatible; MSIE 8.0; Windows NT 6.1; WOW64; Trident/4.0; SLCC2; .NET CLR 2.0.50727; .NET CLR 3.5.30729; .NET CLR 3.0.30729; Media Center PC 6.0; .NET4.0C; .NET4.0E; InfoPath.2)"
14.184.14.59 - - [11/Sep/2016:21:10:09 +0700] "GET /wp-content/themes/chientq/css/bootstrap.min.css HTTP/1.1" 200 16407 "http://securitydaily.net/cach-khoi-phuc-lai-tai-khoan-googlegmail-khi-da-bi-hack/" "Mozilla/4.0 (compatible; MSIE 8.0; Windows NT 6.1; WOW64; Trident/4.0; SLCC2; .NET CLR 2.0.50727; .NET CLR 3.5.30729; .NET CLR 3.0.30729; Media Center PC 6.0; .NET4.0C; .NET4.0E; InfoPath.2)"
14.184.14.59 - - [11/Sep/2016:21:10:09 +0700] "GET /wp-content/themes/chientq/css/font-awesome.min.css HTTP/1.1" 200 4723 "http://securitydaily.net/cach-khoi-phuc-lai-tai-khoan-googlegmail-khi-da-bi-hack/" "Mozilla/4.0 (compatible; MSIE 8.0; Windows NT 6.1; WOW64; Trident/4.0; SLCC2; .NET CLR 2.0.50727; .NET CLR 3.5.30729; .NET CLR 3.0.30729; Media Center PC 6.0; .NET4.0C; .NET4.0E; InfoPath.2)"
14.184.14.59 - - [11/Sep/2016:21:10:09 +0700] "GET /wp-content/plugins/custom-about-author/cab-style.css?ver=4.6 HTTP/1.1" 200 913 "http://securitydaily.net/cach-khoi-phuc-lai-tai-khoan-googlegmail-khi-da-bi-hack/" "Mozilla/4.0 (compatible; MSIE 8.0; Windows NT 6.1; WOW64; Trident/4.0; SLCC2; .NET CLR 2.0.50727; .NET CLR 3.5.30729; .NET CLR 3.0.30729; Media Center PC 6.0; .NET4.0C; .NET4.0E; InfoPath.2)"
14.184.14.59 - - [11/Sep/2016:21:10:09 +0700] "GET /wp-content/plugins/display-authors-widget/css/display-authors-widget.css?ver=20141604 HTTP/1.1" 200 531 "http://securitydaily.net/cach-khoi-phuc-lai-tai-khoan-googlegmail-khi-da-bi-hack/" "Mozilla/4.0 (compatible; MSIE 8.0; Windows NT 6.1; WOW64; Trident/4.0; SLCC2; .NET CLR 2.0.50727; .NET CLR 3.5.30729; .NET CLR 3.0.30729; Media Center PC 6.0; .NET4.0C; .NET4.0E; InfoPath.2)"
14.184.14.59 - - [11/Sep/2016:21:10:09 +0700] "GET /wp-content/themes/chientq/css/prettyPhoto.css HTTP/1.1" 200 3107 "http://securitydaily.net/cach-khoi-phuc-lai-tai-khoan-googlegmail-khi-da-bi-hack/" "Mozilla/4.0 (compatible; MSIE 8.0; Windows NT 6.1; WOW64; Trident/4.0; SLCC2; .NET CLR 2.0.50727; .NET CLR 3.5.30729; .NET CLR 3.0.30729; Media Center PC 6.0; .NET4.0C; .NET4.0E; InfoPath.2)"
168.235.205.239 - - [11/Sep/2016:21:10:09 +0700] "GET /wp-content/themes/chientq/js/jquery.isotope.min.js HTTP/1.1" 200 5408 "http://securitydaily.net/huong-dan-giai-ma-petya-ransomware-mien-phi/" "Mozilla/5.0 (Linux; U; Android 4.2.2; en-US; GT-N7100 Build/IMM76I) AppleWebKit/534.30 (KHTML, like Gecko) Version/4.0 UCBrowser/10.4.1.565 U3/0.8.0 Mobile Safari/534.30"
14.184.14.59 - - [11/Sep/2016:21:10:09 +0700] "GET /wp-content/themes/chientq/css/styles.css HTTP/1.1" 200 1974 "http://securitydaily.net/cach-khoi-phuc-lai-tai-khoan-googlegmail-khi-da-bi-hack/" "Mozilla/4.0 (compatible; MSIE 8.0; Windows NT 6.1; WOW64; Trident/4.0; SLCC2; .NET CLR 2.0.50727; .NET CLR 3.5.30729; .NET CLR 3.0.30729; Media Center PC 6.0; .NET4.0C; .NET4.0E; InfoPath.2)"
168.235.205.239 - - [11/Sep/2016:21:10:10 +0700] "GET /wp-content/themes/chientq/js/jquery.prettyPhoto.js HTTP/1.1" 200 6367 "http://securitydaily.net/huong-dan-giai-ma-petya-ransomware-mien-phi/" "Mozilla/5.0 (Linux; U; Android 4.2.2; en-US; GT-N7100 Build/IMM76I) AppleWebKit/534.30 (KHTML, like Gecko) Version/4.0 UCBrowser/10.4.1.565 U3/0.8.0 Mobile Safari/534.30"
14.184.14.59 - - [11/Sep/2016:21:10:10 +0700] "GET /wp-content/plugins/responsive-lightbox/assets/prettyphoto/css/prettyPhoto.css?ver=1.6.9 HTTP/1.1" 200 3119 "http://securitydaily.net/cach-khoi-phuc-lai-tai-khoan-googlegmail-khi-da-bi-hack/" "Mozilla/4.0 (compatible; MSIE 8.0; Windows NT 6.1; WOW64; Trident/4.0; SLCC2; .NET CLR 2.0.50727; .NET CLR 3.5.30729; .NET CLR 3.0.30729; Media Center PC 6.0; .NET4.0C; .NET4.0E; InfoPath.2)"
14.184.14.59 - - [11/Sep/2016:21:10:10 +0700] "GET /wp-content/plugins/youtube-embed-plus/styles/ytprefs.min.css?ver=4.6 HTTP/1.1" 200 1848 "http://securitydaily.net/cach-khoi-phuc-lai-tai-khoan-googlegmail-khi-da-bi-hack/" "Mozilla/4.0 (compatible; MSIE 8.0; Windows NT 6.1; WOW64; Trident/4.0; SLCC2; .NET CLR 2.0.50727; .NET CLR 3.5.30729; .NET CLR 3.0.30729; Media Center PC 6.0; .NET4.0C; .NET4.0E; InfoPath.2)"
14.184.14.59 - - [11/Sep/2016:21:10:10 +0700] "GET /wp-content/plugins/wordpress-popular-posts/style/wpp.css?ver=3.3.4 HTTP/1.1" 200 856 "http://securitydaily.net/cach-khoi-phuc-lai-tai-khoan-googlegmail-khi-da-bi-hack/" "Mozilla/4.0 (compatible; MSIE 8.0; Windows NT 6.1; WOW64; Trident/4.0; SLCC2; .NET CLR 2.0.50727; .NET CLR 3.5.30729; .NET CLR 3.0.30729; Media Center PC 6.0; .NET4.0C; .NET4.0E; InfoPath.2)"
14.184.14.59 - - [11/Sep/2016:21:10:10 +0700] "GET /wp-content/themes/chientq/css/main.css HTTP/1.1" 200 3036 "http://securitydaily.net/cach-khoi-phuc-lai-tai-khoan-googlegmail-khi-da-bi-hack/" "Mozilla/4.0 (compatible; MSIE 8.0; Windows NT 6.1; WOW64; Trident/4.0; SLCC2; .NET CLR 2.0.50727; .NET CLR 3.5.30729; .NET CLR 3.0.30729; Media Center PC 6.0; .NET4.0C; .NET4.0E; InfoPath.2)"
14.184.14.59 - - [11/Sep/2016:21:10:10 +0700] "GET /wp-content/plugins/jetpack/css/jetpack.css?ver=4.2.2 HTTP/1.1" 200 10463 "http://securitydaily.net/cach-khoi-phuc-lai-tai-khoan-googlegmail-khi-da-bi-hack/" "Mozilla/4.0 (compatible; MSIE 8.0; Windows NT 6.1; WOW64; Trident/4.0; SLCC2; .NET CLR 2.0.50727; .NET CLR 3.5.30729; .NET CLR 3.0.30729; Media Center PC 6.0; .NET4.0C; .NET4.0E; InfoPath.2)"
14.184.14.59 - - [11/Sep/2016:21:10:10 +0700] "GET /wp-content/plugins/yet-another-related-posts-plugin/style/widget.css?ver=4.6 HTTP/1.1" 200 719 "http://securitydaily.net/cach-khoi-phuc-lai-tai-khoan-googlegmail-khi-da-bi-hack/" "Mozilla/4.0 (compatible; MSIE 8.0; Windows NT 6.1; WOW64; Trident/4.0; SLCC2; .NET CLR 2.0.50727; .NET CLR 3.5.30729; .NET CLR 3.0.30729; Media Center PC 6.0; .NET4.0C; .NET4.0E; InfoPath.2)"
168.235.205.239 - - [11/Sep/2016:21:10:10 +0700] "GET /wp-content/themes/chientq/js/main.js HTTP/1.1" 200 965 "http://securitydaily.net/huong-dan-giai-ma-petya-ransomware-mien-phi/" "Mozilla/5.0 (Linux; U; Android 4.2.2; en-US; GT-N7100 Build/IMM76I) AppleWebKit/534.30 (KHTML, like Gecko) Version/4.0 UCBrowser/10.4.1.565 U3/0.8.0 Mobile Safari/534.30"
14.184.14.59 - - [11/Sep/2016:21:10:10 +0700] "GET /wp-content/plugins/organize-series/orgSeries.css?ver=4.6 HTTP/1.1" 200 1503 "http://securitydaily.net/cach-khoi-phuc-lai-tai-khoan-googlegmail-khi-da-bi-hack/" "Mozilla/4.0 (compatible; MSIE 8.0; Windows NT 6.1; WOW64; Trident/4.0; SLCC2; .NET CLR 2.0.50727; .NET CLR 3.5.30729; .NET CLR 3.0.30729; Media Center PC 6.0; .NET4.0C; .NET4.0E; InfoPath.2)"
14.184.14.59 - - [11/Sep/2016:21:10:10 +0700] "GET /wp-content/plugins/youtube-embed-plus/scripts/ytprefs.min.js?ver=4.6 HTTP/1.1" 200 3141 "http://securitydaily.net/cach-khoi-phuc-lai-tai-khoan-googlegmail-khi-da-bi-hack/" "Mozilla/4.0 (compatible; MSIE 8.0; Windows NT 6.1; WOW64; Trident/4.0; SLCC2; .NET CLR 2.0.50727; .NET CLR 3.5.30729; .NET CLR 3.0.30729; Media Center PC 6.0; .NET4.0C; .NET4.0E; InfoPath.2)"
14.184.14.59 - - [11/Sep/2016:21:10:10 +0700] "GET /wp-content/plugins/responsive-lightbox/js/front.js?ver=1.6.9 HTTP/1.1" 200 3925 "http://securitydaily.net/cach-khoi-phuc-lai-tai-khoan-googlegmail-khi-da-bi-hack/" "Mozilla/4.0 (compatible; MSIE 8.0; Windows NT 6.1; WOW64; Trident/4.0; SLCC2; .NET CLR 2.0.50727; .NET CLR 3.5.30729; .NET CLR 3.0.30729; Media Center PC 6.0; .NET4.0C; .NET4.0E; InfoPath.2)"
14.184.14.59 - - [11/Sep/2016:21:10:10 +0700] "GET /wp-content/plugins/yet-another-related-posts-plugin/includes/styles_thumbnails.css.php?width=120&height=120&ver=4.3.1 HTTP/1.1" 200 556 "http://securitydaily.net/cach-khoi-phuc-lai-tai-khoan-googlegmail-khi-da-bi-hack/" "Mozilla/4.0 (compatible; MSIE 8.0; Windows NT 6.1; WOW64; Trident/4.0; SLCC2; .NET CLR 2.0.50727; .NET CLR 3.5.30729; .NET CLR 3.0.30729; Media Center PC 6.0; .NET4.0C; .NET4.0E; InfoPath.2)"
14.184.14.59 - - [11/Sep/2016:21:10:10 +0700] "GET /wp-includes/js/jquery/jquery-migrate.min.js?ver=1.4.1 HTTP/1.1" 200 4365 "http://securitydaily.net/cach-khoi-phuc-lai-tai-khoan-googlegmail-khi-da-bi-hack/" "Mozilla/4.0 (compatible; MSIE 8.0; Windows NT 6.1; WOW64; Trident/4.0; SLCC2; .NET CLR 2.0.50727; .NET CLR 3.5.30729; .NET CLR 3.0.30729; Media Center PC 6.0; .NET4.0C; .NET4.0E; InfoPath.2)"
14.184.14.59 - - [11/Sep/2016:21:10:10 +0700] "GET /wp-content/plugins/responsive-lightbox/assets/prettyphoto/js/jquery.prettyPhoto.js?ver=1.6.9 HTTP/1.1" 200 10216 "http://securitydaily.net/cach-khoi-phuc-lai-tai-khoan-googlegmail-khi-da-bi-hack/" "Mozilla/4.0 (compatible; MSIE 8.0; Windows NT 6.1; WOW64; Trident/4.0; SLCC2; .NET CLR 2.0.50727; .NET CLR 3.5.30729; .NET CLR 3.0.30729; Media Center PC 6.0; .NET4.0C; .NET4.0E; InfoPath.2)"
14.184.14.59 - - [11/Sep/2016:21:10:10 +0700] "GET /wp-content/themes/chientq/font-awesome/css/font-awesome.min.css HTTP/1.1" 200 5033 "http://securitydaily.net/cach-khoi-phuc-lai-tai-khoan-googlegmail-khi-da-bi-hack/" "Mozilla/4.0 (compatible; MSIE 8.0; Windows NT 6.1; WOW64; Trident/4.0; SLCC2; .NET CLR 2.0.50727; .NET CLR 3.5.30729; .NET CLR 3.0.30729; Media Center PC 6.0; .NET4.0C; .NET4.0E; InfoPath.2)"
14.184.14.59 - - [11/Sep/2016:21:10:10 +0700] "GET /wp-content/themes/chientq/fonts/glyphicons-halflings-regular.eot? HTTP/1.1" 200 14341 "http://securitydaily.net/cach-khoi-phuc-lai-tai-khoan-googlegmail-khi-da-bi-hack/" "Mozilla/4.0 (compatible; MSIE 8.0; Windows NT 6.1; WOW64; Trident/4.0; SLCC2; .NET CLR 2.0.50727; .NET CLR 3.5.30729; .NET CLR 3.0.30729; Media Center PC 6.0; .NET4.0C; .NET4.0E; InfoPath.2)"
14.184.14.59 - - [11/Sep/2016:21:10:10 +0700] "GET /wp-includes/js/jquery/jquery.js?ver=1.12.4 HTTP/1.1" 200 34119 "http://securitydaily.net/cach-khoi-phuc-lai-tai-khoan-googlegmail-khi-da-bi-hack/" "Mozilla/4.0 (compatible; MSIE 8.0; Windows NT 6.1; WOW64; Trident/4.0; SLCC2; .NET CLR 2.0.50727; .NET CLR 3.5.30729; .NET CLR 3.0.30729; Media Center PC 6.0; .NET4.0C; .NET4.0E; InfoPath.2)"
14.184.14.59 - - [11/Sep/2016:21:10:10 +0700] "GET /wp-content/themes/chientq/fonts/fontawesome-webfont.eot? HTTP/1.1" 200 37667 "http://securitydaily.net/cach-khoi-phuc-lai-tai-khoan-googlegmail-khi-da-bi-hack/" "Mozilla/4.0 (compatible; MSIE 8.0; Windows NT 6.1; WOW64; Trident/4.0; SLCC2; .NET CLR 2.0.50727; .NET CLR 3.5.30729; .NET CLR 3.0.30729; Media Center PC 6.0; .NET4.0C; .NET4.0E; InfoPath.2)"
14.184.14.59 - - [11/Sep/2016:21:10:10 +0700] "GET /wp-includes/js/wp-emoji-release.min.js?ver=4.6 HTTP/1.1" 200 4363 "http://securitydaily.net/cach-khoi-phuc-lai-tai-khoan-googlegmail-khi-da-bi-hack/" "Mozilla/4.0 (compatible; MSIE 8.0; Windows NT 6.1; WOW64; Trident/4.0; SLCC2; .NET CLR 2.0.50727; .NET CLR 3.5.30729; .NET CLR 3.0.30729; Media Center PC 6.0; .NET4.0C; .NET4.0E; InfoPath.2)"
14.184.14.59 - - [11/Sep/2016:21:10:10 +0700] "GET /wp-content/themes/chientq/font-awesome/fonts/fontawesome-webfont.eot? HTTP/1.1" 200 72712 "http://securitydaily.net/cach-khoi-phuc-lai-tai-khoan-googlegmail-khi-da-bi-hack/" "Mozilla/4.0 (compatible; MSIE 8.0; Windows NT 6.1; WOW64; Trident/4.0; SLCC2; .NET CLR 2.0.50727; .NET CLR 3.5.30729; .NET CLR 3.0.30729; Media Center PC 6.0; .NET4.0C; .NET4.0E; InfoPath.2)"
14.184.14.59 - - [11/Sep/2016:21:10:10 +0700] "GET /wp-content/uploads/2014/09/11.png HTTP/1.1" 200 15743 "http://securitydaily.net/cach-khoi-phuc-lai-tai-khoan-googlegmail-khi-da-bi-hack/" "Mozilla/4.0 (compatible; MSIE 8.0; Windows NT 6.1; WOW64; Trident/4.0; SLCC2; .NET CLR 2.0.50727; .NET CLR 3.5.30729; .NET CLR 3.0.30729; Media Center PC 6.0; .NET4.0C; .NET4.0E; InfoPath.2)"
14.184.14.59 - - [11/Sep/2016:21:10:10 +0700] "GET /wp-content/uploads/2014/09/31.png HTTP/1.1" 200 14357 "http://securitydaily.net/cach-khoi-phuc-lai-tai-khoan-googlegmail-khi-da-bi-hack/" "Mozilla/4.0 (compatible; MSIE 8.0; Windows NT 6.1; WOW64; Trident/4.0; SLCC2; .NET CLR 2.0.50727; .NET CLR 3.5.30729; .NET CLR 3.0.30729; Media Center PC 6.0; .NET4.0C; .NET4.0E; InfoPath.2)"
14.184.14.59 - - [11/Sep/2016:21:10:10 +0700] "GET /wp-content/uploads/2014/09/42.png HTTP/1.1" 200 17429 "http://securitydaily.net/cach-khoi-phuc-lai-tai-khoan-googlegmail-khi-da-bi-hack/" "Mozilla/4.0 (compatible; MSIE 8.0; Windows NT 6.1; WOW64; Trident/4.0; SLCC2; .NET CLR 2.0.50727; .NET CLR 3.5.30729; .NET CLR 3.0.30729; Media Center PC 6.0; .NET4.0C; .NET4.0E; InfoPath.2)"
14.184.14.59 - - [11/Sep/2016:21:10:10 +0700] "GET /wp-content/uploads/2014/09/21.png HTTP/1.1" 200 45197 "http://securitydaily.net/cach-khoi-phuc-lai-tai-khoan-googlegmail-khi-da-bi-hack/" "Mozilla/4.0 (compatible; MSIE 8.0; Windows NT 6.1; WOW64; Trident/4.0; SLCC2; .NET CLR 2.0.50727; .NET CLR 3.5.30729; .NET CLR 3.0.30729; Media Center PC 6.0; .NET4.0C; .NET4.0E; InfoPath.2)"
14.184.14.59 - - [11/Sep/2016:21:10:10 +0700] "GET /wp-content/uploads/2014/09/5.png HTTP/1.1" 200 77739 "http://securitydaily.net/cach-khoi-phuc-lai-tai-khoan-googlegmail-khi-da-bi-hack/" "Mozilla/4.0 (compatible; MSIE 8.0; Windows NT 6.1; WOW64; Trident/4.0; SLCC2; .NET CLR 2.0.50727; .NET CLR 3.5.30729; .NET CLR 3.0.30729; Media Center PC 6.0; .NET4.0C; .NET4.0E; InfoPath.2)"
14.184.14.59 - - [11/Sep/2016:21:10:10 +0700] "POST /wp-admin/admin-ajax.php HTTP/1.1" 503 1079 "http://securitydaily.net/cach-khoi-phuc-lai-tai-khoan-googlegmail-khi-da-bi-hack/" "Mozilla/4.0 (compatible; MSIE 8.0; Windows NT 6.1; WOW64; Trident/4.0; SLCC2; .NET CLR 2.0.50727; .NET CLR 3.5.30729; .NET CLR 3.0.30729; Media Center PC 6.0; .NET4.0C; .NET4.0E; InfoPath.2)"
14.184.14.59 - - [11/Sep/2016:21:10:10 +0700] "GET /wp-content/uploads/2016/03/banner.png HTTP/1.1" 200 19025 "http://securitydaily.net/cach-khoi-phuc-lai-tai-khoan-googlegmail-khi-da-bi-hack/" "Mozilla/4.0 (compatible; MSIE 8.0; Windows NT 6.1; WOW64; Trident/4.0; SLCC2; .NET CLR 2.0.50727; .NET CLR 3.5.30729; .NET CLR 3.0.30729; Media Center PC 6.0; .NET4.0C; .NET4.0E; InfoPath.2)"
14.184.14.59 - - [11/Sep/2016:21:10:10 +0700] "GET /wp-content/uploads/2014/09/6.png HTTP/1.1" 200 70513 "http://securitydaily.net/cach-khoi-phuc-lai-tai-khoan-googlegmail-khi-da-bi-hack/" "Mozilla/4.0 (compatible; MSIE 8.0; Windows NT 6.1; WOW64; Trident/4.0; SLCC2; .NET CLR 2.0.50727; .NET CLR 3.5.30729; .NET CLR 3.0.30729; Media Center PC 6.0; .NET4.0C; .NET4.0E; InfoPath.2)"
14.184.14.59 - - [11/Sep/2016:21:10:10 +0700] "GET /cach-khoi-phuc-lai-tai-khoan-googlegmail-khi-da-bi-hack/ HTTP/1.1" 200 16832 "http://securitydaily.net/cach-khoi-phuc-lai-tai-khoan-googlegmail-khi-da-bi-hack/" "Mozilla/4.0 (compatible; MSIE 8.0; Windows NT 6.1; WOW64; Trident/4.0; SLCC2; .NET CLR 2.0.50727; .NET CLR 3.5.30729; .NET CLR 3.0.30729; Media Center PC 6.0; .NET4.0C; .NET4.0E; InfoPath.2)"
14.184.14.59 - - [11/Sep/2016:21:10:10 +0700] "GET /wp-content/uploads/2014/08/DNS.jpg HTTP/1.1" 200 43936 "http://securitydaily.net/cach-khoi-phuc-lai-tai-khoan-googlegmail-khi-da-bi-hack/" "Mozilla/4.0 (compatible; MSIE 8.0; Windows NT 6.1; WOW64; Trident/4.0; SLCC2; .NET CLR 2.0.50727; .NET CLR 3.5.30729; .NET CLR 3.0.30729; Media Center PC 6.0; .NET4.0C; .NET4.0E; InfoPath.2)"
168.235.205.239 - - [11/Sep/2016:21:10:10 +0700] "POST /wp-admin/admin-ajax.php HTTP/1.1" 503 1079 "http://securitydaily.net/huong-dan-giai-ma-petya-ransomware-mien-phi/" "Mozilla/5.0 (Linux; U; Android 4.2.2; en-US; GT-N7100 Build/IMM76I) AppleWebKit/534.30 (KHTML, like Gecko) Version/4.0 UCBrowser/10.4.1.565 U3/0.8.0 Mobile Safari/534.30"
14.184.14.59 - - [11/Sep/2016:21:10:10 +0700] "GET /wp-content/uploads/2014/09/8.png HTTP/1.1" 200 94050 "http://securitydaily.net/cach-khoi-phuc-lai-tai-khoan-googlegmail-khi-da-bi-hack/" "Mozilla/4.0 (compatible; MSIE 8.0; Windows NT 6.1; WOW64; Trident/4.0; SLCC2; .NET CLR 2.0.50727; .NET CLR 3.5.30729; .NET CLR 3.0.30729; Media Center PC 6.0; .NET4.0C; .NET4.0E; InfoPath.2)"
168.235.205.239 - - [11/Sep/2016:21:10:11 +0700] "GET /wp-content/themes/chientq/font-awesome/fonts/fontawesome-webfont.woff?v=4.1.0 HTTP/1.1" 304 182 "http://securitydaily.net/huong-dan-giai-ma-petya-ransomware-mien-phi/" "Mozilla/5.0 (Linux; U; Android 4.2.2; en-US; GT-N7100 Build/IMM76I) AppleWebKit/534.30 (KHTML, like Gecko) Version/4.0 UCBrowser/10.4.1.565 U3/0.8.0 Mobile Safari/534.30"
127.0.0.1 - - [11/Sep/2016:21:10:11 +0700] "OPTIONS * HTTP/1.0" 200 126 "-" "Apache/2.4.12 (Ubuntu) (internal dummy connection)"
14.184.14.59 - - [11/Sep/2016:21:10:10 +0700] "GET /wp-content/uploads/2014/09/7.png HTTP/1.1" 200 75942 "http://securitydaily.net/cach-khoi-phuc-lai-tai-khoan-googlegmail-khi-da-bi-hack/" "Mozilla/4.0 (compatible; MSIE 8.0; Windows NT 6.1; WOW64; Trident/4.0; SLCC2; .NET CLR 2.0.50727; .NET CLR 3.5.30729; .NET CLR 3.0.30729; Media Center PC 6.0; .NET4.0C; .NET4.0E; InfoPath.2)"
14.184.14.59 - - [11/Sep/2016:21:10:11 +0700] "GET /wp-content/uploads/2014/06/Google-TrungQuoc.jpg HTTP/1.1" 200 84233 "http://securitydaily.net/cach-khoi-phuc-lai-tai-khoan-googlegmail-khi-da-bi-hack/" "Mozilla/4.0 (compatible; MSIE 8.0; Windows NT 6.1; WOW64; Trident/4.0; SLCC2; .NET CLR 2.0.50727; .NET CLR 3.5.30729; .NET CLR 3.0.30729; Media Center PC 6.0; .NET4.0C; .NET4.0E; InfoPath.2)"
14.184.14.59 - - [11/Sep/2016:21:10:11 +0700] "GET /wp-content/uploads/2014/05/cc8e62745f0f7646407b973d76a957711.jpg HTTP/1.1" 200 91566 "http://securitydaily.net/cach-khoi-phuc-lai-tai-khoan-googlegmail-khi-da-bi-hack/" "Mozilla/4.0 (compatible; MSIE 8.0; Windows NT 6.1; WOW64; Trident/4.0; SLCC2; .NET CLR 2.0.50727; .NET CLR 3.5.30729; .NET CLR 3.0.30729; Media Center PC 6.0; .NET4.0C; .NET4.0E; InfoPath.2)"
168.235.205.239 - - [11/Sep/2016:21:10:11 +0700] "GET /wp-content/themes/chientq/fonts/fontawesome-webfont.woff?v=3.2.1 HTTP/1.1" 304 181 "http://securitydaily.net/huong-dan-giai-ma-petya-ransomware-mien-phi/" "Mozilla/5.0 (Linux; U; Android 4.2.2; en-US; GT-N7100 Build/IMM76I) AppleWebKit/534.30 (KHTML, like Gecko) Version/4.0 UCBrowser/10.4.1.565 U3/0.8.0 Mobile Safari/534.30"
14.184.14.59 - - [11/Sep/2016:21:10:10 +0700] "GET /wp-content/uploads/2016/02/hack-instagram-700x365.png HTTP/1.1" 200 80515 "http://securitydaily.net/cach-khoi-phuc-lai-tai-khoan-googlegmail-khi-da-bi-hack/" "Mozilla/4.0 (compatible; MSIE 8.0; Windows NT 6.1; WOW64; Trident/4.0; SLCC2; .NET CLR 2.0.50727; .NET CLR 3.5.30729; .NET CLR 3.0.30729; Media Center PC 6.0; .NET4.0C; .NET4.0E; InfoPath.2)"
14.184.14.59 - - [11/Sep/2016:21:10:11 +0700] "GET /wp-content/uploads/2014/03/turk_bayragi_buyuk_51-700x393.jpg HTTP/1.1" 200 46551 "http://securitydaily.net/cach-khoi-phuc-lai-tai-khoan-googlegmail-khi-da-bi-hack/" "Mozilla/4.0 (compatible; MSIE 8.0; Windows NT 6.1; WOW64; Trident/4.0; SLCC2; .NET CLR 2.0.50727; .NET CLR 3.5.30729; .NET CLR 3.0.30729; Media Center PC 6.0; .NET4.0C; .NET4.0E; InfoPath.2)"
14.184.14.59 - - [11/Sep/2016:21:10:11 +0700] "GET /wp-content/uploads/2014/06/a2.jpg HTTP/1.1" 200 79655 "http://securitydaily.net/cach-khoi-phuc-lai-tai-khoan-googlegmail-khi-da-bi-hack/" "Mozilla/4.0 (compatible; MSIE 8.0; Windows NT 6.1; WOW64; Trident/4.0; SLCC2; .NET CLR 2.0.50727; .NET CLR 3.5.30729; .NET CLR 3.0.30729; Media Center PC 6.0; .NET4.0C; .NET4.0E; InfoPath.2)"
127.0.0.1 - - [11/Sep/2016:21:10:12 +0700] "OPTIONS * HTTP/1.0" 200 126 "-" "Apache/2.4.12 (Ubuntu) (internal dummy connection)"
14.184.14.59 - - [11/Sep/2016:21:10:11 +0700] "GET /wp-content/uploads/2015/09/screen-shot-2015-09-02-at-11-21-32-am.png HTTP/1.1" 200 113506 "http://securitydaily.net/cach-khoi-phuc-lai-tai-khoan-googlegmail-khi-da-bi-hack/" "Mozilla/4.0 (compatible; MSIE 8.0; Windows NT 6.1; WOW64; Trident/4.0; SLCC2; .NET CLR 2.0.50727; .NET CLR 3.5.30729; .NET CLR 3.0.30729; Media Center PC 6.0; .NET4.0C; .NET4.0E; InfoPath.2)"
14.184.14.59 - - [11/Sep/2016:21:10:12 +0700] "GET /wp-content/uploads/2015/03/ddosattack.jpg HTTP/1.1" 200 35333 "http://securitydaily.net/cach-khoi-phuc-lai-tai-khoan-googlegmail-khi-da-bi-hack/" "Mozilla/4.0 (compatible; MSIE 8.0; Windows NT 6.1; WOW64; Trident/4.0; SLCC2; .NET CLR 2.0.50727; .NET CLR 3.5.30729; .NET CLR 3.0.30729; Media Center PC 6.0; .NET4.0C; .NET4.0E; InfoPath.2)"
168.235.205.239 - - [11/Sep/2016:21:10:12 +0700] "GET /wp-content/themes/chientq/css/prettyPhoto.css HTTP/1.1" 200 3107 "http://securitydaily.net/huong-dan-giai-ma-petya-ransomware-mien-phi/" "Mozilla/5.0 (Linux; U; Android 4.2.2; en-US; GT-N7100 Build/IMM76I) AppleWebKit/534.30 (KHTML, like Gecko) Version/4.0 UCBrowser/10.4.1.565 U3/0.8.0 Mobile Safari/534.30"
168.235.205.239 - - [11/Sep/2016:21:10:12 +0700] "GET /wp-content/plugins/wordpress-popular-posts/style/wpp.css?ver=3.3.4 HTTP/1.1" 200 857 "http://securitydaily.net/huong-dan-giai-ma-petya-ransomware-mien-phi/" "Mozilla/5.0 (Linux; U; Android 4.2.2; en-US; GT-N7100 Build/IMM76I) AppleWebKit/534.30 (KHTML, like Gecko) Version/4.0 UCBrowser/10.4.1.565 U3/0.8.0 Mobile Safari/534.30"
14.184.14.59 - - [11/Sep/2016:21:10:12 +0700] "GET /wp-content/uploads/2014/10/APT-700x432.jpg HTTP/1.1" 200 68568 "http://securitydaily.net/cach-khoi-phuc-lai-tai-khoan-googlegmail-khi-da-bi-hack/" "Mozilla/4.0 (compatible; MSIE 8.0; Windows NT 6.1; WOW64; Trident/4.0; SLCC2; .NET CLR 2.0.50727; .NET CLR 3.5.30729; .NET CLR 3.0.30729; Media Center PC 6.0; .NET4.0C; .NET4.0E; InfoPath.2)"
168.235.205.239 - - [11/Sep/2016:21:10:12 +0700] "GET /wp-includes/js/jquery/jquery.js?ver=1.12.4 HTTP/1.1" 200 20440 "http://securitydaily.net/huong-dan-giai-ma-petya-ransomware-mien-phi/" "Mozilla/5.0 (Linux; U; Android 4.2.2; en-US; GT-N7100 Build/IMM76I) AppleWebKit/534.30 (KHTML, like Gecko) Version/4.0 UCBrowser/10.4.1.565 U3/0.8.0 Mobile Safari/534.30"
14.184.14.59 - - [11/Sep/2016:21:10:12 +0700] "GET /wp-content/uploads/2016/03/ma-doc-.png HTTP/1.1" 200 79481 "http://securitydaily.net/cach-khoi-phuc-lai-tai-khoan-googlegmail-khi-da-bi-hack/" "Mozilla/4.0 (compatible; MSIE 8.0; Windows NT 6.1; WOW64; Trident/4.0; SLCC2; .NET CLR 2.0.50727; .NET CLR 3.5.30729; .NET CLR 3.0.30729; Media Center PC 6.0; .NET4.0C; .NET4.0E; InfoPath.2)"
14.184.14.59 - - [11/Sep/2016:21:10:11 +0700] "GET /wp-content/uploads/2014/03/federal_government_securit-100004366-gallery.jpg HTTP/1.1" 200 103426 "http://securitydaily.net/cach-khoi-phuc-lai-tai-khoan-googlegmail-khi-da-bi-hack/" "Mozilla/4.0 (compatible; MSIE 8.0; Windows NT 6.1; WOW64; Trident/4.0; SLCC2; .NET CLR 2.0.50727; .NET CLR 3.5.30729; .NET CLR 3.0.30729; Media Center PC 6.0; .NET4.0C; .NET4.0E; InfoPath.2)"
14.184.14.59 - - [11/Sep/2016:21:10:12 +0700] "GET /wp-content/uploads/2016/07/sinhvienit-xss-csrf-exploit-45x45.png HTTP/1.1" 200 2171 "http://securitydaily.net/cach-khoi-phuc-lai-tai-khoan-googlegmail-khi-da-bi-hack/" "Mozilla/4.0 (compatible; MSIE 8.0; Windows NT 6.1; WOW64; Trident/4.0; SLCC2; .NET CLR 2.0.50727; .NET CLR 3.5.30729; .NET CLR 3.0.30729; Media Center PC 6.0; .NET4.0C; .NET4.0E; InfoPath.2)"
14.184.14.59 - - [11/Sep/2016:21:10:12 +0700] "GET /wp-content/uploads/2016/04/locky_eng_11-45x45.png HTTP/1.1" 200 2235 "http://securitydaily.net/cach-khoi-phuc-lai-tai-khoan-googlegmail-khi-da-bi-hack/" "Mozilla/4.0 (compatible; MSIE 8.0; Windows NT 6.1; WOW64; Trident/4.0; SLCC2; .NET CLR 2.0.50727; .NET CLR 3.5.30729; .NET CLR 3.0.30729; Media Center PC 6.0; .NET4.0C; .NET4.0E; InfoPath.2)"
14.184.14.59 - - [11/Sep/2016:21:10:10 +0700] "GET /wp-content/uploads/2014/07/Privacy-badger-700x449.png HTTP/1.1" 200 271912 "http://securitydaily.net/cach-khoi-phuc-lai-tai-khoan-googlegmail-khi-da-bi-hack/" "Mozilla/4.0 (compatible; MSIE 8.0; Windows NT 6.1; WOW64; Trident/4.0; SLCC2; .NET CLR 2.0.50727; .NET CLR 3.5.30729; .NET CLR 3.0.30729; Media Center PC 6.0; .NET4.0C; .NET4.0E; InfoPath.2)"
14.184.14.59 - - [11/Sep/2016:21:10:12 +0700] "GET /wp-content/uploads/2014/08/Monitoring-Response-Centre-45x45.jpg HTTP/1.1" 200 2407 "http://securitydaily.net/cach-khoi-phuc-lai-tai-khoan-googlegmail-khi-da-bi-hack/" "Mozilla/4.0 (compatible; MSIE 8.0; Windows NT 6.1; WOW64; Trident/4.0; SLCC2; .NET CLR 2.0.50727; .NET CLR 3.5.30729; .NET CLR 3.0.30729; Media Center PC 6.0; .NET4.0C; .NET4.0E; InfoPath.2)"
14.184.14.59 - - [11/Sep/2016:21:10:13 +0700] "GET /wp-content/uploads/2016/01/Lo-hong-bao-mat-45x45.jpg HTTP/1.1" 200 2010 "http://securitydaily.net/cach-khoi-phuc-lai-tai-khoan-googlegmail-khi-da-bi-hack/" "Mozilla/4.0 (compatible; MSIE 8.0; Windows NT 6.1; WOW64; Trident/4.0; SLCC2; .NET CLR 2.0.50727; .NET CLR 3.5.30729; .NET CLR 3.0.30729; Media Center PC 6.0; .NET4.0C; .NET4.0E; InfoPath.2)"
14.184.14.59 - - [11/Sep/2016:21:10:13 +0700] "GET /wp-content/uploads/2015/11/ma-doc-hack-facebook-03-45x45.png HTTP/1.1" 200 2217 "http://securitydaily.net/cach-khoi-phuc-lai-tai-khoan-googlegmail-khi-da-bi-hack/" "Mozilla/4.0 (compatible; MSIE 8.0; Windows NT 6.1; WOW64; Trident/4.0; SLCC2; .NET CLR 2.0.50727; .NET CLR 3.5.30729; .NET CLR 3.0.30729; Media Center PC 6.0; .NET4.0C; .NET4.0E; InfoPath.2)"
14.184.14.59 - - [11/Sep/2016:21:10:13 +0700] "GET /wp-content/uploads/wordpress-popular-posts/16582-featured-45x45.png HTTP/1.1" 200 4444 "http://securitydaily.net/cach-khoi-phuc-lai-tai-khoan-googlegmail-khi-da-bi-hack/" "Mozilla/4.0 (compatible; MSIE 8.0; Windows NT 6.1; WOW64; Trident/4.0; SLCC2; .NET CLR 2.0.50727; .NET CLR 3.5.30729; .NET CLR 3.0.30729; Media Center PC 6.0; .NET4.0C; .NET4.0E; InfoPath.2)"
14.184.14.59 - - [11/Sep/2016:21:10:13 +0700] "GET /wp-content/uploads/wordpress-popular-posts/16612-featured-45x45.png HTTP/1.1" 200 4700 "http://securitydaily.net/cach-khoi-phuc-lai-tai-khoan-googlegmail-khi-da-bi-hack/" "Mozilla/4.0 (compatible; MSIE 8.0; Windows NT 6.1; WOW64; Trident/4.0; SLCC2; .NET CLR 2.0.50727; .NET CLR 3.5.30729; .NET CLR 3.0.30729; Media Center PC 6.0; .NET4.0C; .NET4.0E; InfoPath.2)"
14.184.14.59 - - [11/Sep/2016:21:10:13 +0700] "GET /wp-content/uploads/wordpress-popular-posts/16637-featured-45x45.png HTTP/1.1" 200 5275 "http://securitydaily.net/cach-khoi-phuc-lai-tai-khoan-googlegmail-khi-da-bi-hack/" "Mozilla/4.0 (compatible; MSIE 8.0; Windows NT 6.1; WOW64; Trident/4.0; SLCC2; .NET CLR 2.0.50727; .NET CLR 3.5.30729; .NET CLR 3.0.30729; Media Center PC 6.0; .NET4.0C; .NET4.0E; InfoPath.2)"
14.184.14.59 - - [11/Sep/2016:21:10:13 +0700] "GET /wp-content/uploads/wordpress-popular-posts/16634-featured-45x45.png HTTP/1.1" 200 4339 "http://securitydaily.net/cach-khoi-phuc-lai-tai-khoan-googlegmail-khi-da-bi-hack/" "Mozilla/4.0 (compatible; MSIE 8.0; Windows NT 6.1; WOW64; Trident/4.0; SLCC2; .NET CLR 2.0.50727; .NET CLR 3.5.30729; .NET CLR 3.0.30729; Media Center PC 6.0; .NET4.0C; .NET4.0E; InfoPath.2)"
127.0.0.1 - - [11/Sep/2016:21:10:13 +0700] "OPTIONS * HTTP/1.0" 200 126 "-" "Apache/2.4.12 (Ubuntu) (internal dummy connection)"
14.184.14.59 - - [11/Sep/2016:21:10:13 +0700] "GET /wp-content/uploads/wordpress-popular-posts/16575-featured-45x45.png HTTP/1.1" 200 3883 "http://securitydaily.net/cach-khoi-phuc-lai-tai-khoan-googlegmail-khi-da-bi-hack/" "Mozilla/4.0 (compatible; MSIE 8.0; Windows NT 6.1; WOW64; Trident/4.0; SLCC2; .NET CLR 2.0.50727; .NET CLR 3.5.30729; .NET CLR 3.0.30729; Media Center PC 6.0; .NET4.0C; .NET4.0E; InfoPath.2)"
14.184.14.59 - - [11/Sep/2016:21:10:13 +0700] "GET /wp-content/uploads/wordpress-popular-posts/16593-featured-45x45.png HTTP/1.1" 200 5809 "http://securitydaily.net/cach-khoi-phuc-lai-tai-khoan-googlegmail-khi-da-bi-hack/" "Mozilla/4.0 (compatible; MSIE 8.0; Windows NT 6.1; WOW64; Trident/4.0; SLCC2; .NET CLR 2.0.50727; .NET CLR 3.5.30729; .NET CLR 3.0.30729; Media Center PC 6.0; .NET4.0C; .NET4.0E; InfoPath.2)"
14.184.14.59 - - [11/Sep/2016:21:10:13 +0700] "GET /wp-content/uploads/wordpress-popular-posts/16625-featured-45x45.png HTTP/1.1" 200 5938 "http://securitydaily.net/cach-khoi-phuc-lai-tai-khoan-googlegmail-khi-da-bi-hack/" "Mozilla/4.0 (compatible; MSIE 8.0; Windows NT 6.1; WOW64; Trident/4.0; SLCC2; .NET CLR 2.0.50727; .NET CLR 3.5.30729; .NET CLR 3.0.30729; Media Center PC 6.0; .NET4.0C; .NET4.0E; InfoPath.2)"
14.184.14.59 - - [11/Sep/2016:21:10:13 +0700] "GET /wp-content/uploads/wordpress-popular-posts/16607-featured-45x45.png HTTP/1.1" 200 4537 "http://securitydaily.net/cach-khoi-phuc-lai-tai-khoan-googlegmail-khi-da-bi-hack/" "Mozilla/4.0 (compatible; MSIE 8.0; Windows NT 6.1; WOW64; Trident/4.0; SLCC2; .NET CLR 2.0.50727; .NET CLR 3.5.30729; .NET CLR 3.0.30729; Media Center PC 6.0; .NET4.0C; .NET4.0E; InfoPath.2)"
14.184.14.59 - - [11/Sep/2016:21:10:13 +0700] "GET /wp-content/uploads/wordpress-popular-posts/16601-featured-45x45.png HTTP/1.1" 200 5789 "http://securitydaily.net/cach-khoi-phuc-lai-tai-khoan-googlegmail-khi-da-bi-hack/" "Mozilla/4.0 (compatible; MSIE 8.0; Windows NT 6.1; WOW64; Trident/4.0; SLCC2; .NET CLR 2.0.50727; .NET CLR 3.5.30729; .NET CLR 3.0.30729; Media Center PC 6.0; .NET4.0C; .NET4.0E; InfoPath.2)"
14.184.14.59 - - [11/Sep/2016:21:10:13 +0700] "GET /wp-content/uploads/wordpress-popular-posts/16640-featured-45x45.png HTTP/1.1" 200 3519 "http://securitydaily.net/cach-khoi-phuc-lai-tai-khoan-googlegmail-khi-da-bi-hack/" "Mozilla/4.0 (compatible; MSIE 8.0; Windows NT 6.1; WOW64; Trident/4.0; SLCC2; .NET CLR 2.0.50727; .NET CLR 3.5.30729; .NET CLR 3.0.30729; Media Center PC 6.0; .NET4.0C; .NET4.0E; InfoPath.2)"
14.184.14.59 - - [11/Sep/2016:21:10:13 +0700] "GET /wp-content/uploads/2014/08/cisco_patches-45x45.jpg HTTP/1.1" 200 1838 "http://securitydaily.net/cach-khoi-phuc-lai-tai-khoan-googlegmail-khi-da-bi-hack/" "Mozilla/4.0 (compatible; MSIE 8.0; Windows NT 6.1; WOW64; Trident/4.0; SLCC2; .NET CLR 2.0.50727; .NET CLR 3.5.30729; .NET CLR 3.0.30729; Media Center PC 6.0; .NET4.0C; .NET4.0E; InfoPath.2)"
14.184.14.59 - - [11/Sep/2016:21:10:13 +0700] "GET /wp-content/uploads/2016/03/fbi-most-wanted-hackers-45x45.png HTTP/1.1" 200 8234 "http://securitydaily.net/cach-khoi-phuc-lai-tai-khoan-googlegmail-khi-da-bi-hack/" "Mozilla/4.0 (compatible; MSIE 8.0; Windows NT 6.1; WOW64; Trident/4.0; SLCC2; .NET CLR 2.0.50727; .NET CLR 3.5.30729; .NET CLR 3.0.30729; Media Center PC 6.0; .NET4.0C; .NET4.0E; InfoPath.2)"
14.184.14.59 - - [11/Sep/2016:21:10:13 +0700] "GET /wp-content/uploads/2016/03/hack-system-integrity-protection-45x45.png HTTP/1.1" 200 8531 "http://securitydaily.net/cach-khoi-phuc-lai-tai-khoan-googlegmail-khi-da-bi-hack/" "Mozilla/4.0 (compatible; MSIE 8.0; Windows NT 6.1; WOW64; Trident/4.0; SLCC2; .NET CLR 2.0.50727; .NET CLR 3.5.30729; .NET CLR 3.0.30729; Media Center PC 6.0; .NET4.0C; .NET4.0E; InfoPath.2)"
14.184.14.59 - - [11/Sep/2016:21:10:13 +0700] "GET /wp-content/uploads/2016/03/most-wanted-syrian-electronic-army-45x45.png HTTP/1.1" 200 7918 "http://securitydaily.net/cach-khoi-phuc-lai-tai-khoan-googlegmail-khi-da-bi-hack/" "Mozilla/4.0 (compatible; MSIE 8.0; Windows NT 6.1; WOW64; Trident/4.0; SLCC2; .NET CLR 2.0.50727; .NET CLR 3.5.30729; .NET CLR 3.0.30729; Media Center PC 6.0; .NET4.0C; .NET4.0E; InfoPath.2)"
14.184.14.59 - - [11/Sep/2016:21:10:13 +0700] "GET /wp-content/uploads/2016/03/badlock-45x45.png HTTP/1.1" 200 4777 "http://securitydaily.net/cach-khoi-phuc-lai-tai-khoan-googlegmail-khi-da-bi-hack/" "Mozilla/4.0 (compatible; MSIE 8.0; Windows NT 6.1; WOW64; Trident/4.0; SLCC2; .NET CLR 2.0.50727; .NET CLR 3.5.30729; .NET CLR 3.0.30729; Media Center PC 6.0; .NET4.0C; .NET4.0E; InfoPath.2)"
14.184.14.59 - - [11/Sep/2016:21:10:13 +0700] "GET /wp-content/plugins/yet-another-related-posts-plugin/style/related.css?ver=4.6 HTTP/1.1" 200 657 "http://securitydaily.net/cach-khoi-phuc-lai-tai-khoan-googlegmail-khi-da-bi-hack/" "Mozilla/4.0 (compatible; MSIE 8.0; Windows NT 6.1; WOW64; Trident/4.0; SLCC2; .NET CLR 2.0.50727; .NET CLR 3.5.30729; .NET CLR 3.0.30729; Media Center PC 6.0; .NET4.0C; .NET4.0E; InfoPath.2)"
14.184.14.59 - - [11/Sep/2016:21:10:13 +0700] "GET /wp-content/plugins/jetpack/modules/wpgroho.js?ver=4.6 HTTP/1.1" 200 838 "http://securitydaily.net/cach-khoi-phuc-lai-tai-khoan-googlegmail-khi-da-bi-hack/" "Mozilla/4.0 (compatible; MSIE 8.0; Windows NT 6.1; WOW64; Trident/4.0; SLCC2; .NET CLR 2.0.50727; .NET CLR 3.5.30729; .NET CLR 3.0.30729; Media Center PC 6.0; .NET4.0C; .NET4.0E; InfoPath.2)"
14.184.14.59 - - [11/Sep/2016:21:10:13 +0700] "GET /wp-content/plugins/youtube-embed-plus/scripts/fitvids.min.js?ver=4.6 HTTP/1.1" 200 1155 "http://securitydaily.net/cach-khoi-phuc-lai-tai-khoan-googlegmail-khi-da-bi-hack/" "Mozilla/4.0 (compatible; MSIE 8.0; Windows NT 6.1; WOW64; Trident/4.0; SLCC2; .NET CLR 2.0.50727; .NET CLR 3.5.30729; .NET CLR 3.0.30729; Media Center PC 6.0; .NET4.0C; .NET4.0E; InfoPath.2)"
14.184.14.59 - - [11/Sep/2016:21:10:13 +0700] "GET /wp-content/themes/chientq/js/jquery.js HTTP/1.1" 200 33153 "http://securitydaily.net/cach-khoi-phuc-lai-tai-khoan-googlegmail-khi-da-bi-hack/" "Mozilla/4.0 (compatible; MSIE 8.0; Windows NT 6.1; WOW64; Trident/4.0; SLCC2; .NET CLR 2.0.50727; .NET CLR 3.5.30729; .NET CLR 3.0.30729; Media Center PC 6.0; .NET4.0C; .NET4.0E; InfoPath.2)"
14.184.14.59 - - [11/Sep/2016:21:10:13 +0700] "GET /wp-content/themes/chientq/js/tq.js HTTP/1.1" 200 437 "http://securitydaily.net/cach-khoi-phuc-lai-tai-khoan-googlegmail-khi-da-bi-hack/" "Mozilla/4.0 (compatible; MSIE 8.0; Windows NT 6.1; WOW64; Trident/4.0; SLCC2; .NET CLR 2.0.50727; .NET CLR 3.5.30729; .NET CLR 3.0.30729; Media Center PC 6.0; .NET4.0C; .NET4.0E; InfoPath.2)"
14.184.14.59 - - [11/Sep/2016:21:10:13 +0700] "GET /wp-content/themes/chientq/js/bootstrap.min.js HTTP/1.1" 200 7603 "http://securitydaily.net/cach-khoi-phuc-lai-tai-khoan-googlegmail-khi-da-bi-hack/" "Mozilla/4.0 (compatible; MSIE 8.0; Windows NT 6.1; WOW64; Trident/4.0; SLCC2; .NET CLR 2.0.50727; .NET CLR 3.5.30729; .NET CLR 3.0.30729; Media Center PC 6.0; .NET4.0C; .NET4.0E; InfoPath.2)"
14.184.14.59 - - [11/Sep/2016:21:10:13 +0700] "GET /wp-content/themes/chientq/js/jquery.isotope.min.js HTTP/1.1" 200 5408 "http://securitydaily.net/cach-khoi-phuc-lai-tai-khoan-googlegmail-khi-da-bi-hack/" "Mozilla/4.0 (compatible; MSIE 8.0; Windows NT 6.1; WOW64; Trident/4.0; SLCC2; .NET CLR 2.0.50727; .NET CLR 3.5.30729; .NET CLR 3.0.30729; Media Center PC 6.0; .NET4.0C; .NET4.0E; InfoPath.2)"
14.184.14.59 - - [11/Sep/2016:21:10:13 +0700] "GET /wp-content/themes/chientq/js/jquery.prettyPhoto.js HTTP/1.1" 200 6367 "http://securitydaily.net/cach-khoi-phuc-lai-tai-khoan-googlegmail-khi-da-bi-hack/" "Mozilla/4.0 (compatible; MSIE 8.0; Windows NT 6.1; WOW64; Trident/4.0; SLCC2; .NET CLR 2.0.50727; .NET CLR 3.5.30729; .NET CLR 3.0.30729; Media Center PC 6.0; .NET4.0C; .NET4.0E; InfoPath.2)"
14.184.14.59 - - [11/Sep/2016:21:10:13 +0700] "GET /wp-includes/js/wp-embed.min.js?ver=4.6 HTTP/1.1" 200 1099 "http://securitydaily.net/cach-khoi-phuc-lai-tai-khoan-googlegmail-khi-da-bi-hack/" "Mozilla/4.0 (compatible; MSIE 8.0; Windows NT 6.1; WOW64; Trident/4.0; SLCC2; .NET CLR 2.0.50727; .NET CLR 3.5.30729; .NET CLR 3.0.30729; Media Center PC 6.0; .NET4.0C; .NET4.0E; InfoPath.2)"
14.184.14.59 - - [11/Sep/2016:21:10:13 +0700] "GET /wp-content/themes/chientq/js/main.js HTTP/1.1" 200 965 "http://securitydaily.net/cach-khoi-phuc-lai-tai-khoan-googlegmail-khi-da-bi-hack/" "Mozilla/4.0 (compatible; MSIE 8.0; Windows NT 6.1; WOW64; Trident/4.0; SLCC2; .NET CLR 2.0.50727; .NET CLR 3.5.30729; .NET CLR 3.0.30729; Media Center PC 6.0; .NET4.0C; .NET4.0E; InfoPath.2)"
85.143.213.194 - - [11/Sep/2016:21:10:13 +0700] "POST /xmlrpc.php HTTP/1.0" 503 1079 "-" "Mozilla/4.0 (compatible: MSIE 7.0; Windows NT 6.0)"
14.184.14.59 - - [11/Sep/2016:21:10:12 +0700] "GET /wp-content/uploads/2016/03/Dich-vu-an-toan-thong-tin.png HTTP/1.1" 200 294514 "http://securitydaily.net/cach-khoi-phuc-lai-tai-khoan-googlegmail-khi-da-bi-hack/" "Mozilla/4.0 (compatible; MSIE 8.0; Windows NT 6.1; WOW64; Trident/4.0; SLCC2; .NET CLR 2.0.50727; .NET CLR 3.5.30729; .NET CLR 3.0.30729; Media Center PC 6.0; .NET4.0C; .NET4.0E; InfoPath.2)"
14.184.14.59 - - [11/Sep/2016:21:10:12 +0700] "GET /wp-content/uploads/2016/03/chinh-phu-dien-tu--700x709.png HTTP/1.1" 200 172890 "http://securitydaily.net/cach-khoi-phuc-lai-tai-khoan-googlegmail-khi-da-bi-hack/" "Mozilla/4.0 (compatible; MSIE 8.0; Windows NT 6.1; WOW64; Trident/4.0; SLCC2; .NET CLR 2.0.50727; .NET CLR 3.5.30729; .NET CLR 3.0.30729; Media Center PC 6.0; .NET4.0C; .NET4.0E; InfoPath.2)"
85.143.213.194 - - [11/Sep/2016:21:10:14 +0700] "POST /xmlrpc.php HTTP/1.0" 503 1079 "-" "Mozilla/4.0 (compatible: MSIE 7.0; Windows NT 6.0)"
127.0.0.1 - - [11/Sep/2016:21:10:14 +0700] "OPTIONS * HTTP/1.0" 200 126 "-" "Apache/2.4.12 (Ubuntu) (internal dummy connection)"
127.0.0.1 - - [11/Sep/2016:21:10:15 +0700] "OPTIONS * HTTP/1.0" 200 126 "-" "Apache/2.4.12 (Ubuntu) (internal dummy connection)"
127.0.0.1 - - [11/Sep/2016:21:10:16 +0700] "OPTIONS * HTTP/1.0" 200 126 "-" "Apache/2.4.12 (Ubuntu) (internal dummy connection)"
127.0.0.1 - - [11/Sep/2016:21:10:17 +0700] "OPTIONS * HTTP/1.0" 200 126 "-" "Apache/2.4.12 (Ubuntu) (internal dummy connection)"
127.0.0.1 - - [11/Sep/2016:21:10:18 +0700] "OPTIONS * HTTP/1.0" 200 126 "-" "Apache/2.4.12 (Ubuntu) (internal dummy connection)"
66.249.71.21 - - [11/Sep/2016:21:10:18 +0700] "GET /lo-hong-tren-apple-mac-os-x-cho-phep-tin-tac-tan-cong-may-tinh-cua-ban/ HTTP/1.1" 503 1079 "-" "Mozilla/5.0 (compatible; Googlebot/2.1; +http://www.google.com/bot.html)"
85.143.213.194 - - [11/Sep/2016:21:10:18 +0700] "POST /xmlrpc.php HTTP/1.0" 503 1079 "-" "Mozilla/4.0 (compatible: MSIE 7.0; Windows NT 6.0)"
85.143.213.194 - - [11/Sep/2016:21:10:18 +0700] "POST /xmlrpc.php HTTP/1.0" 503 1079 "-" "Mozilla/4.0 (compatible: MSIE 7.0; Windows NT 6.0)"
127.0.0.1 - - [11/Sep/2016:21:10:19 +0700] "OPTIONS * HTTP/1.0" 200 126 "-" "Apache/2.4.12 (Ubuntu) (internal dummy connection)"
127.0.0.1 - - [11/Sep/2016:21:10:20 +0700] "OPTIONS * HTTP/1.0" 200 126 "-" "Apache/2.4.12 (Ubuntu) (internal dummy connection)"
123.30.242.11 - - [11/Sep/2016:21:10:20 +0700] "GET / HTTP/1.1" 200 93765 "-" "Mozilla/5.0 (Windows NT 6.1; WOW64) AppleWebKit/537.36 (KHTML, like Gecko) Chrome/43.0.2357.130 Safari/537.36"
127.0.0.1 - - [11/Sep/2016:21:10:21 +0700] "OPTIONS * HTTP/1.0" 200 126 "-" "Apache/2.4.12 (Ubuntu) (internal dummy connection)"
127.0.0.1 - - [11/Sep/2016:21:10:22 +0700] "OPTIONS * HTTP/1.0" 200 126 "-" "Apache/2.4.12 (Ubuntu) (internal dummy connection)"
127.0.0.1 - - [11/Sep/2016:21:10:23 +0700] "OPTIONS * HTTP/1.0" 200 126 "-" "Apache/2.4.12 (Ubuntu) (internal dummy connection)"
85.143.213.194 - - [11/Sep/2016:21:10:23 +0700] "POST /xmlrpc.php HTTP/1.0" 503 1079 "-" "Mozilla/4.0 (compatible: MSIE 7.0; Windows NT 6.0)"
157.55.39.94 - - [11/Sep/2016:21:10:23 +0700] "GET /tag/quoc-phong/ HTTP/1.1" 503 1079 "-" "Mozilla/5.0 (compatible; bingbot/2.0; +http://www.bing.com/bingbot.htm)"
85.143.213.194 - - [11/Sep/2016:21:10:23 +0700] "POST /xmlrpc.php HTTP/1.0" 503 1079 "-" "Mozilla/4.0 (compatible: MSIE 7.0; Windows NT 6.0)"
127.0.0.1 - - [11/Sep/2016:21:10:24 +0700] "OPTIONS * HTTP/1.0" 200 126 "-" "Apache/2.4.12 (Ubuntu) (internal dummy connection)"
