14.182.128.214 - - [11/Sep/2016:21:12:21 +0700] "GET /wp-content/themes/chientq/js/jquery.js HTTP/1.1" 200 33153 "http://securitydaily.net/huong-dan-giai-ma-petya-ransomware-mien-phi/" "Mozilla/5.0 (Windows NT 10.0) AppleWebKit/537.36 (KHTML, like Gecko) coc_coc_browser/58.3.126 Chrome/52.3.2743.126 Safari/537.36"
14.182.128.214 - - [11/Sep/2016:21:12:21 +0700] "GET /wp-content/themes/chientq/js/jquery.isotope.min.js HTTP/1.1" 200 5408 "http://securitydaily.net/huong-dan-giai-ma-petya-ransomware-mien-phi/" "Mozilla/5.0 (Windows NT 10.0) AppleWebKit/537.36 (KHTML, like Gecko) coc_coc_browser/58.3.126 Chrome/52.3.2743.126 Safari/537.36"
14.182.128.214 - - [11/Sep/2016:21:12:21 +0700] "GET /wp-content/themes/chientq/js/bootstrap.min.js HTTP/1.1" 200 7603 "http://securitydaily.net/huong-dan-giai-ma-petya-ransomware-mien-phi/" "Mozilla/5.0 (Windows NT 10.0) AppleWebKit/537.36 (KHTML, like Gecko) coc_coc_browser/58.3.126 Chrome/52.3.2743.126 Safari/537.36"
14.182.128.214 - - [11/Sep/2016:21:12:21 +0700] "GET /wp-content/themes/chientq/js/jquery.prettyPhoto.js HTTP/1.1" 200 6367 "http://securitydaily.net/huong-dan-giai-ma-petya-ransomware-mien-phi/" "Mozilla/5.0 (Windows NT 10.0) AppleWebKit/537.36 (KHTML, like Gecko) coc_coc_browser/58.3.126 Chrome/52.3.2743.126 Safari/537.36"
14.182.128.214 - - [11/Sep/2016:21:12:21 +0700] "GET /wp-content/themes/chientq/js/main.js HTTP/1.1" 200 965 "http://securitydaily.net/huong-dan-giai-ma-petya-ransomware-mien-phi/" "Mozilla/5.0 (Windows NT 10.0) AppleWebKit/537.36 (KHTML, like Gecko) coc_coc_browser/58.3.126 Chrome/52.3.2743.126 Safari/537.36"
14.182.128.214 - - [11/Sep/2016:21:12:21 +0700] "GET /wp-content/uploads/2014/03/SQL-Injection-Attack1.jpg HTTP/1.1" 200 27051 "http://securitydaily.net/huong-dan-giai-ma-petya-ransomware-mien-phi/" "Mozilla/5.0 (Windows NT 10.0) AppleWebKit/537.36 (KHTML, like Gecko) coc_coc_browser/58.3.126 Chrome/52.3.2743.126 Safari/537.36"
14.182.128.214 - - [11/Sep/2016:21:12:21 +0700] "GET /wp-content/uploads/2014/05/11084681.jpg HTTP/1.1" 200 99378 "http://securitydaily.net/huong-dan-giai-ma-petya-ransomware-mien-phi/" "Mozilla/5.0 (Windows NT 10.0) AppleWebKit/537.36 (KHTML, like Gecko) coc_coc_browser/58.3.126 Chrome/52.3.2743.126 Safari/537.36"
14.182.128.214 - - [11/Sep/2016:21:12:21 +0700] "GET /wp-content/uploads/2015/10/cia-director-hacked-700x365.png HTTP/1.1" 200 130135 "http://securitydaily.net/huong-dan-giai-ma-petya-ransomware-mien-phi/" "Mozilla/5.0 (Windows NT 10.0) AppleWebKit/537.36 (KHTML, like Gecko) coc_coc_browser/58.3.126 Chrome/52.3.2743.126 Safari/537.36"
14.182.128.214 - - [11/Sep/2016:21:12:21 +0700] "GET /wp-content/themes/chientq/font-awesome/fonts/fontawesome-webfont.woff?v=4.1.0 HTTP/1.1" 200 84023 "http://securitydaily.net/wp-content/themes/chientq/font-awesome/css/font-awesome.min.css" "Mozilla/5.0 (Windows NT 10.0) AppleWebKit/537.36 (KHTML, like Gecko) coc_coc_browser/58.3.126 Chrome/52.3.2743.126 Safari/537.36"
85.143.213.194 - - [11/Sep/2016:21:12:22 +0700] "POST /xmlrpc.php HTTP/1.0" 503 1079 "-" "Mozilla/4.0 (compatible: MSIE 7.0; Windows NT 6.0)"
85.143.213.194 - - [11/Sep/2016:21:12:22 +0700] "POST /xmlrpc.php HTTP/1.0" 503 1079 "-" "Mozilla/4.0 (compatible: MSIE 7.0; Windows NT 6.0)"
203.126.64.70 - - [11/Sep/2016:21:12:22 +0700] "GET /wp-content/uploads/2015/06/eff-org-privacy-45x45.jpg HTTP/1.1" 304 181 "-" "Mozilla/4.0 (compatible;)"
66.249.71.21 - - [11/Sep/2016:21:12:23 +0700] "GET /canh-bao-ma-doc-ransomware-lay-lan-tren-mac-os/ HTTP/1.1" 200 17246 "-" "Mozilla/5.0 (compatible; Googlebot/2.1; +http://www.google.com/bot.html)"
173.252.90.230 - - [11/Sep/2016:21:12:26 +0700] "GET /canh-bao-ma-doc-ransomware-lay-lan-tren-mac-os/ HTTP/1.1" 206 17258 "-" "facebookexternalhit/1.1 (+http://www.facebook.com/externalhit_uatext.php)"
85.143.213.194 - - [11/Sep/2016:21:12:26 +0700] "POST /xmlrpc.php HTTP/1.0" 503 1079 "-" "Mozilla/4.0 (compatible: MSIE 7.0; Windows NT 6.0)"
85.143.213.194 - - [11/Sep/2016:21:12:27 +0700] "POST /xmlrpc.php HTTP/1.0" 503 1079 "-" "Mozilla/4.0 (compatible: MSIE 7.0; Windows NT 6.0)"
127.0.0.1 - - [11/Sep/2016:21:12:28 +0700] "OPTIONS * HTTP/1.0" 200 126 "-" "Apache/2.4.12 (Ubuntu) (internal dummy connection)"
127.0.0.1 - - [11/Sep/2016:21:12:29 +0700] "OPTIONS * HTTP/1.0" 200 126 "-" "Apache/2.4.12 (Ubuntu) (internal dummy connection)"
14.182.128.214 - - [11/Sep/2016:21:12:30 +0700] "GET /wp-content/themes/chientq/favicon.ico HTTP/1.1" 200 17249 "http://securitydaily.net/huong-dan-giai-ma-petya-ransomware-mien-phi/" "Mozilla/5.0 (Windows NT 10.0) AppleWebKit/537.36 (KHTML, like Gecko) coc_coc_browser/58.3.126 Chrome/52.3.2743.126 Safari/537.36"
85.143.213.194 - - [11/Sep/2016:21:12:31 +0700] "POST /xmlrpc.php HTTP/1.0" 503 1079 "-" "Mozilla/4.0 (compatible: MSIE 7.0; Windows NT 6.0)"
85.143.213.194 - - [11/Sep/2016:21:12:31 +0700] "POST /xmlrpc.php HTTP/1.0" 503 1079 "-" "Mozilla/4.0 (compatible: MSIE 7.0; Windows NT 6.0)"
123.30.242.11 - - [11/Sep/2016:21:12:32 +0700] "GET / HTTP/1.1" 200 93765 "-" "Mozilla/5.0 (Windows NT 6.1; WOW64) AppleWebKit/537.36 (KHTML, like Gecko) Chrome/43.0.2357.130 Safari/537.36"
212.83.135.37 - - [11/Sep/2016:21:12:33 +0700] "GET / HTTP/1.1" 200 17965 "-" "Ruby"
171.247.141.19 - - [11/Sep/2016:21:12:34 +0700] "GET /canh-bao-ma-doc-da-nen-tang-hack-windows-linux-va-os-x/ HTTP/1.1" 200 15452 "https://www.facebook.com/" "Mozilla/5.0 (Windows NT 10.0; Win64; x64) AppleWebKit/537.36 (KHTML, like Gecko) Chrome/52.0.2743.116 Safari/537.36"
171.247.141.19 - - [11/Sep/2016:21:12:34 +0700] "GET /wp-content/themes/chientq/css/font-awesome.min.css HTTP/1.1" 200 4723 "http://securitydaily.net/canh-bao-ma-doc-da-nen-tang-hack-windows-linux-va-os-x/" "Mozilla/5.0 (Windows NT 10.0; Win64; x64) AppleWebKit/537.36 (KHTML, like Gecko) Chrome/52.0.2743.116 Safari/537.36"
171.247.141.19 - - [11/Sep/2016:21:12:34 +0700] "GET /wp-content/themes/chientq/font-awesome/css/font-awesome.min.css HTTP/1.1" 200 5034 "http://securitydaily.net/canh-bao-ma-doc-da-nen-tang-hack-windows-linux-va-os-x/" "Mozilla/5.0 (Windows NT 10.0; Win64; x64) AppleWebKit/537.36 (KHTML, like Gecko) Chrome/52.0.2743.116 Safari/537.36"
171.247.141.19 - - [11/Sep/2016:21:12:34 +0700] "GET /wp-content/themes/chientq/css/bootstrap.min.css HTTP/1.1" 200 16407 "http://securitydaily.net/canh-bao-ma-doc-da-nen-tang-hack-windows-linux-va-os-x/" "Mozilla/5.0 (Windows NT 10.0; Win64; x64) AppleWebKit/537.36 (KHTML, like Gecko) Chrome/52.0.2743.116 Safari/537.36"
171.247.141.19 - - [11/Sep/2016:21:12:34 +0700] "GET /wp-content/themes/chientq/css/prettyPhoto.css HTTP/1.1" 200 3107 "http://securitydaily.net/canh-bao-ma-doc-da-nen-tang-hack-windows-linux-va-os-x/" "Mozilla/5.0 (Windows NT 10.0; Win64; x64) AppleWebKit/537.36 (KHTML, like Gecko) Chrome/52.0.2743.116 Safari/537.36"
171.247.141.19 - - [11/Sep/2016:21:12:34 +0700] "GET /wp-content/themes/chientq/css/main.css HTTP/1.1" 200 3036 "http://securitydaily.net/canh-bao-ma-doc-da-nen-tang-hack-windows-linux-va-os-x/" "Mozilla/5.0 (Windows NT 10.0; Win64; x64) AppleWebKit/537.36 (KHTML, like Gecko) Chrome/52.0.2743.116 Safari/537.36"
171.247.141.19 - - [11/Sep/2016:21:12:34 +0700] "GET /wp-content/themes/chientq/css/styles.css HTTP/1.1" 200 1974 "http://securitydaily.net/canh-bao-ma-doc-da-nen-tang-hack-windows-linux-va-os-x/" "Mozilla/5.0 (Windows NT 10.0; Win64; x64) AppleWebKit/537.36 (KHTML, like Gecko) Chrome/52.0.2743.116 Safari/537.36"
171.247.141.19 - - [11/Sep/2016:21:12:34 +0700] "GET /wp-content/plugins/yet-another-related-posts-plugin/style/widget.css?ver=4.6 HTTP/1.1" 200 720 "http://securitydaily.net/canh-bao-ma-doc-da-nen-tang-hack-windows-linux-va-os-x/" "Mozilla/5.0 (Windows NT 10.0; Win64; x64) AppleWebKit/537.36 (KHTML, like Gecko) Chrome/52.0.2743.116 Safari/537.36"
171.247.141.19 - - [11/Sep/2016:21:12:34 +0700] "GET /wp-content/plugins/custom-about-author/cab-style.css?ver=4.6 HTTP/1.1" 200 912 "http://securitydaily.net/canh-bao-ma-doc-da-nen-tang-hack-windows-linux-va-os-x/" "Mozilla/5.0 (Windows NT 10.0; Win64; x64) AppleWebKit/537.36 (KHTML, like Gecko) Chrome/52.0.2743.116 Safari/537.36"
171.247.141.19 - - [11/Sep/2016:21:12:34 +0700] "GET /wp-content/plugins/organize-series/orgSeries.css?ver=4.6 HTTP/1.1" 200 1503 "http://securitydaily.net/canh-bao-ma-doc-da-nen-tang-hack-windows-linux-va-os-x/" "Mozilla/5.0 (Windows NT 10.0; Win64; x64) AppleWebKit/537.36 (KHTML, like Gecko) Chrome/52.0.2743.116 Safari/537.36"
171.247.141.19 - - [11/Sep/2016:21:12:34 +0700] "GET /wp-content/plugins/display-authors-widget/css/display-authors-widget.css?ver=20141604 HTTP/1.1" 200 530 "http://securitydaily.net/canh-bao-ma-doc-da-nen-tang-hack-windows-linux-va-os-x/" "Mozilla/5.0 (Windows NT 10.0; Win64; x64) AppleWebKit/537.36 (KHTML, like Gecko) Chrome/52.0.2743.116 Safari/537.36"
171.247.141.19 - - [11/Sep/2016:21:12:34 +0700] "GET /wp-content/plugins/responsive-lightbox/assets/prettyphoto/css/prettyPhoto.css?ver=1.6.9 HTTP/1.1" 200 3119 "http://securitydaily.net/canh-bao-ma-doc-da-nen-tang-hack-windows-linux-va-os-x/" "Mozilla/5.0 (Windows NT 10.0; Win64; x64) AppleWebKit/537.36 (KHTML, like Gecko) Chrome/52.0.2743.116 Safari/537.36"
171.247.141.19 - - [11/Sep/2016:21:12:34 +0700] "GET /wp-content/plugins/wordpress-popular-posts/style/wpp.css?ver=3.3.4 HTTP/1.1" 200 856 "http://securitydaily.net/canh-bao-ma-doc-da-nen-tang-hack-windows-linux-va-os-x/" "Mozilla/5.0 (Windows NT 10.0; Win64; x64) AppleWebKit/537.36 (KHTML, like Gecko) Chrome/52.0.2743.116 Safari/537.36"
171.247.141.19 - - [11/Sep/2016:21:12:34 +0700] "GET /wp-content/plugins/yet-another-related-posts-plugin/includes/styles_thumbnails.css.php?width=120&height=120&ver=4.3.1 HTTP/1.1" 200 556 "http://securitydaily.net/canh-bao-ma-doc-da-nen-tang-hack-windows-linux-va-os-x/" "Mozilla/5.0 (Windows NT 10.0; Win64; x64) AppleWebKit/537.36 (KHTML, like Gecko) Chrome/52.0.2743.116 Safari/537.36"
171.247.141.19 - - [11/Sep/2016:21:12:34 +0700] "GET /wp-content/plugins/youtube-embed-plus/styles/ytprefs.min.css?ver=4.6 HTTP/1.1" 200 1848 "http://securitydaily.net/canh-bao-ma-doc-da-nen-tang-hack-windows-linux-va-os-x/" "Mozilla/5.0 (Windows NT 10.0; Win64; x64) AppleWebKit/537.36 (KHTML, like Gecko) Chrome/52.0.2743.116 Safari/537.36"
171.247.141.19 - - [11/Sep/2016:21:12:34 +0700] "GET /wp-content/plugins/jetpack/css/jetpack.css?ver=4.2.2 HTTP/1.1" 200 10463 "http://securitydaily.net/canh-bao-ma-doc-da-nen-tang-hack-windows-linux-va-os-x/" "Mozilla/5.0 (Windows NT 10.0; Win64; x64) AppleWebKit/537.36 (KHTML, like Gecko) Chrome/52.0.2743.116 Safari/537.36"
171.247.141.19 - - [11/Sep/2016:21:12:34 +0700] "GET /wp-includes/js/jquery/jquery-migrate.min.js?ver=1.4.1 HTTP/1.1" 200 4365 "http://securitydaily.net/canh-bao-ma-doc-da-nen-tang-hack-windows-linux-va-os-x/" "Mozilla/5.0 (Windows NT 10.0; Win64; x64) AppleWebKit/537.36 (KHTML, like Gecko) Chrome/52.0.2743.116 Safari/537.36"
171.247.141.19 - - [11/Sep/2016:21:12:34 +0700] "GET /wp-content/plugins/yet-another-related-posts-plugin/style/related.css?ver=4.6 HTTP/1.1" 200 657 "http://securitydaily.net/canh-bao-ma-doc-da-nen-tang-hack-windows-linux-va-os-x/" "Mozilla/5.0 (Windows NT 10.0; Win64; x64) AppleWebKit/537.36 (KHTML, like Gecko) Chrome/52.0.2743.116 Safari/537.36"
171.247.141.19 - - [11/Sep/2016:21:12:34 +0700] "GET /wp-content/plugins/responsive-lightbox/assets/prettyphoto/js/jquery.prettyPhoto.js?ver=1.6.9 HTTP/1.1" 200 10216 "http://securitydaily.net/canh-bao-ma-doc-da-nen-tang-hack-windows-linux-va-os-x/" "Mozilla/5.0 (Windows NT 10.0; Win64; x64) AppleWebKit/537.36 (KHTML, like Gecko) Chrome/52.0.2743.116 Safari/537.36"
171.247.141.19 - - [11/Sep/2016:21:12:34 +0700] "GET /wp-content/plugins/responsive-lightbox/js/front.js?ver=1.6.9 HTTP/1.1" 200 3925 "http://securitydaily.net/canh-bao-ma-doc-da-nen-tang-hack-windows-linux-va-os-x/" "Mozilla/5.0 (Windows NT 10.0; Win64; x64) AppleWebKit/537.36 (KHTML, like Gecko) Chrome/52.0.2743.116 Safari/537.36"
171.247.141.19 - - [11/Sep/2016:21:12:34 +0700] "GET /wp-content/plugins/youtube-embed-plus/scripts/ytprefs.min.js?ver=4.6 HTTP/1.1" 200 3141 "http://securitydaily.net/canh-bao-ma-doc-da-nen-tang-hack-windows-linux-va-os-x/" "Mozilla/5.0 (Windows NT 10.0; Win64; x64) AppleWebKit/537.36 (KHTML, like Gecko) Chrome/52.0.2743.116 Safari/537.36"
171.247.141.19 - - [11/Sep/2016:21:12:34 +0700] "GET /wp-includes/js/jquery/jquery.js?ver=1.12.4 HTTP/1.1" 200 34119 "http://securitydaily.net/canh-bao-ma-doc-da-nen-tang-hack-windows-linux-va-os-x/" "Mozilla/5.0 (Windows NT 10.0; Win64; x64) AppleWebKit/537.36 (KHTML, like Gecko) Chrome/52.0.2743.116 Safari/537.36"
171.247.141.19 - - [11/Sep/2016:21:12:36 +0700] "GET /wp-content/plugins/jetpack/modules/wpgroho.js?ver=4.6 HTTP/1.1" 200 838 "http://securitydaily.net/canh-bao-ma-doc-da-nen-tang-hack-windows-linux-va-os-x/" "Mozilla/5.0 (Windows NT 10.0; Win64; x64) AppleWebKit/537.36 (KHTML, like Gecko) Chrome/52.0.2743.116 Safari/537.36"
171.247.141.19 - - [11/Sep/2016:21:12:36 +0700] "GET /wp-content/plugins/youtube-embed-plus/scripts/fitvids.min.js?ver=4.6 HTTP/1.1" 200 1155 "http://securitydaily.net/canh-bao-ma-doc-da-nen-tang-hack-windows-linux-va-os-x/" "Mozilla/5.0 (Windows NT 10.0; Win64; x64) AppleWebKit/537.36 (KHTML, like Gecko) Chrome/52.0.2743.116 Safari/537.36"
85.143.213.194 - - [11/Sep/2016:21:12:36 +0700] "POST /xmlrpc.php HTTP/1.0" 503 1079 "-" "Mozilla/4.0 (compatible: MSIE 7.0; Windows NT 6.0)"
171.247.141.19 - - [11/Sep/2016:21:12:36 +0700] "GET /wp-includes/js/wp-embed.min.js?ver=4.6 HTTP/1.1" 200 1099 "http://securitydaily.net/canh-bao-ma-doc-da-nen-tang-hack-windows-linux-va-os-x/" "Mozilla/5.0 (Windows NT 10.0; Win64; x64) AppleWebKit/537.36 (KHTML, like Gecko) Chrome/52.0.2743.116 Safari/537.36"
171.247.141.19 - - [11/Sep/2016:21:12:36 +0700] "GET /wp-content/themes/chientq/js/jquery.js HTTP/1.1" 200 33153 "http://securitydaily.net/canh-bao-ma-doc-da-nen-tang-hack-windows-linux-va-os-x/" "Mozilla/5.0 (Windows NT 10.0; Win64; x64) AppleWebKit/537.36 (KHTML, like Gecko) Chrome/52.0.2743.116 Safari/537.36"
171.247.141.19 - - [11/Sep/2016:21:12:36 +0700] "GET /wp-content/themes/chientq/js/tq.js HTTP/1.1" 200 437 "http://securitydaily.net/canh-bao-ma-doc-da-nen-tang-hack-windows-linux-va-os-x/" "Mozilla/5.0 (Windows NT 10.0; Win64; x64) AppleWebKit/537.36 (KHTML, like Gecko) Chrome/52.0.2743.116 Safari/537.36"
171.247.141.19 - - [11/Sep/2016:21:12:36 +0700] "GET /wp-content/themes/chientq/js/bootstrap.min.js HTTP/1.1" 200 7603 "http://securitydaily.net/canh-bao-ma-doc-da-nen-tang-hack-windows-linux-va-os-x/" "Mozilla/5.0 (Windows NT 10.0; Win64; x64) AppleWebKit/537.36 (KHTML, like Gecko) Chrome/52.0.2743.116 Safari/537.36"
85.143.213.194 - - [11/Sep/2016:21:12:36 +0700] "POST /xmlrpc.php HTTP/1.0" 503 1079 "-" "Mozilla/4.0 (compatible: MSIE 7.0; Windows NT 6.0)"
171.247.141.19 - - [11/Sep/2016:21:12:36 +0700] "GET /wp-content/themes/chientq/js/jquery.isotope.min.js HTTP/1.1" 200 5408 "http://securitydaily.net/canh-bao-ma-doc-da-nen-tang-hack-windows-linux-va-os-x/" "Mozilla/5.0 (Windows NT 10.0; Win64; x64) AppleWebKit/537.36 (KHTML, like Gecko) Chrome/52.0.2743.116 Safari/537.36"
171.247.141.19 - - [11/Sep/2016:21:12:36 +0700] "GET /wp-content/themes/chientq/js/jquery.prettyPhoto.js HTTP/1.1" 200 6367 "http://securitydaily.net/canh-bao-ma-doc-da-nen-tang-hack-windows-linux-va-os-x/" "Mozilla/5.0 (Windows NT 10.0; Win64; x64) AppleWebKit/537.36 (KHTML, like Gecko) Chrome/52.0.2743.116 Safari/537.36"
171.247.141.19 - - [11/Sep/2016:21:12:36 +0700] "GET /wp-content/themes/chientq/js/main.js HTTP/1.1" 200 965 "http://securitydaily.net/canh-bao-ma-doc-da-nen-tang-hack-windows-linux-va-os-x/" "Mozilla/5.0 (Windows NT 10.0; Win64; x64) AppleWebKit/537.36 (KHTML, like Gecko) Chrome/52.0.2743.116 Safari/537.36"
171.247.141.19 - - [11/Sep/2016:21:12:36 +0700] "GET /wp-content/uploads/2016/03/banner.png HTTP/1.1" 200 19025 "http://securitydaily.net/canh-bao-ma-doc-da-nen-tang-hack-windows-linux-va-os-x/" "Mozilla/5.0 (Windows NT 10.0; Win64; x64) AppleWebKit/537.36 (KHTML, like Gecko) Chrome/52.0.2743.116 Safari/537.36"
171.247.141.19 - - [11/Sep/2016:21:12:36 +0700] "GET /wp-content/uploads/2016/08/hack-android-phone-120x120.png HTTP/1.1" 200 31574 "http://securitydaily.net/canh-bao-ma-doc-da-nen-tang-hack-windows-linux-va-os-x/" "Mozilla/5.0 (Windows NT 10.0; Win64; x64) AppleWebKit/537.36 (KHTML, like Gecko) Chrome/52.0.2743.116 Safari/537.36"
171.247.141.19 - - [11/Sep/2016:21:12:37 +0700] "GET /wp-content/uploads/2016/08/dropbox-account-hack-120x120.png HTTP/1.1" 200 22236 "http://securitydaily.net/canh-bao-ma-doc-da-nen-tang-hack-windows-linux-va-os-x/" "Mozilla/5.0 (Windows NT 10.0; Win64; x64) AppleWebKit/537.36 (KHTML, like Gecko) Chrome/52.0.2743.116 Safari/537.36"
171.247.141.19 - - [11/Sep/2016:21:12:37 +0700] "GET /wp-content/uploads/2016/08/opera-browser-sync-service-hack-120x120.png HTTP/1.1" 200 12840 "http://securitydaily.net/canh-bao-ma-doc-da-nen-tang-hack-windows-linux-va-os-x/" "Mozilla/5.0 (Windows NT 10.0; Win64; x64) AppleWebKit/537.36 (KHTML, like Gecko) Chrome/52.0.2743.116 Safari/537.36"
171.247.141.19 - - [11/Sep/2016:21:12:37 +0700] "GET /wp-content/uploads/2016/08/how-to-hack-facebook-account-120x120.png HTTP/1.1" 200 22426 "http://securitydaily.net/canh-bao-ma-doc-da-nen-tang-hack-windows-linux-va-os-x/" "Mozilla/5.0 (Windows NT 10.0; Win64; x64) AppleWebKit/537.36 (KHTML, like Gecko) Chrome/52.0.2743.116 Safari/537.36"
171.247.141.19 - - [11/Sep/2016:21:12:37 +0700] "GET /wp-content/uploads/2016/08/remove-unwanted-services-from-linux-120x120.png HTTP/1.1" 200 16504 "http://securitydaily.net/canh-bao-ma-doc-da-nen-tang-hack-windows-linux-va-os-x/" "Mozilla/5.0 (Windows NT 10.0; Win64; x64) AppleWebKit/537.36 (KHTML, like Gecko) Chrome/52.0.2743.116 Safari/537.36"
171.247.141.19 - - [11/Sep/2016:21:12:37 +0700] "GET /wp-content/uploads/2016/08/the-nsa-hack-120x120.png HTTP/1.1" 200 30587 "http://securitydaily.net/canh-bao-ma-doc-da-nen-tang-hack-windows-linux-va-os-x/" "Mozilla/5.0 (Windows NT 10.0; Win64; x64) AppleWebKit/537.36 (KHTML, like Gecko) Chrome/52.0.2743.116 Safari/537.36"
209.133.201.212 - - [11/Sep/2016:21:12:37 +0700] "GET /category/kien-thuc-an-ninh-mang/kien-thuc-co-ban/ HTTP/1.1" 200 13970 "-" "Mozilla/5.0 (Macintosh; U; Intel Mac OS X 10_6_3; ru-ru) AppleWebKit/533.16 (KHTML, like Gecko) Version/5.0 Safari/533.16"
171.247.141.19 - - [11/Sep/2016:21:12:37 +0700] "GET /wp-content/uploads/2016/08/linux-server-tcp-packet-hacking-120x120.png HTTP/1.1" 200 13020 "http://securitydaily.net/canh-bao-ma-doc-da-nen-tang-hack-windows-linux-va-os-x/" "Mozilla/5.0 (Windows NT 10.0; Win64; x64) AppleWebKit/537.36 (KHTML, like Gecko) Chrome/52.0.2743.116 Safari/537.36"
171.247.141.19 - - [11/Sep/2016:21:12:37 +0700] "GET /wp-content/uploads/2016/08/nsa-hacked-120x120.png HTTP/1.1" 200 18086 "http://securitydaily.net/canh-bao-ma-doc-da-nen-tang-hack-windows-linux-va-os-x/" "Mozilla/5.0 (Windows NT 10.0; Win64; x64) AppleWebKit/537.36 (KHTML, like Gecko) Chrome/52.0.2743.116 Safari/537.36"
171.247.141.19 - - [11/Sep/2016:21:12:37 +0700] "GET /wp-content/uploads/2016/09/apple-mac-os-x-update-download-120x120.png HTTP/1.1" 200 14113 "http://securitydaily.net/canh-bao-ma-doc-da-nen-tang-hack-windows-linux-va-os-x/" "Mozilla/5.0 (Windows NT 10.0; Win64; x64) AppleWebKit/537.36 (KHTML, like Gecko) Chrome/52.0.2743.116 Safari/537.36"
171.247.141.19 - - [11/Sep/2016:21:12:37 +0700] "GET /wp-content/uploads/2016/09/kali-linux-hacking-operating-system-120x120.png HTTP/1.1" 200 14713 "http://securitydaily.net/canh-bao-ma-doc-da-nen-tang-hack-windows-linux-va-os-x/" "Mozilla/5.0 (Windows NT 10.0; Win64; x64) AppleWebKit/537.36 (KHTML, like Gecko) Chrome/52.0.2743.116 Safari/537.36"
171.247.141.19 - - [11/Sep/2016:21:12:37 +0700] "GET /wp-content/uploads/2016/03/chinh-phu-dien-tu--700x709.png HTTP/1.1" 200 172890 "http://securitydaily.net/canh-bao-ma-doc-da-nen-tang-hack-windows-linux-va-os-x/" "Mozilla/5.0 (Windows NT 10.0; Win64; x64) AppleWebKit/537.36 (KHTML, like Gecko) Chrome/52.0.2743.116 Safari/537.36"
171.247.141.19 - - [11/Sep/2016:21:12:39 +0700] "GET /wp-content/uploads/2016/03/bao-mat-thu-dien-tu.png HTTP/1.1" 200 18826 "http://securitydaily.net/canh-bao-ma-doc-da-nen-tang-hack-windows-linux-va-os-x/" "Mozilla/5.0 (Windows NT 10.0; Win64; x64) AppleWebKit/537.36 (KHTML, like Gecko) Chrome/52.0.2743.116 Safari/537.36"
171.247.141.19 - - [11/Sep/2016:21:12:39 +0700] "GET /wp-content/uploads/2015/03/ddosattack.jpg HTTP/1.1" 200 35333 "http://securitydaily.net/canh-bao-ma-doc-da-nen-tang-hack-windows-linux-va-os-x/" "Mozilla/5.0 (Windows NT 10.0; Win64; x64) AppleWebKit/537.36 (KHTML, like Gecko) Chrome/52.0.2743.116 Safari/537.36"
171.247.141.19 - - [11/Sep/2016:21:12:39 +0700] "GET /wp-content/uploads/2016/03/bi-mat-tai-khoan.png HTTP/1.1" 200 29421 "http://securitydaily.net/canh-bao-ma-doc-da-nen-tang-hack-windows-linux-va-os-x/" "Mozilla/5.0 (Windows NT 10.0; Win64; x64) AppleWebKit/537.36 (KHTML, like Gecko) Chrome/52.0.2743.116 Safari/537.36"
171.247.141.19 - - [11/Sep/2016:21:12:39 +0700] "GET /wp-content/uploads/2014/10/APT-700x432.jpg HTTP/1.1" 200 68568 "http://securitydaily.net/canh-bao-ma-doc-da-nen-tang-hack-windows-linux-va-os-x/" "Mozilla/5.0 (Windows NT 10.0; Win64; x64) AppleWebKit/537.36 (KHTML, like Gecko) Chrome/52.0.2743.116 Safari/537.36"
171.247.141.19 - - [11/Sep/2016:21:12:39 +0700] "GET /wp-content/uploads/2016/07/sinhvienit-xss-csrf-exploit-45x45.png HTTP/1.1" 200 2171 "http://securitydaily.net/canh-bao-ma-doc-da-nen-tang-hack-windows-linux-va-os-x/" "Mozilla/5.0 (Windows NT 10.0; Win64; x64) AppleWebKit/537.36 (KHTML, like Gecko) Chrome/52.0.2743.116 Safari/537.36"
171.247.141.19 - - [11/Sep/2016:21:12:40 +0700] "GET /wp-content/uploads/2016/04/locky_eng_11-45x45.png HTTP/1.1" 200 2235 "http://securitydaily.net/canh-bao-ma-doc-da-nen-tang-hack-windows-linux-va-os-x/" "Mozilla/5.0 (Windows NT 10.0; Win64; x64) AppleWebKit/537.36 (KHTML, like Gecko) Chrome/52.0.2743.116 Safari/537.36"
171.247.141.19 - - [11/Sep/2016:21:12:40 +0700] "GET /wp-content/uploads/2014/08/Monitoring-Response-Centre-45x45.jpg HTTP/1.1" 200 2407 "http://securitydaily.net/canh-bao-ma-doc-da-nen-tang-hack-windows-linux-va-os-x/" "Mozilla/5.0 (Windows NT 10.0; Win64; x64) AppleWebKit/537.36 (KHTML, like Gecko) Chrome/52.0.2743.116 Safari/537.36"
171.247.141.19 - - [11/Sep/2016:21:12:40 +0700] "GET /wp-content/uploads/2016/01/Lo-hong-bao-mat-45x45.jpg HTTP/1.1" 200 2010 "http://securitydaily.net/canh-bao-ma-doc-da-nen-tang-hack-windows-linux-va-os-x/" "Mozilla/5.0 (Windows NT 10.0; Win64; x64) AppleWebKit/537.36 (KHTML, like Gecko) Chrome/52.0.2743.116 Safari/537.36"
171.247.141.19 - - [11/Sep/2016:21:12:40 +0700] "GET /wp-content/uploads/2015/11/ma-doc-hack-facebook-03-45x45.png HTTP/1.1" 200 2217 "http://securitydaily.net/canh-bao-ma-doc-da-nen-tang-hack-windows-linux-va-os-x/" "Mozilla/5.0 (Windows NT 10.0; Win64; x64) AppleWebKit/537.36 (KHTML, like Gecko) Chrome/52.0.2743.116 Safari/537.36"
171.247.141.19 - - [11/Sep/2016:21:12:40 +0700] "GET /wp-content/uploads/wordpress-popular-posts/16582-featured-45x45.png HTTP/1.1" 200 4444 "http://securitydaily.net/canh-bao-ma-doc-da-nen-tang-hack-windows-linux-va-os-x/" "Mozilla/5.0 (Windows NT 10.0; Win64; x64) AppleWebKit/537.36 (KHTML, like Gecko) Chrome/52.0.2743.116 Safari/537.36"
171.247.141.19 - - [11/Sep/2016:21:12:40 +0700] "GET /wp-content/uploads/wordpress-popular-posts/16612-featured-45x45.png HTTP/1.1" 200 4700 "http://securitydaily.net/canh-bao-ma-doc-da-nen-tang-hack-windows-linux-va-os-x/" "Mozilla/5.0 (Windows NT 10.0; Win64; x64) AppleWebKit/537.36 (KHTML, like Gecko) Chrome/52.0.2743.116 Safari/537.36"
171.247.141.19 - - [11/Sep/2016:21:12:40 +0700] "GET /wp-content/uploads/wordpress-popular-posts/16637-featured-45x45.png HTTP/1.1" 200 5275 "http://securitydaily.net/canh-bao-ma-doc-da-nen-tang-hack-windows-linux-va-os-x/" "Mozilla/5.0 (Windows NT 10.0; Win64; x64) AppleWebKit/537.36 (KHTML, like Gecko) Chrome/52.0.2743.116 Safari/537.36"
171.247.141.19 - - [11/Sep/2016:21:12:40 +0700] "GET /wp-content/uploads/wordpress-popular-posts/16634-featured-45x45.png HTTP/1.1" 200 4339 "http://securitydaily.net/canh-bao-ma-doc-da-nen-tang-hack-windows-linux-va-os-x/" "Mozilla/5.0 (Windows NT 10.0; Win64; x64) AppleWebKit/537.36 (KHTML, like Gecko) Chrome/52.0.2743.116 Safari/537.36"
171.247.141.19 - - [11/Sep/2016:21:12:40 +0700] "GET /wp-content/uploads/wordpress-popular-posts/16575-featured-45x45.png HTTP/1.1" 200 3883 "http://securitydaily.net/canh-bao-ma-doc-da-nen-tang-hack-windows-linux-va-os-x/" "Mozilla/5.0 (Windows NT 10.0; Win64; x64) AppleWebKit/537.36 (KHTML, like Gecko) Chrome/52.0.2743.116 Safari/537.36"
171.247.141.19 - - [11/Sep/2016:21:12:40 +0700] "GET /wp-content/uploads/wordpress-popular-posts/16593-featured-45x45.png HTTP/1.1" 200 5809 "http://securitydaily.net/canh-bao-ma-doc-da-nen-tang-hack-windows-linux-va-os-x/" "Mozilla/5.0 (Windows NT 10.0; Win64; x64) AppleWebKit/537.36 (KHTML, like Gecko) Chrome/52.0.2743.116 Safari/537.36"
171.247.141.19 - - [11/Sep/2016:21:12:40 +0700] "GET /wp-content/uploads/wordpress-popular-posts/16625-featured-45x45.png HTTP/1.1" 200 5938 "http://securitydaily.net/canh-bao-ma-doc-da-nen-tang-hack-windows-linux-va-os-x/" "Mozilla/5.0 (Windows NT 10.0; Win64; x64) AppleWebKit/537.36 (KHTML, like Gecko) Chrome/52.0.2743.116 Safari/537.36"
171.247.141.19 - - [11/Sep/2016:21:12:40 +0700] "GET /wp-content/uploads/wordpress-popular-posts/16607-featured-45x45.png HTTP/1.1" 200 4537 "http://securitydaily.net/canh-bao-ma-doc-da-nen-tang-hack-windows-linux-va-os-x/" "Mozilla/5.0 (Windows NT 10.0; Win64; x64) AppleWebKit/537.36 (KHTML, like Gecko) Chrome/52.0.2743.116 Safari/537.36"
171.247.141.19 - - [11/Sep/2016:21:12:40 +0700] "GET /wp-content/uploads/wordpress-popular-posts/16601-featured-45x45.png HTTP/1.1" 200 5789 "http://securitydaily.net/canh-bao-ma-doc-da-nen-tang-hack-windows-linux-va-os-x/" "Mozilla/5.0 (Windows NT 10.0; Win64; x64) AppleWebKit/537.36 (KHTML, like Gecko) Chrome/52.0.2743.116 Safari/537.36"
171.247.141.19 - - [11/Sep/2016:21:12:40 +0700] "GET /wp-content/uploads/wordpress-popular-posts/16640-featured-45x45.png HTTP/1.1" 200 3519 "http://securitydaily.net/canh-bao-ma-doc-da-nen-tang-hack-windows-linux-va-os-x/" "Mozilla/5.0 (Windows NT 10.0; Win64; x64) AppleWebKit/537.36 (KHTML, like Gecko) Chrome/52.0.2743.116 Safari/537.36"
171.247.141.19 - - [11/Sep/2016:21:12:40 +0700] "GET /wp-content/uploads/2014/08/cisco_patches-45x45.jpg HTTP/1.1" 200 1838 "http://securitydaily.net/canh-bao-ma-doc-da-nen-tang-hack-windows-linux-va-os-x/" "Mozilla/5.0 (Windows NT 10.0; Win64; x64) AppleWebKit/537.36 (KHTML, like Gecko) Chrome/52.0.2743.116 Safari/537.36"
171.247.141.19 - - [11/Sep/2016:21:12:40 +0700] "GET /wp-content/uploads/2016/03/fbi-most-wanted-hackers-45x45.png HTTP/1.1" 200 8234 "http://securitydaily.net/canh-bao-ma-doc-da-nen-tang-hack-windows-linux-va-os-x/" "Mozilla/5.0 (Windows NT 10.0; Win64; x64) AppleWebKit/537.36 (KHTML, like Gecko) Chrome/52.0.2743.116 Safari/537.36"
171.247.141.19 - - [11/Sep/2016:21:12:40 +0700] "GET /wp-content/uploads/2016/03/hack-system-integrity-protection-45x45.png HTTP/1.1" 200 8531 "http://securitydaily.net/canh-bao-ma-doc-da-nen-tang-hack-windows-linux-va-os-x/" "Mozilla/5.0 (Windows NT 10.0; Win64; x64) AppleWebKit/537.36 (KHTML, like Gecko) Chrome/52.0.2743.116 Safari/537.36"
171.247.141.19 - - [11/Sep/2016:21:12:40 +0700] "GET /wp-content/uploads/2016/03/most-wanted-syrian-electronic-army-45x45.png HTTP/1.1" 200 7918 "http://securitydaily.net/canh-bao-ma-doc-da-nen-tang-hack-windows-linux-va-os-x/" "Mozilla/5.0 (Windows NT 10.0; Win64; x64) AppleWebKit/537.36 (KHTML, like Gecko) Chrome/52.0.2743.116 Safari/537.36"
171.247.141.19 - - [11/Sep/2016:21:12:40 +0700] "GET /wp-content/uploads/2016/03/badlock-45x45.png HTTP/1.1" 200 4777 "http://securitydaily.net/canh-bao-ma-doc-da-nen-tang-hack-windows-linux-va-os-x/" "Mozilla/5.0 (Windows NT 10.0; Win64; x64) AppleWebKit/537.36 (KHTML, like Gecko) Chrome/52.0.2743.116 Safari/537.36"
85.143.213.194 - - [11/Sep/2016:21:12:40 +0700] "POST /xmlrpc.php HTTP/1.0" 503 1079 "-" "Mozilla/4.0 (compatible: MSIE 7.0; Windows NT 6.0)"
85.143.213.194 - - [11/Sep/2016:21:12:41 +0700] "POST /xmlrpc.php HTTP/1.0" 503 1079 "-" "Mozilla/4.0 (compatible: MSIE 7.0; Windows NT 6.0)"
127.0.0.1 - - [11/Sep/2016:21:12:41 +0700] "OPTIONS * HTTP/1.0" 200 126 "-" "Apache/2.4.12 (Ubuntu) (internal dummy connection)"
127.0.0.1 - - [11/Sep/2016:21:12:43 +0700] "OPTIONS * HTTP/1.0" 200 126 "-" "Apache/2.4.12 (Ubuntu) (internal dummy connection)"
85.143.213.194 - - [11/Sep/2016:21:12:45 +0700] "POST /xmlrpc.php HTTP/1.0" 503 1079 "-" "Mozilla/4.0 (compatible: MSIE 7.0; Windows NT 6.0)"
85.143.213.194 - - [11/Sep/2016:21:12:46 +0700] "POST /xmlrpc.php HTTP/1.0" 503 1079 "-" "Mozilla/4.0 (compatible: MSIE 7.0; Windows NT 6.0)"
127.0.0.1 - - [11/Sep/2016:21:12:48 +0700] "OPTIONS * HTTP/1.0" 200 126 "-" "Apache/2.4.12 (Ubuntu) (internal dummy connection)"
85.143.213.194 - - [11/Sep/2016:21:12:50 +0700] "POST /xmlrpc.php HTTP/1.0" 503 1079 "-" "Mozilla/4.0 (compatible: MSIE 7.0; Windows NT 6.0)"
85.143.213.194 - - [11/Sep/2016:21:12:50 +0700] "POST /xmlrpc.php HTTP/1.0" 503 1079 "-" "Mozilla/4.0 (compatible: MSIE 7.0; Windows NT 6.0)"
85.143.213.194 - - [11/Sep/2016:21:12:55 +0700] "POST /xmlrpc.php HTTP/1.0" 503 1079 "-" "Mozilla/4.0 (compatible: MSIE 7.0; Windows NT 6.0)"
85.143.213.194 - - [11/Sep/2016:21:12:55 +0700] "POST /xmlrpc.php HTTP/1.0" 503 1079 "-" "Mozilla/4.0 (compatible: MSIE 7.0; Windows NT 6.0)"
85.143.213.194 - - [11/Sep/2016:21:12:59 +0700] "POST /xmlrpc.php HTTP/1.0" 503 1079 "-" "Mozilla/4.0 (compatible: MSIE 7.0; Windows NT 6.0)"
85.143.213.194 - - [11/Sep/2016:21:13:00 +0700] "POST /xmlrpc.php HTTP/1.0" 503 1079 "-" "Mozilla/4.0 (compatible: MSIE 7.0; Windows NT 6.0)"
66.249.71.21 - - [11/Sep/2016:21:13:04 +0700] "GET /diem-tin-an-ninh-mang-ngay-215-hacker-trung-quoc-khong-chi-co-1937cn/ HTTP/1.1" 503 1079 "-" "Mozilla/5.0 (compatible; Googlebot/2.1; +http://www.google.com/bot.html)"
85.143.213.194 - - [11/Sep/2016:21:13:04 +0700] "POST /xmlrpc.php HTTP/1.0" 503 1079 "-" "Mozilla/4.0 (compatible: MSIE 7.0; Windows NT 6.0)"
85.143.213.194 - - [11/Sep/2016:21:13:05 +0700] "POST /xmlrpc.php HTTP/1.0" 503 1079 "-" "Mozilla/4.0 (compatible: MSIE 7.0; Windows NT 6.0)"
164.132.161.32 - - [11/Sep/2016:21:13:07 +0700] "GET /tin-tac-dang-trien-khai-botnet-tan-cong-voi-lo-hong-shellshock/ HTTP/1.1" 503 1079 "-" "Mozilla/5.0 (compatible; AhrefsBot/5.1; +http://ahrefs.com/robot/)"
85.143.213.194 - - [11/Sep/2016:21:13:09 +0700] "POST /xmlrpc.php HTTP/1.0" 503 1079 "-" "Mozilla/4.0 (compatible: MSIE 7.0; Windows NT 6.0)"
85.143.213.194 - - [11/Sep/2016:21:13:09 +0700] "POST /xmlrpc.php HTTP/1.0" 503 1079 "-" "Mozilla/4.0 (compatible: MSIE 7.0; Windows NT 6.0)"
85.143.213.194 - - [11/Sep/2016:21:13:14 +0700] "POST /xmlrpc.php HTTP/1.0" 503 1079 "-" "Mozilla/4.0 (compatible: MSIE 7.0; Windows NT 6.0)"
85.143.213.194 - - [11/Sep/2016:21:13:14 +0700] "POST /xmlrpc.php HTTP/1.0" 503 1079 "-" "Mozilla/4.0 (compatible: MSIE 7.0; Windows NT 6.0)"
116.103.189.131 - - [11/Sep/2016:21:13:16 +0700] "GET /wp-content/uploads/2016/04/decrypting.png HTTP/1.1" 200 23365 "-" "Mozilla/5.0 (Windows NT 10.0; Win64; x64; rv:48.0) Gecko/20100101 Firefox/1C66"
116.103.189.131 - - [11/Sep/2016:21:13:17 +0700] "GET /wp-content/uploads/2016/04/petya-decryption-key-found.png HTTP/1.1" 200 105650 "-" "Mozilla/5.0 (Windows NT 10.0; Win64; x64; rv:48.0) Gecko/20100101 Firefox/1C66"
116.103.189.131 - - [11/Sep/2016:21:13:17 +0700] "GET /wp-content/uploads/2016/04/required-info.png HTTP/1.1" 200 135834 "-" "Mozilla/5.0 (Windows NT 10.0; Win64; x64; rv:48.0) Gecko/20100101 Firefox/1C66"
85.143.213.194 - - [11/Sep/2016:21:13:19 +0700] "POST /xmlrpc.php HTTP/1.0" 503 1079 "-" "Mozilla/4.0 (compatible: MSIE 7.0; Windows NT 6.0)"
85.143.213.194 - - [11/Sep/2016:21:13:19 +0700] "POST /xmlrpc.php HTTP/1.0" 503 1079 "-" "Mozilla/4.0 (compatible: MSIE 7.0; Windows NT 6.0)"
157.55.39.94 - - [11/Sep/2016:21:13:22 +0700] "GET /google-theo-doi-cac-bo-phim-ban-xem-va-chuong-trinh-cua-ban-nhu-nao/ HTTP/1.1" 503 1079 "-" "Mozilla/5.0 (compatible; bingbot/2.0; +http://www.bing.com/bingbot.htm)"
85.143.213.194 - - [11/Sep/2016:21:13:23 +0700] "POST /xmlrpc.php HTTP/1.0" 503 1079 "-" "Mozilla/4.0 (compatible: MSIE 7.0; Windows NT 6.0)"
85.143.213.194 - - [11/Sep/2016:21:13:24 +0700] "POST /xmlrpc.php HTTP/1.0" 503 1079 "-" "Mozilla/4.0 (compatible: MSIE 7.0; Windows NT 6.0)"
103.19.89.251 - - [11/Sep/2016:21:13:26 +0700] "POST /xmlrpc.php HTTP/1.1" 503 1079 "-" "Mozilla/5.0 (Macintosh; U; Intel Mac OS X 10.6; fr; rv:1.9.2.8) Gecko/20100722 Firefox/3.6.8"
85.143.213.194 - - [11/Sep/2016:21:13:28 +0700] "POST /xmlrpc.php HTTP/1.0" 503 1079 "-" "Mozilla/4.0 (compatible: MSIE 7.0; Windows NT 6.0)"
85.143.213.194 - - [11/Sep/2016:21:13:28 +0700] "POST /xmlrpc.php HTTP/1.0" 503 1079 "-" "Mozilla/4.0 (compatible: MSIE 7.0; Windows NT 6.0)"
51.255.65.79 - - [11/Sep/2016:21:13:32 +0700] "GET /tag/oracle/page/2/ HTTP/1.1" 503 1079 "-" "Mozilla/5.0 (compatible; AhrefsBot/5.1; +http://ahrefs.com/robot/)"
85.143.213.194 - - [11/Sep/2016:21:13:33 +0700] "POST /xmlrpc.php HTTP/1.0" 503 1079 "-" "Mozilla/4.0 (compatible: MSIE 7.0; Windows NT 6.0)"
85.143.213.194 - - [11/Sep/2016:21:13:33 +0700] "POST /xmlrpc.php HTTP/1.0" 503 1079 "-" "Mozilla/4.0 (compatible: MSIE 7.0; Windows NT 6.0)"
85.143.213.194 - - [11/Sep/2016:21:13:37 +0700] "POST /xmlrpc.php HTTP/1.0" 503 1079 "-" "Mozilla/4.0 (compatible: MSIE 7.0; Windows NT 6.0)"
85.143.213.194 - - [11/Sep/2016:21:13:38 +0700] "POST /xmlrpc.php HTTP/1.0" 503 1079 "-" "Mozilla/4.0 (compatible: MSIE 7.0; Windows NT 6.0)"
123.30.242.11 - - [11/Sep/2016:21:13:39 +0700] "GET / HTTP/1.1" 200 93765 "-" "Mozilla/5.0 (Windows NT 6.1; WOW64) AppleWebKit/537.36 (KHTML, like Gecko) Chrome/43.0.2357.130 Safari/537.36"
85.143.213.194 - - [11/Sep/2016:21:13:42 +0700] "POST /xmlrpc.php HTTP/1.0" 503 1079 "-" "Mozilla/4.0 (compatible: MSIE 7.0; Windows NT 6.0)"
85.143.213.194 - - [11/Sep/2016:21:13:43 +0700] "POST /xmlrpc.php HTTP/1.0" 503 1079 "-" "Mozilla/4.0 (compatible: MSIE 7.0; Windows NT 6.0)"
66.249.71.21 - - [11/Sep/2016:21:13:46 +0700] "GET /hay-can-than-voi-cac-loi-de-nghi-phien-ban-malwarebytes-anti-malware-2-0-mien-phi/ HTTP/1.1" 503 1079 "-" "Mozilla/5.0 (compatible; Googlebot/2.1; +http://www.google.com/bot.html)"
85.143.213.194 - - [11/Sep/2016:21:13:47 +0700] "POST /xmlrpc.php HTTP/1.0" 503 1079 "-" "Mozilla/4.0 (compatible: MSIE 7.0; Windows NT 6.0)"
85.143.213.194 - - [11/Sep/2016:21:13:47 +0700] "POST /xmlrpc.php HTTP/1.0" 503 1079 "-" "Mozilla/4.0 (compatible: MSIE 7.0; Windows NT 6.0)"
113.169.83.62 - - [11/Sep/2016:21:13:50 +0700] "GET /wp-content/uploads/2015/07/rainbowzuck-695x336.jpg HTTP/1.1" 200 35040 "https://www.google.com.vn/" "Mozilla/5.0 (Windows NT 5.1) AppleWebKit/537.36 (KHTML, like Gecko) coc_coc_browser/56.3.130 Chrome/50.3.2661.130 Safari/537.36"
85.143.213.194 - - [11/Sep/2016:21:13:52 +0700] "POST /xmlrpc.php HTTP/1.0" 503 1079 "-" "Mozilla/4.0 (compatible: MSIE 7.0; Windows NT 6.0)"
85.143.213.194 - - [11/Sep/2016:21:13:52 +0700] "POST /xmlrpc.php HTTP/1.0" 503 1079 "-" "Mozilla/4.0 (compatible: MSIE 7.0; Windows NT 6.0)"
119.17.214.102 - - [11/Sep/2016:21:13:53 +0700] "GET / HTTP/1.1" 200 17965 "-" "Agent WebChecker VNIST.VN version 1.0"
85.143.213.194 - - [11/Sep/2016:21:13:56 +0700] "POST /xmlrpc.php HTTP/1.0" 503 1079 "-" "Mozilla/4.0 (compatible: MSIE 7.0; Windows NT 6.0)"
85.143.213.194 - - [11/Sep/2016:21:13:57 +0700] "POST /xmlrpc.php HTTP/1.0" 503 1079 "-" "Mozilla/4.0 (compatible: MSIE 7.0; Windows NT 6.0)"
113.183.3.44 - - [11/Sep/2016:21:13:59 +0700] "GET /huong-dan-giai-ma-petya-ransomware-mien-phi/ HTTP/1.1" 200 15986 "https://www.google.com.vn/" "Mozilla/5.0 (Windows NT 10.0) AppleWebKit/537.36 (KHTML, like Gecko) coc_coc_browser/56.3.120 Chrome/50.3.2661.120 Safari/537.36"
113.183.3.44 - - [11/Sep/2016:21:14:00 +0700] "GET /wp-content/themes/chientq/css/bootstrap.min.css HTTP/1.1" 200 16407 "http://securitydaily.net/huong-dan-giai-ma-petya-ransomware-mien-phi/" "Mozilla/5.0 (Windows NT 10.0) AppleWebKit/537.36 (KHTML, like Gecko) coc_coc_browser/56.3.120 Chrome/50.3.2661.120 Safari/537.36"
113.183.3.44 - - [11/Sep/2016:21:14:00 +0700] "GET /wp-content/themes/chientq/css/font-awesome.min.css HTTP/1.1" 200 4723 "http://securitydaily.net/huong-dan-giai-ma-petya-ransomware-mien-phi/" "Mozilla/5.0 (Windows NT 10.0) AppleWebKit/537.36 (KHTML, like Gecko) coc_coc_browser/56.3.120 Chrome/50.3.2661.120 Safari/537.36"
113.183.3.44 - - [11/Sep/2016:21:14:00 +0700] "GET /wp-content/themes/chientq/font-awesome/css/font-awesome.min.css HTTP/1.1" 200 5033 "http://securitydaily.net/huong-dan-giai-ma-petya-ransomware-mien-phi/" "Mozilla/5.0 (Windows NT 10.0) AppleWebKit/537.36 (KHTML, like Gecko) coc_coc_browser/56.3.120 Chrome/50.3.2661.120 Safari/537.36"
113.183.3.44 - - [11/Sep/2016:21:14:00 +0700] "GET /wp-content/themes/chientq/css/prettyPhoto.css HTTP/1.1" 200 3106 "http://securitydaily.net/huong-dan-giai-ma-petya-ransomware-mien-phi/" "Mozilla/5.0 (Windows NT 10.0) AppleWebKit/537.36 (KHTML, like Gecko) coc_coc_browser/56.3.120 Chrome/50.3.2661.120 Safari/537.36"
113.183.3.44 - - [11/Sep/2016:21:14:00 +0700] "GET /wp-content/themes/chientq/css/main.css HTTP/1.1" 200 3036 "http://securitydaily.net/huong-dan-giai-ma-petya-ransomware-mien-phi/" "Mozilla/5.0 (Windows NT 10.0) AppleWebKit/537.36 (KHTML, like Gecko) coc_coc_browser/56.3.120 Chrome/50.3.2661.120 Safari/537.36"
113.183.3.44 - - [11/Sep/2016:21:14:00 +0700] "GET /wp-content/themes/chientq/css/styles.css HTTP/1.1" 200 1973 "http://securitydaily.net/huong-dan-giai-ma-petya-ransomware-mien-phi/" "Mozilla/5.0 (Windows NT 10.0) AppleWebKit/537.36 (KHTML, like Gecko) coc_coc_browser/56.3.120 Chrome/50.3.2661.120 Safari/537.36"
113.183.3.44 - - [11/Sep/2016:21:14:00 +0700] "GET /wp-content/plugins/yet-another-related-posts-plugin/style/widget.css?ver=4.6 HTTP/1.1" 200 719 "http://securitydaily.net/huong-dan-giai-ma-petya-ransomware-mien-phi/" "Mozilla/5.0 (Windows NT 10.0) AppleWebKit/537.36 (KHTML, like Gecko) coc_coc_browser/56.3.120 Chrome/50.3.2661.120 Safari/537.36"
113.183.3.44 - - [11/Sep/2016:21:14:00 +0700] "GET /wp-content/plugins/custom-about-author/cab-style.css?ver=4.6 HTTP/1.1" 200 912 "http://securitydaily.net/huong-dan-giai-ma-petya-ransomware-mien-phi/" "Mozilla/5.0 (Windows NT 10.0) AppleWebKit/537.36 (KHTML, like Gecko) coc_coc_browser/56.3.120 Chrome/50.3.2661.120 Safari/537.36"
113.183.3.44 - - [11/Sep/2016:21:14:00 +0700] "GET /wp-content/plugins/organize-series/orgSeries.css?ver=4.6 HTTP/1.1" 200 1503 "http://securitydaily.net/huong-dan-giai-ma-petya-ransomware-mien-phi/" "Mozilla/5.0 (Windows NT 10.0) AppleWebKit/537.36 (KHTML, like Gecko) coc_coc_browser/56.3.120 Chrome/50.3.2661.120 Safari/537.36"
113.183.3.44 - - [11/Sep/2016:21:14:00 +0700] "GET /wp-content/plugins/responsive-lightbox/assets/prettyphoto/css/prettyPhoto.css?ver=1.6.9 HTTP/1.1" 200 3119 "http://securitydaily.net/huong-dan-giai-ma-petya-ransomware-mien-phi/" "Mozilla/5.0 (Windows NT 10.0) AppleWebKit/537.36 (KHTML, like Gecko) coc_coc_browser/56.3.120 Chrome/50.3.2661.120 Safari/537.36"
113.183.3.44 - - [11/Sep/2016:21:14:00 +0700] "GET /wp-content/plugins/display-authors-widget/css/display-authors-widget.css?ver=20141604 HTTP/1.1" 200 530 "http://securitydaily.net/huong-dan-giai-ma-petya-ransomware-mien-phi/" "Mozilla/5.0 (Windows NT 10.0) AppleWebKit/537.36 (KHTML, like Gecko) coc_coc_browser/56.3.120 Chrome/50.3.2661.120 Safari/537.36"
113.183.3.44 - - [11/Sep/2016:21:14:00 +0700] "GET /wp-content/plugins/wordpress-popular-posts/style/wpp.css?ver=3.3.4 HTTP/1.1" 200 856 "http://securitydaily.net/huong-dan-giai-ma-petya-ransomware-mien-phi/" "Mozilla/5.0 (Windows NT 10.0) AppleWebKit/537.36 (KHTML, like Gecko) coc_coc_browser/56.3.120 Chrome/50.3.2661.120 Safari/537.36"
113.183.3.44 - - [11/Sep/2016:21:14:00 +0700] "GET /wp-content/plugins/yet-another-related-posts-plugin/includes/styles_thumbnails.css.php?width=120&height=120&ver=4.3.1 HTTP/1.1" 200 556 "http://securitydaily.net/huong-dan-giai-ma-petya-ransomware-mien-phi/" "Mozilla/5.0 (Windows NT 10.0) AppleWebKit/537.36 (KHTML, like Gecko) coc_coc_browser/56.3.120 Chrome/50.3.2661.120 Safari/537.36"
113.183.3.44 - - [11/Sep/2016:21:14:00 +0700] "GET /wp-content/plugins/youtube-embed-plus/styles/ytprefs.min.css?ver=4.6 HTTP/1.1" 200 1848 "http://securitydaily.net/huong-dan-giai-ma-petya-ransomware-mien-phi/" "Mozilla/5.0 (Windows NT 10.0) AppleWebKit/537.36 (KHTML, like Gecko) coc_coc_browser/56.3.120 Chrome/50.3.2661.120 Safari/537.36"
113.183.3.44 - - [11/Sep/2016:21:14:00 +0700] "GET /wp-content/plugins/jetpack/css/jetpack.css?ver=4.2.2 HTTP/1.1" 200 10463 "http://securitydaily.net/huong-dan-giai-ma-petya-ransomware-mien-phi/" "Mozilla/5.0 (Windows NT 10.0) AppleWebKit/537.36 (KHTML, like Gecko) coc_coc_browser/56.3.120 Chrome/50.3.2661.120 Safari/537.36"
113.183.3.44 - - [11/Sep/2016:21:14:00 +0700] "GET /wp-includes/js/jquery/jquery-migrate.min.js?ver=1.4.1 HTTP/1.1" 200 4365 "http://securitydaily.net/huong-dan-giai-ma-petya-ransomware-mien-phi/" "Mozilla/5.0 (Windows NT 10.0) AppleWebKit/537.36 (KHTML, like Gecko) coc_coc_browser/56.3.120 Chrome/50.3.2661.120 Safari/537.36"
113.183.3.44 - - [11/Sep/2016:21:14:00 +0700] "GET /wp-includes/js/jquery/jquery.js?ver=1.12.4 HTTP/1.1" 200 34119 "http://securitydaily.net/huong-dan-giai-ma-petya-ransomware-mien-phi/" "Mozilla/5.0 (Windows NT 10.0) AppleWebKit/537.36 (KHTML, like Gecko) coc_coc_browser/56.3.120 Chrome/50.3.2661.120 Safari/537.36"
113.183.3.44 - - [11/Sep/2016:21:14:00 +0700] "GET /wp-content/plugins/responsive-lightbox/assets/prettyphoto/js/jquery.prettyPhoto.js?ver=1.6.9 HTTP/1.1" 200 10216 "http://securitydaily.net/huong-dan-giai-ma-petya-ransomware-mien-phi/" "Mozilla/5.0 (Windows NT 10.0) AppleWebKit/537.36 (KHTML, like Gecko) coc_coc_browser/56.3.120 Chrome/50.3.2661.120 Safari/537.36"
113.183.3.44 - - [11/Sep/2016:21:14:00 +0700] "GET /wp-content/plugins/responsive-lightbox/js/front.js?ver=1.6.9 HTTP/1.1" 200 3925 "http://securitydaily.net/huong-dan-giai-ma-petya-ransomware-mien-phi/" "Mozilla/5.0 (Windows NT 10.0) AppleWebKit/537.36 (KHTML, like Gecko) coc_coc_browser/56.3.120 Chrome/50.3.2661.120 Safari/537.36"
113.183.3.44 - - [11/Sep/2016:21:14:00 +0700] "GET /wp-content/plugins/youtube-embed-plus/scripts/ytprefs.min.js?ver=4.6 HTTP/1.1" 200 3141 "http://securitydaily.net/huong-dan-giai-ma-petya-ransomware-mien-phi/" "Mozilla/5.0 (Windows NT 10.0) AppleWebKit/537.36 (KHTML, like Gecko) coc_coc_browser/56.3.120 Chrome/50.3.2661.120 Safari/537.36"
113.183.3.44 - - [11/Sep/2016:21:14:00 +0700] "GET /wp-content/plugins/yet-another-related-posts-plugin/style/related.css?ver=4.6 HTTP/1.1" 200 657 "http://securitydaily.net/huong-dan-giai-ma-petya-ransomware-mien-phi/" "Mozilla/5.0 (Windows NT 10.0) AppleWebKit/537.36 (KHTML, like Gecko) coc_coc_browser/56.3.120 Chrome/50.3.2661.120 Safari/537.36"
113.183.3.44 - - [11/Sep/2016:21:14:00 +0700] "GET /wp-content/plugins/jetpack/modules/wpgroho.js?ver=4.6 HTTP/1.1" 200 838 "http://securitydaily.net/huong-dan-giai-ma-petya-ransomware-mien-phi/" "Mozilla/5.0 (Windows NT 10.0) AppleWebKit/537.36 (KHTML, like Gecko) coc_coc_browser/56.3.120 Chrome/50.3.2661.120 Safari/537.36"
113.183.3.44 - - [11/Sep/2016:21:14:00 +0700] "GET /wp-content/plugins/youtube-embed-plus/scripts/fitvids.min.js?ver=4.6 HTTP/1.1" 200 1155 "http://securitydaily.net/huong-dan-giai-ma-petya-ransomware-mien-phi/" "Mozilla/5.0 (Windows NT 10.0) AppleWebKit/537.36 (KHTML, like Gecko) coc_coc_browser/56.3.120 Chrome/50.3.2661.120 Safari/537.36"
113.183.3.44 - - [11/Sep/2016:21:14:00 +0700] "GET /wp-includes/js/wp-embed.min.js?ver=4.6 HTTP/1.1" 200 1099 "http://securitydaily.net/huong-dan-giai-ma-petya-ransomware-mien-phi/" "Mozilla/5.0 (Windows NT 10.0) AppleWebKit/537.36 (KHTML, like Gecko) coc_coc_browser/56.3.120 Chrome/50.3.2661.120 Safari/537.36"
113.183.3.44 - - [11/Sep/2016:21:14:00 +0700] "GET /wp-content/themes/chientq/js/jquery.js HTTP/1.1" 200 33153 "http://securitydaily.net/huong-dan-giai-ma-petya-ransomware-mien-phi/" "Mozilla/5.0 (Windows NT 10.0) AppleWebKit/537.36 (KHTML, like Gecko) coc_coc_browser/56.3.120 Chrome/50.3.2661.120 Safari/537.36"
113.183.3.44 - - [11/Sep/2016:21:14:00 +0700] "GET /wp-content/themes/chientq/js/tq.js HTTP/1.1" 200 437 "http://securitydaily.net/huong-dan-giai-ma-petya-ransomware-mien-phi/" "Mozilla/5.0 (Windows NT 10.0) AppleWebKit/537.36 (KHTML, like Gecko) coc_coc_browser/56.3.120 Chrome/50.3.2661.120 Safari/537.36"
113.183.3.44 - - [11/Sep/2016:21:14:00 +0700] "GET /wp-content/themes/chientq/js/bootstrap.min.js HTTP/1.1" 200 7603 "http://securitydaily.net/huong-dan-giai-ma-petya-ransomware-mien-phi/" "Mozilla/5.0 (Windows NT 10.0) AppleWebKit/537.36 (KHTML, like Gecko) coc_coc_browser/56.3.120 Chrome/50.3.2661.120 Safari/537.36"
113.183.3.44 - - [11/Sep/2016:21:14:01 +0700] "GET /wp-content/themes/chientq/js/jquery.isotope.min.js HTTP/1.1" 200 5408 "http://securitydaily.net/huong-dan-giai-ma-petya-ransomware-mien-phi/" "Mozilla/5.0 (Windows NT 10.0) AppleWebKit/537.36 (KHTML, like Gecko) coc_coc_browser/56.3.120 Chrome/50.3.2661.120 Safari/537.36"
113.183.3.44 - - [11/Sep/2016:21:14:01 +0700] "GET /wp-content/themes/chientq/js/jquery.prettyPhoto.js HTTP/1.1" 200 6367 "http://securitydaily.net/huong-dan-giai-ma-petya-ransomware-mien-phi/" "Mozilla/5.0 (Windows NT 10.0) AppleWebKit/537.36 (KHTML, like Gecko) coc_coc_browser/56.3.120 Chrome/50.3.2661.120 Safari/537.36"
113.183.3.44 - - [11/Sep/2016:21:14:01 +0700] "GET /wp-content/themes/chientq/js/main.js HTTP/1.1" 200 965 "http://securitydaily.net/huong-dan-giai-ma-petya-ransomware-mien-phi/" "Mozilla/5.0 (Windows NT 10.0) AppleWebKit/537.36 (KHTML, like Gecko) coc_coc_browser/56.3.120 Chrome/50.3.2661.120 Safari/537.36"
85.143.213.194 - - [11/Sep/2016:21:14:01 +0700] "POST /xmlrpc.php HTTP/1.0" 503 1079 "-" "Mozilla/4.0 (compatible: MSIE 7.0; Windows NT 6.0)"
113.183.3.44 - - [11/Sep/2016:21:14:01 +0700] "POST /wp-admin/admin-ajax.php HTTP/1.1" 503 1079 "http://securitydaily.net/huong-dan-giai-ma-petya-ransomware-mien-phi/" "Mozilla/5.0 (Windows NT 10.0) AppleWebKit/537.36 (KHTML, like Gecko) coc_coc_browser/56.3.120 Chrome/50.3.2661.120 Safari/537.36"
113.183.3.44 - - [11/Sep/2016:21:14:01 +0700] "GET /wp-includes/js/wp-emoji-release.min.js?ver=4.6 HTTP/1.1" 200 4363 "http://securitydaily.net/huong-dan-giai-ma-petya-ransomware-mien-phi/" "Mozilla/5.0 (Windows NT 10.0) AppleWebKit/537.36 (KHTML, like Gecko) coc_coc_browser/56.3.120 Chrome/50.3.2661.120 Safari/537.36"
113.183.3.44 - - [11/Sep/2016:21:14:01 +0700] "GET /wp-content/uploads/2016/04/petya-sector-extractor.png HTTP/1.1" 200 29329 "http://securitydaily.net/huong-dan-giai-ma-petya-ransomware-mien-phi/" "Mozilla/5.0 (Windows NT 10.0) AppleWebKit/537.36 (KHTML, like Gecko) coc_coc_browser/56.3.120 Chrome/50.3.2661.120 Safari/537.36"
113.183.3.44 - - [11/Sep/2016:21:14:01 +0700] "GET /wp-content/uploads/2016/03/banner.png HTTP/1.1" 200 19026 "http://securitydaily.net/huong-dan-giai-ma-petya-ransomware-mien-phi/" "Mozilla/5.0 (Windows NT 10.0) AppleWebKit/537.36 (KHTML, like Gecko) coc_coc_browser/56.3.120 Chrome/50.3.2661.120 Safari/537.36"
113.183.3.44 - - [11/Sep/2016:21:14:01 +0700] "GET /wp-content/uploads/2016/04/decrypting-700x389.png HTTP/1.1" 200 47834 "http://securitydaily.net/huong-dan-giai-ma-petya-ransomware-mien-phi/" "Mozilla/5.0 (Windows NT 10.0) AppleWebKit/537.36 (KHTML, like Gecko) coc_coc_browser/56.3.120 Chrome/50.3.2661.120 Safari/537.36"
113.183.3.44 - - [11/Sep/2016:21:14:01 +0700] "GET /wp-content/uploads/2016/03/bao-mat-thu-dien-tu.png HTTP/1.1" 200 18826 "http://securitydaily.net/huong-dan-giai-ma-petya-ransomware-mien-phi/" "Mozilla/5.0 (Windows NT 10.0) AppleWebKit/537.36 (KHTML, like Gecko) coc_coc_browser/56.3.120 Chrome/50.3.2661.120 Safari/537.36"
113.183.3.44 - - [11/Sep/2016:21:14:01 +0700] "GET /wp-content/uploads/2016/04/petya-decryption-key-found-700x527.png HTTP/1.1" 200 122891 "http://securitydaily.net/huong-dan-giai-ma-petya-ransomware-mien-phi/" "Mozilla/5.0 (Windows NT 10.0) AppleWebKit/537.36 (KHTML, like Gecko) coc_coc_browser/56.3.120 Chrome/50.3.2661.120 Safari/537.36"
113.183.3.44 - - [11/Sep/2016:21:14:02 +0700] "GET /wp-content/uploads/2015/12/tintac.jpg HTTP/1.1" 200 36958 "http://securitydaily.net/huong-dan-giai-ma-petya-ransomware-mien-phi/" "Mozilla/5.0 (Windows NT 10.0) AppleWebKit/537.36 (KHTML, like Gecko) coc_coc_browser/56.3.120 Chrome/50.3.2661.120 Safari/537.36"
85.143.213.194 - - [11/Sep/2016:21:14:02 +0700] "POST /xmlrpc.php HTTP/1.0" 503 1079 "-" "Mozilla/4.0 (compatible: MSIE 7.0; Windows NT 6.0)"
113.183.3.44 - - [11/Sep/2016:21:14:02 +0700] "GET /wp-content/uploads/2015/03/ddosattack.jpg HTTP/1.1" 200 35334 "http://securitydaily.net/huong-dan-giai-ma-petya-ransomware-mien-phi/" "Mozilla/5.0 (Windows NT 10.0) AppleWebKit/537.36 (KHTML, like Gecko) coc_coc_browser/56.3.120 Chrome/50.3.2661.120 Safari/537.36"
113.183.3.44 - - [11/Sep/2016:21:14:01 +0700] "GET /wp-content/themes/chientq/font-awesome/fonts/fontawesome-webfont.woff?v=4.1.0 HTTP/1.1" 200 84023 "http://securitydaily.net/wp-content/themes/chientq/font-awesome/css/font-awesome.min.css" "Mozilla/5.0 (Windows NT 10.0) AppleWebKit/537.36 (KHTML, like Gecko) coc_coc_browser/56.3.120 Chrome/50.3.2661.120 Safari/537.36"
113.183.3.44 - - [11/Sep/2016:21:14:02 +0700] "GET /wp-content/uploads/2016/07/sinhvienit-xss-csrf-exploit-45x45.png HTTP/1.1" 200 2171 "http://securitydaily.net/huong-dan-giai-ma-petya-ransomware-mien-phi/" "Mozilla/5.0 (Windows NT 10.0) AppleWebKit/537.36 (KHTML, like Gecko) coc_coc_browser/56.3.120 Chrome/50.3.2661.120 Safari/537.36"
