14.161.14.163 - - [11/Sep/2016:21:09:04 +0700] "GET /wp-content/plugins/yet-another-related-posts-plugin/includes/styles_thumbnails.css.php?width=120&height=120&ver=4.3.1 HTTP/1.1" 200 556 "http://securitydaily.net/cach-an-file-hoac-folder-trong-dien-thoai-va-may-tinh-bang-android-bao-ve-rieng-tu-cua-ban/" "Mozilla/5.0 (iPhone; CPU iPhone OS 9_3_4 like Mac OS X) AppleWebKit/601.1.46 (KHTML, like Gecko) Version/9.0 Mobile/13G35 Safari/601.1"
183.91.185.50 - - [11/Sep/2016:21:09:03 +0700] "GET /wp-content/themes/chientq/css/main.css HTTP/1.1" 200 0 "http://securitydaily.net/cach-an-file-hoac-folder-trong-dien-thoai-va-may-tinh-bang-android-bao-ve-rieng-tu-cua-ban/" "Mozilla/5.0 (iPhone; CPU iPhone OS 9_3_4 like Mac OS X) AppleWebKit/601.1.46 (KHTML, like Gecko) Version/9.0 Mobile/13G35 Safari/601.1"
183.91.185.50 - - [11/Sep/2016:21:09:04 +0700] "GET /wp-content/plugins/organize-series/orgSeries.css?ver=4.6 HTTP/1.1" 200 4540 "http://securitydaily.net/cach-an-file-hoac-folder-trong-dien-thoai-va-may-tinh-bang-android-bao-ve-rieng-tu-cua-ban/" "Mozilla/5.0 (iPhone; CPU iPhone OS 9_3_4 like Mac OS X) AppleWebKit/601.1.46 (KHTML, like Gecko) Version/9.0 Mobile/13G35 Safari/601.1"
183.91.185.50 - - [11/Sep/2016:21:09:04 +0700] "GET /wp-content/plugins/responsive-lightbox/assets/prettyphoto/css/prettyPhoto.css?ver=1.6.9 HTTP/1.1" 200 0 "http://securitydaily.net/cach-an-file-hoac-folder-trong-dien-thoai-va-may-tinh-bang-android-bao-ve-rieng-tu-cua-ban/" "Mozilla/5.0 (iPhone; CPU iPhone OS 9_3_4 like Mac OS X) AppleWebKit/601.1.46 (KHTML, like Gecko) Version/9.0 Mobile/13G35 Safari/601.1"
183.91.185.50 - - [11/Sep/2016:21:09:04 +0700] "GET /wp-content/plugins/wordpress-popular-posts/style/wpp.css?ver=3.3.4 HTTP/1.1" 200 3975 "http://securitydaily.net/cach-an-file-hoac-folder-trong-dien-thoai-va-may-tinh-bang-android-bao-ve-rieng-tu-cua-ban/" "Mozilla/5.0 (iPhone; CPU iPhone OS 9_3_4 like Mac OS X) AppleWebKit/601.1.46 (KHTML, like Gecko) Version/9.0 Mobile/13G35 Safari/601.1"
183.91.185.50 - - [11/Sep/2016:21:09:04 +0700] "GET /wp-content/plugins/yet-another-related-posts-plugin/style/widget.css?ver=4.6 HTTP/1.1" 200 0 "http://securitydaily.net/cach-an-file-hoac-folder-trong-dien-thoai-va-may-tinh-bang-android-bao-ve-rieng-tu-cua-ban/" "Mozilla/5.0 (iPhone; CPU iPhone OS 9_3_4 like Mac OS X) AppleWebKit/601.1.46 (KHTML, like Gecko) Version/9.0 Mobile/13G35 Safari/601.1"
183.91.185.50 - - [11/Sep/2016:21:09:04 +0700] "GET /wp-content/plugins/custom-about-author/cab-style.css?ver=4.6 HTTP/1.1" 200 0 "http://securitydaily.net/cach-an-file-hoac-folder-trong-dien-thoai-va-may-tinh-bang-android-bao-ve-rieng-tu-cua-ban/" "Mozilla/5.0 (iPhone; CPU iPhone OS 9_3_4 like Mac OS X) AppleWebKit/601.1.46 (KHTML, like Gecko) Version/9.0 Mobile/13G35 Safari/601.1"
183.91.185.50 - - [11/Sep/2016:21:09:04 +0700] "GET /wp-content/plugins/display-authors-widget/css/display-authors-widget.css?ver=20141604 HTTP/1.1" 200 2161 "http://securitydaily.net/cach-an-file-hoac-folder-trong-dien-thoai-va-may-tinh-bang-android-bao-ve-rieng-tu-cua-ban/" "Mozilla/5.0 (iPhone; CPU iPhone OS 9_3_4 like Mac OS X) AppleWebKit/601.1.46 (KHTML, like Gecko) Version/9.0 Mobile/13G35 Safari/601.1"
183.91.185.50 - - [11/Sep/2016:21:09:04 +0700] "GET /wp-content/themes/chientq/css/prettyPhoto.css HTTP/1.1" 200 0 "http://securitydaily.net/cach-an-file-hoac-folder-trong-dien-thoai-va-may-tinh-bang-android-bao-ve-rieng-tu-cua-ban/" "Mozilla/5.0 (iPhone; CPU iPhone OS 9_3_4 like Mac OS X) AppleWebKit/601.1.46 (KHTML, like Gecko) Version/9.0 Mobile/13G35 Safari/601.1"
183.91.185.50 - - [11/Sep/2016:21:09:04 +0700] "GET /wp-content/plugins/responsive-lightbox/assets/prettyphoto/js/jquery.prettyPhoto.js?ver=1.6.9 HTTP/1.1" 200 13323 "http://securitydaily.net/cach-an-file-hoac-folder-trong-dien-thoai-va-may-tinh-bang-android-bao-ve-rieng-tu-cua-ban/" "Mozilla/5.0 (iPhone; CPU iPhone OS 9_3_4 like Mac OS X) AppleWebKit/601.1.46 (KHTML, like Gecko) Version/9.0 Mobile/13G35 Safari/601.1"
183.91.185.50 - - [11/Sep/2016:21:09:04 +0700] "GET /wp-content/plugins/responsive-lightbox/js/front.js?ver=1.6.9 HTTP/1.1" 200 0 "http://securitydaily.net/cach-an-file-hoac-folder-trong-dien-thoai-va-may-tinh-bang-android-bao-ve-rieng-tu-cua-ban/" "Mozilla/5.0 (iPhone; CPU iPhone OS 9_3_4 like Mac OS X) AppleWebKit/601.1.46 (KHTML, like Gecko) Version/9.0 Mobile/13G35 Safari/601.1"
14.161.14.163 - - [11/Sep/2016:21:09:04 +0700] "GET /wp-content/plugins/youtube-embed-plus/styles/ytprefs.min.css?ver=4.6 HTTP/1.1" 200 0 "http://securitydaily.net/cach-an-file-hoac-folder-trong-dien-thoai-va-may-tinh-bang-android-bao-ve-rieng-tu-cua-ban/" "Mozilla/5.0 (iPhone; CPU iPhone OS 9_3_4 like Mac OS X) AppleWebKit/601.1.46 (KHTML, like Gecko) Version/9.0 Mobile/13G35 Safari/601.1"
14.161.14.163 - - [11/Sep/2016:21:09:04 +0700] "GET /wp-content/plugins/jetpack/css/jetpack.css?ver=4.2.2 HTTP/1.1" 200 12311 "http://securitydaily.net/cach-an-file-hoac-folder-trong-dien-thoai-va-may-tinh-bang-android-bao-ve-rieng-tu-cua-ban/" "Mozilla/5.0 (iPhone; CPU iPhone OS 9_3_4 like Mac OS X) AppleWebKit/601.1.46 (KHTML, like Gecko) Version/9.0 Mobile/13G35 Safari/601.1"
14.161.14.163 - - [11/Sep/2016:21:09:04 +0700] "GET /wp-content/themes/chientq/css/styles.css HTTP/1.1" 200 0 "http://securitydaily.net/cach-an-file-hoac-folder-trong-dien-thoai-va-may-tinh-bang-android-bao-ve-rieng-tu-cua-ban/" "Mozilla/5.0 (iPhone; CPU iPhone OS 9_3_4 like Mac OS X) AppleWebKit/601.1.46 (KHTML, like Gecko) Version/9.0 Mobile/13G35 Safari/601.1"
14.161.14.163 - - [11/Sep/2016:21:09:04 +0700] "GET /wp-content/plugins/yet-another-related-posts-plugin/style/related.css?ver=4.6 HTTP/1.1" 200 0 "http://securitydaily.net/cach-an-file-hoac-folder-trong-dien-thoai-va-may-tinh-bang-android-bao-ve-rieng-tu-cua-ban/" "Mozilla/5.0 (iPhone; CPU iPhone OS 9_3_4 like Mac OS X) AppleWebKit/601.1.46 (KHTML, like Gecko) Version/9.0 Mobile/13G35 Safari/601.1"
14.161.14.163 - - [11/Sep/2016:21:09:04 +0700] "GET /wp-content/plugins/jetpack/modules/wpgroho.js?ver=4.6 HTTP/1.1" 200 838 "http://securitydaily.net/cach-an-file-hoac-folder-trong-dien-thoai-va-may-tinh-bang-android-bao-ve-rieng-tu-cua-ban/" "Mozilla/5.0 (iPhone; CPU iPhone OS 9_3_4 like Mac OS X) AppleWebKit/601.1.46 (KHTML, like Gecko) Version/9.0 Mobile/13G35 Safari/601.1"
14.161.14.163 - - [11/Sep/2016:21:09:04 +0700] "GET /wp-content/plugins/youtube-embed-plus/scripts/fitvids.min.js?ver=4.6 HTTP/1.1" 200 1155 "http://securitydaily.net/cach-an-file-hoac-folder-trong-dien-thoai-va-may-tinh-bang-android-bao-ve-rieng-tu-cua-ban/" "Mozilla/5.0 (iPhone; CPU iPhone OS 9_3_4 like Mac OS X) AppleWebKit/601.1.46 (KHTML, like Gecko) Version/9.0 Mobile/13G35 Safari/601.1"
183.91.185.50 - - [11/Sep/2016:21:09:04 +0700] "GET /wp-includes/js/wp-embed.min.js?ver=4.6 HTTP/1.1" 200 1099 "http://securitydaily.net/cach-an-file-hoac-folder-trong-dien-thoai-va-may-tinh-bang-android-bao-ve-rieng-tu-cua-ban/" "Mozilla/5.0 (iPhone; CPU iPhone OS 9_3_4 like Mac OS X) AppleWebKit/601.1.46 (KHTML, like Gecko) Version/9.0 Mobile/13G35 Safari/601.1"
14.161.14.163 - - [11/Sep/2016:21:09:04 +0700] "GET /wp-content/themes/chientq/js/jquery.isotope.min.js HTTP/1.1" 200 5408 "http://securitydaily.net/cach-an-file-hoac-folder-trong-dien-thoai-va-may-tinh-bang-android-bao-ve-rieng-tu-cua-ban/" "Mozilla/5.0 (iPhone; CPU iPhone OS 9_3_4 like Mac OS X) AppleWebKit/601.1.46 (KHTML, like Gecko) Version/9.0 Mobile/13G35 Safari/601.1"
183.91.185.50 - - [11/Sep/2016:21:09:04 +0700] "GET /wp-content/plugins/youtube-embed-plus/scripts/ytprefs.min.js?ver=4.6 HTTP/1.1" 200 7066 "http://securitydaily.net/cach-an-file-hoac-folder-trong-dien-thoai-va-may-tinh-bang-android-bao-ve-rieng-tu-cua-ban/" "Mozilla/5.0 (iPhone; CPU iPhone OS 9_3_4 like Mac OS X) AppleWebKit/601.1.46 (KHTML, like Gecko) Version/9.0 Mobile/13G35 Safari/601.1"
183.91.185.50 - - [11/Sep/2016:21:09:04 +0700] "GET /wp-content/themes/chientq/js/jquery.prettyPhoto.js HTTP/1.1" 200 6367 "http://securitydaily.net/cach-an-file-hoac-folder-trong-dien-thoai-va-may-tinh-bang-android-bao-ve-rieng-tu-cua-ban/" "Mozilla/5.0 (iPhone; CPU iPhone OS 9_3_4 like Mac OS X) AppleWebKit/601.1.46 (KHTML, like Gecko) Version/9.0 Mobile/13G35 Safari/601.1"
183.91.185.50 - - [11/Sep/2016:21:09:04 +0700] "GET /wp-content/themes/chientq/js/main.js HTTP/1.1" 200 965 "http://securitydaily.net/cach-an-file-hoac-folder-trong-dien-thoai-va-may-tinh-bang-android-bao-ve-rieng-tu-cua-ban/" "Mozilla/5.0 (iPhone; CPU iPhone OS 9_3_4 like Mac OS X) AppleWebKit/601.1.46 (KHTML, like Gecko) Version/9.0 Mobile/13G35 Safari/601.1"
14.161.14.163 - - [11/Sep/2016:21:09:04 +0700] "GET /wp-includes/js/jquery/jquery.js?ver=1.12.4 HTTP/1.1" 200 19460 "http://securitydaily.net/cach-an-file-hoac-folder-trong-dien-thoai-va-may-tinh-bang-android-bao-ve-rieng-tu-cua-ban/" "Mozilla/5.0 (iPhone; CPU iPhone OS 9_3_4 like Mac OS X) AppleWebKit/601.1.46 (KHTML, like Gecko) Version/9.0 Mobile/13G35 Safari/601.1"
14.161.14.163 - - [11/Sep/2016:21:09:04 +0700] "GET /wp-includes/js/jquery/jquery-migrate.min.js?ver=1.4.1 HTTP/1.1" 200 21655 "http://securitydaily.net/cach-an-file-hoac-folder-trong-dien-thoai-va-may-tinh-bang-android-bao-ve-rieng-tu-cua-ban/" "Mozilla/5.0 (iPhone; CPU iPhone OS 9_3_4 like Mac OS X) AppleWebKit/601.1.46 (KHTML, like Gecko) Version/9.0 Mobile/13G35 Safari/601.1"
14.161.14.163 - - [11/Sep/2016:21:09:04 +0700] "GET /wp-content/uploads/2016/03/bao-mat-thu-dien-tu.png HTTP/1.1" 200 18826 "http://securitydaily.net/cach-an-file-hoac-folder-trong-dien-thoai-va-may-tinh-bang-android-bao-ve-rieng-tu-cua-ban/" "Mozilla/5.0 (iPhone; CPU iPhone OS 9_3_4 like Mac OS X) AppleWebKit/601.1.46 (KHTML, like Gecko) Version/9.0 Mobile/13G35 Safari/601.1"
14.161.14.163 - - [11/Sep/2016:21:09:04 +0700] "GET /wp-content/uploads/2014/08/Monitoring-Response-Centre-45x45.jpg HTTP/1.1" 200 2407 "http://securitydaily.net/cach-an-file-hoac-folder-trong-dien-thoai-va-may-tinh-bang-android-bao-ve-rieng-tu-cua-ban/" "Mozilla/5.0 (iPhone; CPU iPhone OS 9_3_4 like Mac OS X) AppleWebKit/601.1.46 (KHTML, like Gecko) Version/9.0 Mobile/13G35 Safari/601.1"
183.91.185.50 - - [11/Sep/2016:21:09:04 +0700] "GET /wp-content/themes/chientq/js/jquery.js HTTP/1.1" 200 25020 "http://securitydaily.net/cach-an-file-hoac-folder-trong-dien-thoai-va-may-tinh-bang-android-bao-ve-rieng-tu-cua-ban/" "Mozilla/5.0 (iPhone; CPU iPhone OS 9_3_4 like Mac OS X) AppleWebKit/601.1.46 (KHTML, like Gecko) Version/9.0 Mobile/13G35 Safari/601.1"
183.91.185.50 - - [11/Sep/2016:21:09:04 +0700] "GET /wp-content/themes/chientq/js/tq.js HTTP/1.1" 200 0 "http://securitydaily.net/cach-an-file-hoac-folder-trong-dien-thoai-va-may-tinh-bang-android-bao-ve-rieng-tu-cua-ban/" "Mozilla/5.0 (iPhone; CPU iPhone OS 9_3_4 like Mac OS X) AppleWebKit/601.1.46 (KHTML, like Gecko) Version/9.0 Mobile/13G35 Safari/601.1"
14.161.14.163 - - [11/Sep/2016:21:09:04 +0700] "GET /wp-content/uploads/2016/01/Lo-hong-bao-mat-45x45.jpg HTTP/1.1" 200 2010 "http://securitydaily.net/cach-an-file-hoac-folder-trong-dien-thoai-va-may-tinh-bang-android-bao-ve-rieng-tu-cua-ban/" "Mozilla/5.0 (iPhone; CPU iPhone OS 9_3_4 like Mac OS X) AppleWebKit/601.1.46 (KHTML, like Gecko) Version/9.0 Mobile/13G35 Safari/601.1"
183.91.185.50 - - [11/Sep/2016:21:09:04 +0700] "GET /wp-content/uploads/2016/03/bi-mat-tai-khoan.png HTTP/1.1" 200 29421 "http://securitydaily.net/cach-an-file-hoac-folder-trong-dien-thoai-va-may-tinh-bang-android-bao-ve-rieng-tu-cua-ban/" "Mozilla/5.0 (iPhone; CPU iPhone OS 9_3_4 like Mac OS X) AppleWebKit/601.1.46 (KHTML, like Gecko) Version/9.0 Mobile/13G35 Safari/601.1"
183.91.185.50 - - [11/Sep/2016:21:09:04 +0700] "GET /wp-content/themes/chientq/js/bootstrap.min.js HTTP/1.1" 200 16173 "http://securitydaily.net/cach-an-file-hoac-folder-trong-dien-thoai-va-may-tinh-bang-android-bao-ve-rieng-tu-cua-ban/" "Mozilla/5.0 (iPhone; CPU iPhone OS 9_3_4 like Mac OS X) AppleWebKit/601.1.46 (KHTML, like Gecko) Version/9.0 Mobile/13G35 Safari/601.1"
183.91.185.50 - - [11/Sep/2016:21:09:04 +0700] "GET /wp-content/uploads/wordpress-popular-posts/16637-featured-45x45.png HTTP/1.1" 200 5275 "http://securitydaily.net/cach-an-file-hoac-folder-trong-dien-thoai-va-may-tinh-bang-android-bao-ve-rieng-tu-cua-ban/" "Mozilla/5.0 (iPhone; CPU iPhone OS 9_3_4 like Mac OS X) AppleWebKit/601.1.46 (KHTML, like Gecko) Version/9.0 Mobile/13G35 Safari/601.1"
183.91.185.50 - - [11/Sep/2016:21:09:04 +0700] "GET /wp-content/uploads/wordpress-popular-posts/16634-featured-45x45.png HTTP/1.1" 200 4339 "http://securitydaily.net/cach-an-file-hoac-folder-trong-dien-thoai-va-may-tinh-bang-android-bao-ve-rieng-tu-cua-ban/" "Mozilla/5.0 (iPhone; CPU iPhone OS 9_3_4 like Mac OS X) AppleWebKit/601.1.46 (KHTML, like Gecko) Version/9.0 Mobile/13G35 Safari/601.1"
183.91.185.50 - - [11/Sep/2016:21:09:04 +0700] "GET /wp-content/uploads/wordpress-popular-posts/16575-featured-45x45.png HTTP/1.1" 200 3883 "http://securitydaily.net/cach-an-file-hoac-folder-trong-dien-thoai-va-may-tinh-bang-android-bao-ve-rieng-tu-cua-ban/" "Mozilla/5.0 (iPhone; CPU iPhone OS 9_3_4 like Mac OS X) AppleWebKit/601.1.46 (KHTML, like Gecko) Version/9.0 Mobile/13G35 Safari/601.1"
183.91.185.50 - - [11/Sep/2016:21:09:04 +0700] "GET /wp-content/uploads/wordpress-popular-posts/16593-featured-45x45.png HTTP/1.1" 200 5809 "http://securitydaily.net/cach-an-file-hoac-folder-trong-dien-thoai-va-may-tinh-bang-android-bao-ve-rieng-tu-cua-ban/" "Mozilla/5.0 (iPhone; CPU iPhone OS 9_3_4 like Mac OS X) AppleWebKit/601.1.46 (KHTML, like Gecko) Version/9.0 Mobile/13G35 Safari/601.1"
14.161.14.163 - - [11/Sep/2016:21:09:04 +0700] "GET /wp-content/uploads/wordpress-popular-posts/16625-featured-45x45.png HTTP/1.1" 200 5938 "http://securitydaily.net/cach-an-file-hoac-folder-trong-dien-thoai-va-may-tinh-bang-android-bao-ve-rieng-tu-cua-ban/" "Mozilla/5.0 (iPhone; CPU iPhone OS 9_3_4 like Mac OS X) AppleWebKit/601.1.46 (KHTML, like Gecko) Version/9.0 Mobile/13G35 Safari/601.1"
14.161.14.163 - - [11/Sep/2016:21:09:04 +0700] "GET /wp-content/uploads/2016/07/sinhvienit-xss-csrf-exploit-45x45.png HTTP/1.1" 200 2171 "http://securitydaily.net/cach-an-file-hoac-folder-trong-dien-thoai-va-may-tinh-bang-android-bao-ve-rieng-tu-cua-ban/" "Mozilla/5.0 (iPhone; CPU iPhone OS 9_3_4 like Mac OS X) AppleWebKit/601.1.46 (KHTML, like Gecko) Version/9.0 Mobile/13G35 Safari/601.1"
14.161.14.163 - - [11/Sep/2016:21:09:04 +0700] "GET /wp-content/uploads/2016/04/locky_eng_11-45x45.png HTTP/1.1" 200 2235 "http://securitydaily.net/cach-an-file-hoac-folder-trong-dien-thoai-va-may-tinh-bang-android-bao-ve-rieng-tu-cua-ban/" "Mozilla/5.0 (iPhone; CPU iPhone OS 9_3_4 like Mac OS X) AppleWebKit/601.1.46 (KHTML, like Gecko) Version/9.0 Mobile/13G35 Safari/601.1"
14.161.14.163 - - [11/Sep/2016:21:09:04 +0700] "GET /wp-content/uploads/wordpress-popular-posts/16607-featured-45x45.png HTTP/1.1" 200 4537 "http://securitydaily.net/cach-an-file-hoac-folder-trong-dien-thoai-va-may-tinh-bang-android-bao-ve-rieng-tu-cua-ban/" "Mozilla/5.0 (iPhone; CPU iPhone OS 9_3_4 like Mac OS X) AppleWebKit/601.1.46 (KHTML, like Gecko) Version/9.0 Mobile/13G35 Safari/601.1"
183.91.185.50 - - [11/Sep/2016:21:09:04 +0700] "GET /wp-content/uploads/wordpress-popular-posts/16640-featured-45x45.png HTTP/1.1" 200 3519 "http://securitydaily.net/cach-an-file-hoac-folder-trong-dien-thoai-va-may-tinh-bang-android-bao-ve-rieng-tu-cua-ban/" "Mozilla/5.0 (iPhone; CPU iPhone OS 9_3_4 like Mac OS X) AppleWebKit/601.1.46 (KHTML, like Gecko) Version/9.0 Mobile/13G35 Safari/601.1"
14.161.14.163 - - [11/Sep/2016:21:09:04 +0700] "GET /wp-content/uploads/2016/03/most-wanted-syrian-electronic-army-45x45.png HTTP/1.1" 200 7918 "http://securitydaily.net/cach-an-file-hoac-folder-trong-dien-thoai-va-may-tinh-bang-android-bao-ve-rieng-tu-cua-ban/" "Mozilla/5.0 (iPhone; CPU iPhone OS 9_3_4 like Mac OS X) AppleWebKit/601.1.46 (KHTML, like Gecko) Version/9.0 Mobile/13G35 Safari/601.1"
14.161.14.163 - - [11/Sep/2016:21:09:04 +0700] "GET /wp-content/uploads/2016/03/badlock-45x45.png HTTP/1.1" 200 4777 "http://securitydaily.net/cach-an-file-hoac-folder-trong-dien-thoai-va-may-tinh-bang-android-bao-ve-rieng-tu-cua-ban/" "Mozilla/5.0 (iPhone; CPU iPhone OS 9_3_4 like Mac OS X) AppleWebKit/601.1.46 (KHTML, like Gecko) Version/9.0 Mobile/13G35 Safari/601.1"
183.91.185.50 - - [11/Sep/2016:21:09:04 +0700] "GET /wp-content/uploads/2015/12/tintac.jpg HTTP/1.1" 200 28959 "http://securitydaily.net/cach-an-file-hoac-folder-trong-dien-thoai-va-may-tinh-bang-android-bao-ve-rieng-tu-cua-ban/" "Mozilla/5.0 (iPhone; CPU iPhone OS 9_3_4 like Mac OS X) AppleWebKit/601.1.46 (KHTML, like Gecko) Version/9.0 Mobile/13G35 Safari/601.1"
183.91.185.50 - - [11/Sep/2016:21:09:04 +0700] "GET /wp-includes/js/wp-emoji-release.min.js?ver=4.6 HTTP/1.1" 200 4363 "http://securitydaily.net/cach-an-file-hoac-folder-trong-dien-thoai-va-may-tinh-bang-android-bao-ve-rieng-tu-cua-ban/" "Mozilla/5.0 (iPhone; CPU iPhone OS 9_3_4 like Mac OS X) AppleWebKit/601.1.46 (KHTML, like Gecko) Version/9.0 Mobile/13G35 Safari/601.1"
183.91.185.50 - - [11/Sep/2016:21:09:04 +0700] "POST /wp-admin/admin-ajax.php HTTP/1.1" 503 1079 "http://securitydaily.net/cach-an-file-hoac-folder-trong-dien-thoai-va-may-tinh-bang-android-bao-ve-rieng-tu-cua-ban/" "Mozilla/5.0 (iPhone; CPU iPhone OS 9_3_4 like Mac OS X) AppleWebKit/601.1.46 (KHTML, like Gecko) Version/9.0 Mobile/13G35 Safari/601.1"
183.91.185.50 - - [11/Sep/2016:21:09:04 +0700] "GET /wp-content/uploads/2015/03/ddosattack.jpg HTTP/1.1" 200 35333 "http://securitydaily.net/cach-an-file-hoac-folder-trong-dien-thoai-va-may-tinh-bang-android-bao-ve-rieng-tu-cua-ban/" "Mozilla/5.0 (iPhone; CPU iPhone OS 9_3_4 like Mac OS X) AppleWebKit/601.1.46 (KHTML, like Gecko) Version/9.0 Mobile/13G35 Safari/601.1"
183.91.185.50 - - [11/Sep/2016:21:09:04 +0700] "GET /wp-content/uploads/wordpress-popular-posts/16601-featured-45x45.png HTTP/1.1" 200 5789 "http://securitydaily.net/cach-an-file-hoac-folder-trong-dien-thoai-va-may-tinh-bang-android-bao-ve-rieng-tu-cua-ban/" "Mozilla/5.0 (iPhone; CPU iPhone OS 9_3_4 like Mac OS X) AppleWebKit/601.1.46 (KHTML, like Gecko) Version/9.0 Mobile/13G35 Safari/601.1"
183.91.185.50 - - [11/Sep/2016:21:09:04 +0700] "GET /wp-content/uploads/2014/08/cisco_patches-45x45.jpg HTTP/1.1" 200 0 "http://securitydaily.net/cach-an-file-hoac-folder-trong-dien-thoai-va-may-tinh-bang-android-bao-ve-rieng-tu-cua-ban/" "Mozilla/5.0 (iPhone; CPU iPhone OS 9_3_4 like Mac OS X) AppleWebKit/601.1.46 (KHTML, like Gecko) Version/9.0 Mobile/13G35 Safari/601.1"
183.91.185.50 - - [11/Sep/2016:21:09:04 +0700] "GET /wp-content/uploads/2016/03/hack-system-integrity-protection-45x45.png HTTP/1.1" 200 10369 "http://securitydaily.net/cach-an-file-hoac-folder-trong-dien-thoai-va-may-tinh-bang-android-bao-ve-rieng-tu-cua-ban/" "Mozilla/5.0 (iPhone; CPU iPhone OS 9_3_4 like Mac OS X) AppleWebKit/601.1.46 (KHTML, like Gecko) Version/9.0 Mobile/13G35 Safari/601.1"
14.161.14.163 - - [11/Sep/2016:21:09:04 +0700] "GET /wp-content/themes/chientq/fonts/fontawesome-webfont.woff?v=3.2.1 HTTP/1.1" 200 43834 "http://securitydaily.net/cach-an-file-hoac-folder-trong-dien-thoai-va-may-tinh-bang-android-bao-ve-rieng-tu-cua-ban/" "Mozilla/5.0 (iPhone; CPU iPhone OS 9_3_4 like Mac OS X) AppleWebKit/601.1.46 (KHTML, like Gecko) Version/9.0 Mobile/13G35 Safari/601.1"
183.91.185.50 - - [11/Sep/2016:21:09:04 +0700] "GET /wp-content/uploads/2015/03/How-to-hide-files-and-folders-on-Android-without-installing-paranoid-apps-700x336.png HTTP/1.1" 200 56608 "http://securitydaily.net/cach-an-file-hoac-folder-trong-dien-thoai-va-may-tinh-bang-android-bao-ve-rieng-tu-cua-ban/" "Mozilla/5.0 (iPhone; CPU iPhone OS 9_3_4 like Mac OS X) AppleWebKit/601.1.46 (KHTML, like Gecko) Version/9.0 Mobile/13G35 Safari/601.1"
183.91.185.50 - - [11/Sep/2016:21:09:04 +0700] "GET /wp-content/themes/chientq/font-awesome/fonts/fontawesome-webfont.woff?v=4.1.0 HTTP/1.1" 200 84023 "http://securitydaily.net/cach-an-file-hoac-folder-trong-dien-thoai-va-may-tinh-bang-android-bao-ve-rieng-tu-cua-ban/" "Mozilla/5.0 (iPhone; CPU iPhone OS 9_3_4 like Mac OS X) AppleWebKit/601.1.46 (KHTML, like Gecko) Version/9.0 Mobile/13G35 Safari/601.1"
183.91.185.50 - - [11/Sep/2016:21:09:04 +0700] "GET /wp-content/uploads/2016/03/banner.png HTTP/1.1" 200 23879 "http://securitydaily.net/cach-an-file-hoac-folder-trong-dien-thoai-va-may-tinh-bang-android-bao-ve-rieng-tu-cua-ban/" "Mozilla/5.0 (iPhone; CPU iPhone OS 9_3_4 like Mac OS X) AppleWebKit/601.1.46 (KHTML, like Gecko) Version/9.0 Mobile/13G35 Safari/601.1"
183.91.185.50 - - [11/Sep/2016:21:09:04 +0700] "GET /wp-content/uploads/2016/03/chinh-phu-dien-tu--700x709.png HTTP/1.1" 200 180889 "http://securitydaily.net/cach-an-file-hoac-folder-trong-dien-thoai-va-may-tinh-bang-android-bao-ve-rieng-tu-cua-ban/" "Mozilla/5.0 (iPhone; CPU iPhone OS 9_3_4 like Mac OS X) AppleWebKit/601.1.46 (KHTML, like Gecko) Version/9.0 Mobile/13G35 Safari/601.1"
183.91.185.50 - - [11/Sep/2016:21:09:05 +0700] "GET /wp-content/uploads/2015/11/ma-doc-hack-facebook-03-45x45.png HTTP/1.1" 200 0 "http://securitydaily.net/cach-an-file-hoac-folder-trong-dien-thoai-va-may-tinh-bang-android-bao-ve-rieng-tu-cua-ban/" "Mozilla/5.0 (iPhone; CPU iPhone OS 9_3_4 like Mac OS X) AppleWebKit/601.1.46 (KHTML, like Gecko) Version/9.0 Mobile/13G35 Safari/601.1"
183.91.185.50 - - [11/Sep/2016:21:09:05 +0700] "GET /wp-content/uploads/wordpress-popular-posts/16582-featured-45x45.png HTTP/1.1" 200 3921 "http://securitydaily.net/cach-an-file-hoac-folder-trong-dien-thoai-va-may-tinh-bang-android-bao-ve-rieng-tu-cua-ban/" "Mozilla/5.0 (iPhone; CPU iPhone OS 9_3_4 like Mac OS X) AppleWebKit/601.1.46 (KHTML, like Gecko) Version/9.0 Mobile/13G35 Safari/601.1"
183.91.185.50 - - [11/Sep/2016:21:09:05 +0700] "GET /wp-content/uploads/wordpress-popular-posts/16612-featured-45x45.png HTTP/1.1" 200 5223 "http://securitydaily.net/cach-an-file-hoac-folder-trong-dien-thoai-va-may-tinh-bang-android-bao-ve-rieng-tu-cua-ban/" "Mozilla/5.0 (iPhone; CPU iPhone OS 9_3_4 like Mac OS X) AppleWebKit/601.1.46 (KHTML, like Gecko) Version/9.0 Mobile/13G35 Safari/601.1"
183.91.185.50 - - [11/Sep/2016:21:09:05 +0700] "GET /wp-content/uploads/2016/03/fbi-most-wanted-hackers-45x45.png HTTP/1.1" 200 10451 "http://securitydaily.net/cach-an-file-hoac-folder-trong-dien-thoai-va-may-tinh-bang-android-bao-ve-rieng-tu-cua-ban/" "Mozilla/5.0 (iPhone; CPU iPhone OS 9_3_4 like Mac OS X) AppleWebKit/601.1.46 (KHTML, like Gecko) Version/9.0 Mobile/13G35 Safari/601.1"
85.143.213.194 - - [11/Sep/2016:21:09:06 +0700] "POST /xmlrpc.php HTTP/1.0" 503 1079 "-" "Mozilla/4.0 (compatible: MSIE 7.0; Windows NT 6.0)"
85.143.213.194 - - [11/Sep/2016:21:09:06 +0700] "POST /xmlrpc.php HTTP/1.0" 503 1079 "-" "Mozilla/4.0 (compatible: MSIE 7.0; Windows NT 6.0)"
85.143.213.194 - - [11/Sep/2016:21:09:11 +0700] "POST /xmlrpc.php HTTP/1.0" 503 1079 "-" "Mozilla/4.0 (compatible: MSIE 7.0; Windows NT 6.0)"
85.143.213.194 - - [11/Sep/2016:21:09:11 +0700] "POST /xmlrpc.php HTTP/1.0" 503 1079 "-" "Mozilla/4.0 (compatible: MSIE 7.0; Windows NT 6.0)"
127.0.0.1 - - [11/Sep/2016:21:09:12 +0700] "OPTIONS * HTTP/1.0" 200 126 "-" "Apache/2.4.12 (Ubuntu) (internal dummy connection)"
127.0.0.1 - - [11/Sep/2016:21:09:13 +0700] "OPTIONS * HTTP/1.0" 200 126 "-" "Apache/2.4.12 (Ubuntu) (internal dummy connection)"
123.30.242.11 - - [11/Sep/2016:21:09:15 +0700] "GET / HTTP/1.1" 200 93765 "-" "Mozilla/5.0 (Windows NT 6.1; WOW64) AppleWebKit/537.36 (KHTML, like Gecko) Chrome/43.0.2357.130 Safari/537.36"
85.143.213.194 - - [11/Sep/2016:21:09:15 +0700] "POST /xmlrpc.php HTTP/1.0" 503 1079 "-" "Mozilla/4.0 (compatible: MSIE 7.0; Windows NT 6.0)"
85.143.213.194 - - [11/Sep/2016:21:09:16 +0700] "POST /xmlrpc.php HTTP/1.0" 503 1079 "-" "Mozilla/4.0 (compatible: MSIE 7.0; Windows NT 6.0)"
85.143.213.194 - - [11/Sep/2016:21:09:20 +0700] "POST /xmlrpc.php HTTP/1.0" 503 1079 "-" "Mozilla/4.0 (compatible: MSIE 7.0; Windows NT 6.0)"
85.143.213.194 - - [11/Sep/2016:21:09:20 +0700] "POST /xmlrpc.php HTTP/1.0" 503 1079 "-" "Mozilla/4.0 (compatible: MSIE 7.0; Windows NT 6.0)"
85.143.213.194 - - [11/Sep/2016:21:09:25 +0700] "POST /xmlrpc.php HTTP/1.0" 503 1079 "-" "Mozilla/4.0 (compatible: MSIE 7.0; Windows NT 6.0)"
103.19.89.251 - - [11/Sep/2016:21:09:25 +0700] "POST /xmlrpc.php HTTP/1.1" 503 1079 "-" "Mozilla/5.0 (Macintosh; U; Intel Mac OS X 10.6; fr; rv:1.9.2.8) Gecko/20100722 Firefox/3.6.8"
85.143.213.194 - - [11/Sep/2016:21:09:25 +0700] "POST /xmlrpc.php HTTP/1.0" 503 1079 "-" "Mozilla/4.0 (compatible: MSIE 7.0; Windows NT 6.0)"
118.70.16.64 - - [11/Sep/2016:21:09:28 +0700] "GET /wp-content/uploads/wordpress-popular-posts/14920-featured-45x45.png HTTP/1.1" 304 182 "-" "Mozilla/4.0 (compatible;)"
85.143.213.194 - - [11/Sep/2016:21:09:30 +0700] "POST /xmlrpc.php HTTP/1.0" 503 1079 "-" "Mozilla/4.0 (compatible: MSIE 7.0; Windows NT 6.0)"
85.143.213.194 - - [11/Sep/2016:21:09:30 +0700] "POST /xmlrpc.php HTTP/1.0" 503 1079 "-" "Mozilla/4.0 (compatible: MSIE 7.0; Windows NT 6.0)"
42.114.20.229 - - [11/Sep/2016:21:09:33 +0700] "GET /huong-dan-giai-ma-petya-ransomware-mien-phi/ HTTP/1.1" 200 15986 "https://www.facebook.com/" "Mozilla/5.0 (Windows NT 10.0; WOW64) AppleWebKit/537.36 (KHTML, like Gecko) Chrome/52.0.2743.116 Safari/537.36"
42.114.20.229 - - [11/Sep/2016:21:09:33 +0700] "GET /wp-content/themes/chientq/css/bootstrap.min.css HTTP/1.1" 200 16407 "http://securitydaily.net/huong-dan-giai-ma-petya-ransomware-mien-phi/" "Mozilla/5.0 (Windows NT 10.0; WOW64) AppleWebKit/537.36 (KHTML, like Gecko) Chrome/52.0.2743.116 Safari/537.36"
42.114.20.229 - - [11/Sep/2016:21:09:33 +0700] "GET /wp-content/themes/chientq/css/font-awesome.min.css HTTP/1.1" 200 4723 "http://securitydaily.net/huong-dan-giai-ma-petya-ransomware-mien-phi/" "Mozilla/5.0 (Windows NT 10.0; WOW64) AppleWebKit/537.36 (KHTML, like Gecko) Chrome/52.0.2743.116 Safari/537.36"
42.114.20.229 - - [11/Sep/2016:21:09:33 +0700] "GET /wp-content/themes/chientq/font-awesome/css/font-awesome.min.css HTTP/1.1" 200 5034 "http://securitydaily.net/huong-dan-giai-ma-petya-ransomware-mien-phi/" "Mozilla/5.0 (Windows NT 10.0; WOW64) AppleWebKit/537.36 (KHTML, like Gecko) Chrome/52.0.2743.116 Safari/537.36"
42.114.20.229 - - [11/Sep/2016:21:09:33 +0700] "GET /wp-content/themes/chientq/css/prettyPhoto.css HTTP/1.1" 200 3107 "http://securitydaily.net/huong-dan-giai-ma-petya-ransomware-mien-phi/" "Mozilla/5.0 (Windows NT 10.0; WOW64) AppleWebKit/537.36 (KHTML, like Gecko) Chrome/52.0.2743.116 Safari/537.36"
42.114.20.229 - - [11/Sep/2016:21:09:33 +0700] "GET /wp-content/themes/chientq/css/main.css HTTP/1.1" 200 3037 "http://securitydaily.net/huong-dan-giai-ma-petya-ransomware-mien-phi/" "Mozilla/5.0 (Windows NT 10.0; WOW64) AppleWebKit/537.36 (KHTML, like Gecko) Chrome/52.0.2743.116 Safari/537.36"
42.114.20.229 - - [11/Sep/2016:21:09:33 +0700] "GET /wp-content/themes/chientq/css/styles.css HTTP/1.1" 200 1974 "http://securitydaily.net/huong-dan-giai-ma-petya-ransomware-mien-phi/" "Mozilla/5.0 (Windows NT 10.0; WOW64) AppleWebKit/537.36 (KHTML, like Gecko) Chrome/52.0.2743.116 Safari/537.36"
42.114.20.229 - - [11/Sep/2016:21:09:33 +0700] "GET /wp-content/plugins/yet-another-related-posts-plugin/style/widget.css?ver=4.6 HTTP/1.1" 200 719 "http://securitydaily.net/huong-dan-giai-ma-petya-ransomware-mien-phi/" "Mozilla/5.0 (Windows NT 10.0; WOW64) AppleWebKit/537.36 (KHTML, like Gecko) Chrome/52.0.2743.116 Safari/537.36"
42.114.20.229 - - [11/Sep/2016:21:09:33 +0700] "GET /wp-content/plugins/custom-about-author/cab-style.css?ver=4.6 HTTP/1.1" 200 912 "http://securitydaily.net/huong-dan-giai-ma-petya-ransomware-mien-phi/" "Mozilla/5.0 (Windows NT 10.0; WOW64) AppleWebKit/537.36 (KHTML, like Gecko) Chrome/52.0.2743.116 Safari/537.36"
42.114.20.229 - - [11/Sep/2016:21:09:33 +0700] "GET /wp-content/plugins/organize-series/orgSeries.css?ver=4.6 HTTP/1.1" 200 1503 "http://securitydaily.net/huong-dan-giai-ma-petya-ransomware-mien-phi/" "Mozilla/5.0 (Windows NT 10.0; WOW64) AppleWebKit/537.36 (KHTML, like Gecko) Chrome/52.0.2743.116 Safari/537.36"
42.114.20.229 - - [11/Sep/2016:21:09:33 +0700] "GET /wp-content/plugins/responsive-lightbox/assets/prettyphoto/css/prettyPhoto.css?ver=1.6.9 HTTP/1.1" 200 3119 "http://securitydaily.net/huong-dan-giai-ma-petya-ransomware-mien-phi/" "Mozilla/5.0 (Windows NT 10.0; WOW64) AppleWebKit/537.36 (KHTML, like Gecko) Chrome/52.0.2743.116 Safari/537.36"
42.114.20.229 - - [11/Sep/2016:21:09:33 +0700] "GET /wp-content/plugins/display-authors-widget/css/display-authors-widget.css?ver=20141604 HTTP/1.1" 200 530 "http://securitydaily.net/huong-dan-giai-ma-petya-ransomware-mien-phi/" "Mozilla/5.0 (Windows NT 10.0; WOW64) AppleWebKit/537.36 (KHTML, like Gecko) Chrome/52.0.2743.116 Safari/537.36"
42.114.20.229 - - [11/Sep/2016:21:09:33 +0700] "GET /wp-content/plugins/wordpress-popular-posts/style/wpp.css?ver=3.3.4 HTTP/1.1" 200 856 "http://securitydaily.net/huong-dan-giai-ma-petya-ransomware-mien-phi/" "Mozilla/5.0 (Windows NT 10.0; WOW64) AppleWebKit/537.36 (KHTML, like Gecko) Chrome/52.0.2743.116 Safari/537.36"
42.114.20.229 - - [11/Sep/2016:21:09:33 +0700] "GET /wp-content/plugins/yet-another-related-posts-plugin/includes/styles_thumbnails.css.php?width=120&height=120&ver=4.3.1 HTTP/1.1" 200 556 "http://securitydaily.net/huong-dan-giai-ma-petya-ransomware-mien-phi/" "Mozilla/5.0 (Windows NT 10.0; WOW64) AppleWebKit/537.36 (KHTML, like Gecko) Chrome/52.0.2743.116 Safari/537.36"
42.114.20.229 - - [11/Sep/2016:21:09:33 +0700] "GET /wp-content/plugins/youtube-embed-plus/styles/ytprefs.min.css?ver=4.6 HTTP/1.1" 200 1848 "http://securitydaily.net/huong-dan-giai-ma-petya-ransomware-mien-phi/" "Mozilla/5.0 (Windows NT 10.0; WOW64) AppleWebKit/537.36 (KHTML, like Gecko) Chrome/52.0.2743.116 Safari/537.36"
42.114.20.229 - - [11/Sep/2016:21:09:33 +0700] "GET /wp-content/plugins/jetpack/css/jetpack.css?ver=4.2.2 HTTP/1.1" 200 10463 "http://securitydaily.net/huong-dan-giai-ma-petya-ransomware-mien-phi/" "Mozilla/5.0 (Windows NT 10.0; WOW64) AppleWebKit/537.36 (KHTML, like Gecko) Chrome/52.0.2743.116 Safari/537.36"
42.114.20.229 - - [11/Sep/2016:21:09:33 +0700] "GET /wp-content/plugins/yet-another-related-posts-plugin/style/related.css?ver=4.6 HTTP/1.1" 200 657 "http://securitydaily.net/huong-dan-giai-ma-petya-ransomware-mien-phi/" "Mozilla/5.0 (Windows NT 10.0; WOW64) AppleWebKit/537.36 (KHTML, like Gecko) Chrome/52.0.2743.116 Safari/537.36"
42.114.20.229 - - [11/Sep/2016:21:09:33 +0700] "GET /wp-includes/js/jquery/jquery-migrate.min.js?ver=1.4.1 HTTP/1.1" 200 4365 "http://securitydaily.net/huong-dan-giai-ma-petya-ransomware-mien-phi/" "Mozilla/5.0 (Windows NT 10.0; WOW64) AppleWebKit/537.36 (KHTML, like Gecko) Chrome/52.0.2743.116 Safari/537.36"
42.114.20.229 - - [11/Sep/2016:21:09:33 +0700] "GET /wp-content/plugins/responsive-lightbox/assets/prettyphoto/js/jquery.prettyPhoto.js?ver=1.6.9 HTTP/1.1" 200 10216 "http://securitydaily.net/huong-dan-giai-ma-petya-ransomware-mien-phi/" "Mozilla/5.0 (Windows NT 10.0; WOW64) AppleWebKit/537.36 (KHTML, like Gecko) Chrome/52.0.2743.116 Safari/537.36"
42.114.20.229 - - [11/Sep/2016:21:09:33 +0700] "GET /wp-content/plugins/responsive-lightbox/js/front.js?ver=1.6.9 HTTP/1.1" 200 3925 "http://securitydaily.net/huong-dan-giai-ma-petya-ransomware-mien-phi/" "Mozilla/5.0 (Windows NT 10.0; WOW64) AppleWebKit/537.36 (KHTML, like Gecko) Chrome/52.0.2743.116 Safari/537.36"
42.114.20.229 - - [11/Sep/2016:21:09:33 +0700] "GET /wp-content/plugins/youtube-embed-plus/scripts/ytprefs.min.js?ver=4.6 HTTP/1.1" 200 3141 "http://securitydaily.net/huong-dan-giai-ma-petya-ransomware-mien-phi/" "Mozilla/5.0 (Windows NT 10.0; WOW64) AppleWebKit/537.36 (KHTML, like Gecko) Chrome/52.0.2743.116 Safari/537.36"
42.114.20.229 - - [11/Sep/2016:21:09:33 +0700] "GET /wp-content/plugins/jetpack/modules/wpgroho.js?ver=4.6 HTTP/1.1" 200 838 "http://securitydaily.net/huong-dan-giai-ma-petya-ransomware-mien-phi/" "Mozilla/5.0 (Windows NT 10.0; WOW64) AppleWebKit/537.36 (KHTML, like Gecko) Chrome/52.0.2743.116 Safari/537.36"
42.114.20.229 - - [11/Sep/2016:21:09:33 +0700] "GET /wp-includes/js/jquery/jquery.js?ver=1.12.4 HTTP/1.1" 200 34119 "http://securitydaily.net/huong-dan-giai-ma-petya-ransomware-mien-phi/" "Mozilla/5.0 (Windows NT 10.0; WOW64) AppleWebKit/537.36 (KHTML, like Gecko) Chrome/52.0.2743.116 Safari/537.36"
42.114.20.229 - - [11/Sep/2016:21:09:33 +0700] "GET /wp-content/plugins/youtube-embed-plus/scripts/fitvids.min.js?ver=4.6 HTTP/1.1" 200 1155 "http://securitydaily.net/huong-dan-giai-ma-petya-ransomware-mien-phi/" "Mozilla/5.0 (Windows NT 10.0; WOW64) AppleWebKit/537.36 (KHTML, like Gecko) Chrome/52.0.2743.116 Safari/537.36"
42.114.20.229 - - [11/Sep/2016:21:09:33 +0700] "GET /wp-includes/js/wp-embed.min.js?ver=4.6 HTTP/1.1" 200 1099 "http://securitydaily.net/huong-dan-giai-ma-petya-ransomware-mien-phi/" "Mozilla/5.0 (Windows NT 10.0; WOW64) AppleWebKit/537.36 (KHTML, like Gecko) Chrome/52.0.2743.116 Safari/537.36"
42.114.20.229 - - [11/Sep/2016:21:09:33 +0700] "GET /wp-content/themes/chientq/js/tq.js HTTP/1.1" 200 437 "http://securitydaily.net/huong-dan-giai-ma-petya-ransomware-mien-phi/" "Mozilla/5.0 (Windows NT 10.0; WOW64) AppleWebKit/537.36 (KHTML, like Gecko) Chrome/52.0.2743.116 Safari/537.36"
42.114.20.229 - - [11/Sep/2016:21:09:33 +0700] "GET /wp-content/themes/chientq/js/jquery.js HTTP/1.1" 200 33153 "http://securitydaily.net/huong-dan-giai-ma-petya-ransomware-mien-phi/" "Mozilla/5.0 (Windows NT 10.0; WOW64) AppleWebKit/537.36 (KHTML, like Gecko) Chrome/52.0.2743.116 Safari/537.36"
42.114.20.229 - - [11/Sep/2016:21:09:33 +0700] "GET /wp-content/themes/chientq/js/bootstrap.min.js HTTP/1.1" 200 7603 "http://securitydaily.net/huong-dan-giai-ma-petya-ransomware-mien-phi/" "Mozilla/5.0 (Windows NT 10.0; WOW64) AppleWebKit/537.36 (KHTML, like Gecko) Chrome/52.0.2743.116 Safari/537.36"
42.114.20.229 - - [11/Sep/2016:21:09:33 +0700] "GET /wp-content/themes/chientq/js/jquery.isotope.min.js HTTP/1.1" 200 5408 "http://securitydaily.net/huong-dan-giai-ma-petya-ransomware-mien-phi/" "Mozilla/5.0 (Windows NT 10.0; WOW64) AppleWebKit/537.36 (KHTML, like Gecko) Chrome/52.0.2743.116 Safari/537.36"
42.114.20.229 - - [11/Sep/2016:21:09:33 +0700] "GET /wp-content/themes/chientq/js/jquery.prettyPhoto.js HTTP/1.1" 200 6367 "http://securitydaily.net/huong-dan-giai-ma-petya-ransomware-mien-phi/" "Mozilla/5.0 (Windows NT 10.0; WOW64) AppleWebKit/537.36 (KHTML, like Gecko) Chrome/52.0.2743.116 Safari/537.36"
42.114.20.229 - - [11/Sep/2016:21:09:33 +0700] "GET /wp-content/themes/chientq/js/main.js HTTP/1.1" 200 965 "http://securitydaily.net/huong-dan-giai-ma-petya-ransomware-mien-phi/" "Mozilla/5.0 (Windows NT 10.0; WOW64) AppleWebKit/537.36 (KHTML, like Gecko) Chrome/52.0.2743.116 Safari/537.36"
42.114.20.229 - - [11/Sep/2016:21:09:33 +0700] "GET /wp-content/uploads/2016/04/petya-sector-extractor.png HTTP/1.1" 200 29328 "http://securitydaily.net/huong-dan-giai-ma-petya-ransomware-mien-phi/" "Mozilla/5.0 (Windows NT 10.0; WOW64) AppleWebKit/537.36 (KHTML, like Gecko) Chrome/52.0.2743.116 Safari/537.36"
42.114.20.229 - - [11/Sep/2016:21:09:34 +0700] "GET /wp-includes/js/wp-emoji-release.min.js?ver=4.6 HTTP/1.1" 200 4363 "http://securitydaily.net/huong-dan-giai-ma-petya-ransomware-mien-phi/" "Mozilla/5.0 (Windows NT 10.0; WOW64) AppleWebKit/537.36 (KHTML, like Gecko) Chrome/52.0.2743.116 Safari/537.36"
42.114.20.229 - - [11/Sep/2016:21:09:34 +0700] "POST /wp-admin/admin-ajax.php HTTP/1.1" 503 1079 "http://securitydaily.net/huong-dan-giai-ma-petya-ransomware-mien-phi/" "Mozilla/5.0 (Windows NT 10.0; WOW64) AppleWebKit/537.36 (KHTML, like Gecko) Chrome/52.0.2743.116 Safari/537.36"
42.114.20.229 - - [11/Sep/2016:21:09:34 +0700] "GET /wp-content/uploads/2016/03/banner.png HTTP/1.1" 200 19026 "http://securitydaily.net/huong-dan-giai-ma-petya-ransomware-mien-phi/" "Mozilla/5.0 (Windows NT 10.0; WOW64) AppleWebKit/537.36 (KHTML, like Gecko) Chrome/52.0.2743.116 Safari/537.36"
42.114.20.229 - - [11/Sep/2016:21:09:34 +0700] "GET /wp-content/themes/chientq/font-awesome/fonts/fontawesome-webfont.woff?v=4.1.0 HTTP/1.1" 200 84023 "http://securitydaily.net/wp-content/themes/chientq/font-awesome/css/font-awesome.min.css" "Mozilla/5.0 (Windows NT 10.0; WOW64) AppleWebKit/537.36 (KHTML, like Gecko) Chrome/52.0.2743.116 Safari/537.36"
42.114.20.229 - - [11/Sep/2016:21:09:34 +0700] "GET /wp-content/uploads/2016/03/bao-mat-thu-dien-tu.png HTTP/1.1" 200 18826 "http://securitydaily.net/huong-dan-giai-ma-petya-ransomware-mien-phi/" "Mozilla/5.0 (Windows NT 10.0; WOW64) AppleWebKit/537.36 (KHTML, like Gecko) Chrome/52.0.2743.116 Safari/537.36"
42.114.20.229 - - [11/Sep/2016:21:09:34 +0700] "GET /wp-content/uploads/2014/03/SQL-Injection-Attack1.jpg HTTP/1.1" 200 27051 "http://securitydaily.net/huong-dan-giai-ma-petya-ransomware-mien-phi/" "Mozilla/5.0 (Windows NT 10.0; WOW64) AppleWebKit/537.36 (KHTML, like Gecko) Chrome/52.0.2743.116 Safari/537.36"
42.114.20.229 - - [11/Sep/2016:21:09:34 +0700] "GET /wp-content/uploads/2016/04/decrypting-700x389.png HTTP/1.1" 200 47833 "http://securitydaily.net/huong-dan-giai-ma-petya-ransomware-mien-phi/" "Mozilla/5.0 (Windows NT 10.0; WOW64) AppleWebKit/537.36 (KHTML, like Gecko) Chrome/52.0.2743.116 Safari/537.36"
42.114.20.229 - - [11/Sep/2016:21:09:34 +0700] "GET /wp-content/uploads/2014/05/11084681.jpg HTTP/1.1" 200 99378 "http://securitydaily.net/huong-dan-giai-ma-petya-ransomware-mien-phi/" "Mozilla/5.0 (Windows NT 10.0; WOW64) AppleWebKit/537.36 (KHTML, like Gecko) Chrome/52.0.2743.116 Safari/537.36"
85.143.213.194 - - [11/Sep/2016:21:09:34 +0700] "POST /xmlrpc.php HTTP/1.0" 503 1079 "-" "Mozilla/4.0 (compatible: MSIE 7.0; Windows NT 6.0)"
42.114.20.229 - - [11/Sep/2016:21:09:34 +0700] "GET /wp-content/uploads/2015/12/tintac.jpg HTTP/1.1" 200 36958 "http://securitydaily.net/huong-dan-giai-ma-petya-ransomware-mien-phi/" "Mozilla/5.0 (Windows NT 10.0; WOW64) AppleWebKit/537.36 (KHTML, like Gecko) Chrome/52.0.2743.116 Safari/537.36"
42.114.20.229 - - [11/Sep/2016:21:09:35 +0700] "GET /wp-content/uploads/2015/03/ddosattack.jpg HTTP/1.1" 200 35333 "http://securitydaily.net/huong-dan-giai-ma-petya-ransomware-mien-phi/" "Mozilla/5.0 (Windows NT 10.0; WOW64) AppleWebKit/537.36 (KHTML, like Gecko) Chrome/52.0.2743.116 Safari/537.36"
85.143.213.194 - - [11/Sep/2016:21:09:35 +0700] "POST /xmlrpc.php HTTP/1.0" 503 1079 "-" "Mozilla/4.0 (compatible: MSIE 7.0; Windows NT 6.0)"
42.114.20.229 - - [11/Sep/2016:21:09:35 +0700] "GET /wp-content/uploads/2016/07/sinhvienit-xss-csrf-exploit-45x45.png HTTP/1.1" 200 2171 "http://securitydaily.net/huong-dan-giai-ma-petya-ransomware-mien-phi/" "Mozilla/5.0 (Windows NT 10.0; WOW64) AppleWebKit/537.36 (KHTML, like Gecko) Chrome/52.0.2743.116 Safari/537.36"
42.114.20.229 - - [11/Sep/2016:21:09:35 +0700] "GET /wp-content/uploads/2016/04/locky_eng_11-45x45.png HTTP/1.1" 200 2235 "http://securitydaily.net/huong-dan-giai-ma-petya-ransomware-mien-phi/" "Mozilla/5.0 (Windows NT 10.0; WOW64) AppleWebKit/537.36 (KHTML, like Gecko) Chrome/52.0.2743.116 Safari/537.36"
42.114.20.229 - - [11/Sep/2016:21:09:35 +0700] "GET /wp-content/uploads/2014/08/Monitoring-Response-Centre-45x45.jpg HTTP/1.1" 200 2407 "http://securitydaily.net/huong-dan-giai-ma-petya-ransomware-mien-phi/" "Mozilla/5.0 (Windows NT 10.0; WOW64) AppleWebKit/537.36 (KHTML, like Gecko) Chrome/52.0.2743.116 Safari/537.36"
42.114.20.229 - - [11/Sep/2016:21:09:35 +0700] "GET /wp-content/uploads/2016/01/Lo-hong-bao-mat-45x45.jpg HTTP/1.1" 200 2010 "http://securitydaily.net/huong-dan-giai-ma-petya-ransomware-mien-phi/" "Mozilla/5.0 (Windows NT 10.0; WOW64) AppleWebKit/537.36 (KHTML, like Gecko) Chrome/52.0.2743.116 Safari/537.36"
42.114.20.229 - - [11/Sep/2016:21:09:35 +0700] "GET /wp-content/uploads/2015/11/ma-doc-hack-facebook-03-45x45.png HTTP/1.1" 200 2217 "http://securitydaily.net/huong-dan-giai-ma-petya-ransomware-mien-phi/" "Mozilla/5.0 (Windows NT 10.0; WOW64) AppleWebKit/537.36 (KHTML, like Gecko) Chrome/52.0.2743.116 Safari/537.36"
42.114.20.229 - - [11/Sep/2016:21:09:35 +0700] "GET /wp-content/uploads/wordpress-popular-posts/16582-featured-45x45.png HTTP/1.1" 200 4444 "http://securitydaily.net/huong-dan-giai-ma-petya-ransomware-mien-phi/" "Mozilla/5.0 (Windows NT 10.0; WOW64) AppleWebKit/537.36 (KHTML, like Gecko) Chrome/52.0.2743.116 Safari/537.36"
42.114.20.229 - - [11/Sep/2016:21:09:35 +0700] "GET /wp-content/uploads/wordpress-popular-posts/16612-featured-45x45.png HTTP/1.1" 200 4700 "http://securitydaily.net/huong-dan-giai-ma-petya-ransomware-mien-phi/" "Mozilla/5.0 (Windows NT 10.0; WOW64) AppleWebKit/537.36 (KHTML, like Gecko) Chrome/52.0.2743.116 Safari/537.36"
42.114.20.229 - - [11/Sep/2016:21:09:35 +0700] "GET /wp-content/uploads/wordpress-popular-posts/16637-featured-45x45.png HTTP/1.1" 200 5275 "http://securitydaily.net/huong-dan-giai-ma-petya-ransomware-mien-phi/" "Mozilla/5.0 (Windows NT 10.0; WOW64) AppleWebKit/537.36 (KHTML, like Gecko) Chrome/52.0.2743.116 Safari/537.36"
42.114.20.229 - - [11/Sep/2016:21:09:35 +0700] "GET /wp-content/uploads/wordpress-popular-posts/16634-featured-45x45.png HTTP/1.1" 200 4339 "http://securitydaily.net/huong-dan-giai-ma-petya-ransomware-mien-phi/" "Mozilla/5.0 (Windows NT 10.0; WOW64) AppleWebKit/537.36 (KHTML, like Gecko) Chrome/52.0.2743.116 Safari/537.36"
42.114.20.229 - - [11/Sep/2016:21:09:34 +0700] "GET /wp-content/uploads/2015/10/cia-director-hacked-700x365.png HTTP/1.1" 200 130135 "http://securitydaily.net/huong-dan-giai-ma-petya-ransomware-mien-phi/" "Mozilla/5.0 (Windows NT 10.0; WOW64) AppleWebKit/537.36 (KHTML, like Gecko) Chrome/52.0.2743.116 Safari/537.36"
42.114.20.229 - - [11/Sep/2016:21:09:35 +0700] "GET /wp-content/uploads/wordpress-popular-posts/16575-featured-45x45.png HTTP/1.1" 200 3883 "http://securitydaily.net/huong-dan-giai-ma-petya-ransomware-mien-phi/" "Mozilla/5.0 (Windows NT 10.0; WOW64) AppleWebKit/537.36 (KHTML, like Gecko) Chrome/52.0.2743.116 Safari/537.36"
42.114.20.229 - - [11/Sep/2016:21:09:35 +0700] "GET /wp-content/uploads/wordpress-popular-posts/16593-featured-45x45.png HTTP/1.1" 200 5809 "http://securitydaily.net/huong-dan-giai-ma-petya-ransomware-mien-phi/" "Mozilla/5.0 (Windows NT 10.0; WOW64) AppleWebKit/537.36 (KHTML, like Gecko) Chrome/52.0.2743.116 Safari/537.36"
42.114.20.229 - - [11/Sep/2016:21:09:35 +0700] "GET /wp-content/uploads/wordpress-popular-posts/16625-featured-45x45.png HTTP/1.1" 200 5938 "http://securitydaily.net/huong-dan-giai-ma-petya-ransomware-mien-phi/" "Mozilla/5.0 (Windows NT 10.0; WOW64) AppleWebKit/537.36 (KHTML, like Gecko) Chrome/52.0.2743.116 Safari/537.36"
42.114.20.229 - - [11/Sep/2016:21:09:34 +0700] "GET /wp-content/uploads/2016/04/required-info-700x719.png HTTP/1.1" 200 189417 "http://securitydaily.net/huong-dan-giai-ma-petya-ransomware-mien-phi/" "Mozilla/5.0 (Windows NT 10.0; WOW64) AppleWebKit/537.36 (KHTML, like Gecko) Chrome/52.0.2743.116 Safari/537.36"
42.114.20.229 - - [11/Sep/2016:21:09:34 +0700] "GET /wp-content/uploads/2016/03/chinh-phu-dien-tu--700x709.png HTTP/1.1" 200 172890 "http://securitydaily.net/huong-dan-giai-ma-petya-ransomware-mien-phi/" "Mozilla/5.0 (Windows NT 10.0; WOW64) AppleWebKit/537.36 (KHTML, like Gecko) Chrome/52.0.2743.116 Safari/537.36"
42.114.20.229 - - [11/Sep/2016:21:09:36 +0700] "GET /wp-content/uploads/wordpress-popular-posts/16607-featured-45x45.png HTTP/1.1" 200 4537 "http://securitydaily.net/huong-dan-giai-ma-petya-ransomware-mien-phi/" "Mozilla/5.0 (Windows NT 10.0; WOW64) AppleWebKit/537.36 (KHTML, like Gecko) Chrome/52.0.2743.116 Safari/537.36"
42.114.20.229 - - [11/Sep/2016:21:09:36 +0700] "GET /wp-content/uploads/wordpress-popular-posts/16601-featured-45x45.png HTTP/1.1" 200 5789 "http://securitydaily.net/huong-dan-giai-ma-petya-ransomware-mien-phi/" "Mozilla/5.0 (Windows NT 10.0; WOW64) AppleWebKit/537.36 (KHTML, like Gecko) Chrome/52.0.2743.116 Safari/537.36"
42.114.20.229 - - [11/Sep/2016:21:09:36 +0700] "GET /wp-content/uploads/wordpress-popular-posts/16640-featured-45x45.png HTTP/1.1" 200 3519 "http://securitydaily.net/huong-dan-giai-ma-petya-ransomware-mien-phi/" "Mozilla/5.0 (Windows NT 10.0; WOW64) AppleWebKit/537.36 (KHTML, like Gecko) Chrome/52.0.2743.116 Safari/537.36"
42.114.20.229 - - [11/Sep/2016:21:09:36 +0700] "GET /wp-content/uploads/2014/08/cisco_patches-45x45.jpg HTTP/1.1" 200 1838 "http://securitydaily.net/huong-dan-giai-ma-petya-ransomware-mien-phi/" "Mozilla/5.0 (Windows NT 10.0; WOW64) AppleWebKit/537.36 (KHTML, like Gecko) Chrome/52.0.2743.116 Safari/537.36"
42.114.20.229 - - [11/Sep/2016:21:09:36 +0700] "GET /wp-content/uploads/2016/03/fbi-most-wanted-hackers-45x45.png HTTP/1.1" 200 8234 "http://securitydaily.net/huong-dan-giai-ma-petya-ransomware-mien-phi/" "Mozilla/5.0 (Windows NT 10.0; WOW64) AppleWebKit/537.36 (KHTML, like Gecko) Chrome/52.0.2743.116 Safari/537.36"
42.114.20.229 - - [11/Sep/2016:21:09:36 +0700] "GET /wp-content/uploads/2016/03/hack-system-integrity-protection-45x45.png HTTP/1.1" 200 8531 "http://securitydaily.net/huong-dan-giai-ma-petya-ransomware-mien-phi/" "Mozilla/5.0 (Windows NT 10.0; WOW64) AppleWebKit/537.36 (KHTML, like Gecko) Chrome/52.0.2743.116 Safari/537.36"
42.114.20.229 - - [11/Sep/2016:21:09:36 +0700] "GET /wp-content/uploads/2016/03/most-wanted-syrian-electronic-army-45x45.png HTTP/1.1" 200 7918 "http://securitydaily.net/huong-dan-giai-ma-petya-ransomware-mien-phi/" "Mozilla/5.0 (Windows NT 10.0; WOW64) AppleWebKit/537.36 (KHTML, like Gecko) Chrome/52.0.2743.116 Safari/537.36"
42.114.20.229 - - [11/Sep/2016:21:09:36 +0700] "GET /wp-content/uploads/2016/03/badlock-45x45.png HTTP/1.1" 200 4777 "http://securitydaily.net/huong-dan-giai-ma-petya-ransomware-mien-phi/" "Mozilla/5.0 (Windows NT 10.0; WOW64) AppleWebKit/537.36 (KHTML, like Gecko) Chrome/52.0.2743.116 Safari/537.36"
42.114.20.229 - - [11/Sep/2016:21:09:34 +0700] "GET /wp-content/uploads/2016/04/petya-decryption-key-found-700x527.png HTTP/1.1" 200 122891 "http://securitydaily.net/huong-dan-giai-ma-petya-ransomware-mien-phi/" "Mozilla/5.0 (Windows NT 10.0; WOW64) AppleWebKit/537.36 (KHTML, like Gecko) Chrome/52.0.2743.116 Safari/537.36"
66.249.71.21 - - [11/Sep/2016:21:09:36 +0700] "GET /lo-hong-ssltls-trong-mang-wifi-sap-duoc-cong-bo-tai-defcon-22/ HTTP/1.1" 503 1079 "-" "Mozilla/5.0 (compatible; Googlebot/2.1; +http://www.google.com/bot.html)"
42.114.20.229 - - [11/Sep/2016:21:09:34 +0700] "GET /wp-content/uploads/2016/03/Dich-vu-an-toan-thong-tin.png HTTP/1.1" 200 294514 "http://securitydaily.net/huong-dan-giai-ma-petya-ransomware-mien-phi/" "Mozilla/5.0 (Windows NT 10.0; WOW64) AppleWebKit/537.36 (KHTML, like Gecko) Chrome/52.0.2743.116 Safari/537.36"
85.143.213.194 - - [11/Sep/2016:21:09:40 +0700] "POST /xmlrpc.php HTTP/1.0" 503 1079 "-" "Mozilla/4.0 (compatible: MSIE 7.0; Windows NT 6.0)"
85.143.213.194 - - [11/Sep/2016:21:09:40 +0700] "POST /xmlrpc.php HTTP/1.0" 503 1079 "-" "Mozilla/4.0 (compatible: MSIE 7.0; Windows NT 6.0)"
42.114.20.229 - - [11/Sep/2016:21:09:42 +0700] "GET /wp-content/themes/chientq/favicon.ico HTTP/1.1" 200 17248 "http://securitydaily.net/huong-dan-giai-ma-petya-ransomware-mien-phi/" "Mozilla/5.0 (Windows NT 10.0; WOW64) AppleWebKit/537.36 (KHTML, like Gecko) Chrome/52.0.2743.116 Safari/537.36"
127.0.0.1 - - [11/Sep/2016:21:09:43 +0700] "OPTIONS * HTTP/1.0" 200 126 "-" "Apache/2.4.12 (Ubuntu) (internal dummy connection)"
85.143.213.194 - - [11/Sep/2016:21:09:45 +0700] "POST /xmlrpc.php HTTP/1.0" 503 1079 "-" "Mozilla/4.0 (compatible: MSIE 7.0; Windows NT 6.0)"
85.143.213.194 - - [11/Sep/2016:21:09:45 +0700] "POST /xmlrpc.php HTTP/1.0" 503 1079 "-" "Mozilla/4.0 (compatible: MSIE 7.0; Windows NT 6.0)"
69.162.124.234 - - [11/Sep/2016:21:09:46 +0700] "HEAD / HTTP/1.1" 200 406 "http://securitydaily.net/" "Mozilla/5.0+(compatible; UptimeRobot/2.0; http://www.uptimerobot.com/)"
85.143.213.194 - - [11/Sep/2016:21:09:50 +0700] "POST /xmlrpc.php HTTP/1.0" 503 1079 "-" "Mozilla/4.0 (compatible: MSIE 7.0; Windows NT 6.0)"
127.0.0.1 - - [11/Sep/2016:21:09:50 +0700] "OPTIONS * HTTP/1.0" 200 126 "-" "Apache/2.4.12 (Ubuntu) (internal dummy connection)"
85.143.213.194 - - [11/Sep/2016:21:09:50 +0700] "POST /xmlrpc.php HTTP/1.0" 503 1079 "-" "Mozilla/4.0 (compatible: MSIE 7.0; Windows NT 6.0)"
85.143.213.194 - - [11/Sep/2016:21:09:54 +0700] "POST /xmlrpc.php HTTP/1.0" 503 1079 "-" "Mozilla/4.0 (compatible: MSIE 7.0; Windows NT 6.0)"
173.252.88.87 - - [11/Sep/2016:21:09:53 +0700] "GET /wp-content/uploads/2016/04/decrypt-petya-Ransomware-tool.png HTTP/1.1" 200 128588 "-" "facebookexternalhit/1.1 (+http://www.facebook.com/externalhit_uatext.php)"
85.143.213.194 - - [11/Sep/2016:21:09:55 +0700] "POST /xmlrpc.php HTTP/1.0" 503 1079 "-" "Mozilla/4.0 (compatible: MSIE 7.0; Windows NT 6.0)"
85.143.213.194 - - [11/Sep/2016:21:09:59 +0700] "POST /xmlrpc.php HTTP/1.0" 503 1079 "-" "Mozilla/4.0 (compatible: MSIE 7.0; Windows NT 6.0)"
85.143.213.194 - - [11/Sep/2016:21:09:59 +0700] "POST /xmlrpc.php HTTP/1.0" 503 1079 "-" "Mozilla/4.0 (compatible: MSIE 7.0; Windows NT 6.0)"
85.143.213.194 - - [11/Sep/2016:21:10:04 +0700] "POST /xmlrpc.php HTTP/1.0" 503 1079 "-" "Mozilla/4.0 (compatible: MSIE 7.0; Windows NT 6.0)"
85.143.213.194 - - [11/Sep/2016:21:10:04 +0700] "POST /xmlrpc.php HTTP/1.0" 503 1079 "-" "Mozilla/4.0 (compatible: MSIE 7.0; Windows NT 6.0)"
168.235.205.239 - - [11/Sep/2016:21:10:05 +0700] "GET /wp-content/plugins/yet-another-related-posts-plugin/includes/styles_thumbnails.css.php?width=120& HTTP/1.1" 200 557 "http://securitydaily.net/huong-dan-giai-ma-petya-ransomware-mien-phi/" "Mozilla/5.0 (Linux; U; Android 4.2.2; en-US; GT-N7100 Build/IMM76I) AppleWebKit/534.30 (KHTML, like Gecko) Version/4.0 UCBrowser/10.4.1.565 U3/0.8.0 Mobile Safari/534.30"
