58.186.113.8 - - [11/Sep/2016:21:16:00 +0700] "GET /wp-content/themes/chientq/font-awesome/css/font-awesome.min.css HTTP/1.1" 200 5034 "http://securitydaily.net/huong-dan-giai-ma-petya-ransomware-mien-phi/" "Mozilla/5.0 (iPhone; CPU iPhone OS 9_3_5 like Mac OS X) AppleWebKit/601.1.46 (KHTML, like Gecko) Mobile/13G36 [FBAN/FBIOS;FBAV/63.0.0.37.140;FBBV/37606630;FBRV/0;FBDV/iPhone8,4;FBMD/iPhone;FBSN/iPhone OS;FBSV/9.3.5;FBSS/2;FBCR/Mobifone;FBID/phone;FBLC/vi_VN;FBOP/5]"
58.186.113.8 - - [11/Sep/2016:21:16:00 +0700] "GET /wp-content/themes/chientq/css/main.css HTTP/1.1" 200 3037 "http://securitydaily.net/huong-dan-giai-ma-petya-ransomware-mien-phi/" "Mozilla/5.0 (iPhone; CPU iPhone OS 9_3_5 like Mac OS X) AppleWebKit/601.1.46 (KHTML, like Gecko) Mobile/13G36 [FBAN/FBIOS;FBAV/63.0.0.37.140;FBBV/37606630;FBRV/0;FBDV/iPhone8,4;FBMD/iPhone;FBSN/iPhone OS;FBSV/9.3.5;FBSS/2;FBCR/Mobifone;FBID/phone;FBLC/vi_VN;FBOP/5]"
58.186.113.8 - - [11/Sep/2016:21:16:00 +0700] "GET /wp-content/themes/chientq/css/prettyPhoto.css HTTP/1.1" 200 3107 "http://securitydaily.net/huong-dan-giai-ma-petya-ransomware-mien-phi/" "Mozilla/5.0 (iPhone; CPU iPhone OS 9_3_5 like Mac OS X) AppleWebKit/601.1.46 (KHTML, like Gecko) Mobile/13G36 [FBAN/FBIOS;FBAV/63.0.0.37.140;FBBV/37606630;FBRV/0;FBDV/iPhone8,4;FBMD/iPhone;FBSN/iPhone OS;FBSV/9.3.5;FBSS/2;FBCR/Mobifone;FBID/phone;FBLC/vi_VN;FBOP/5]"
58.186.113.8 - - [11/Sep/2016:21:16:00 +0700] "GET /wp-content/themes/chientq/css/font-awesome.min.css HTTP/1.1" 200 4723 "http://securitydaily.net/huong-dan-giai-ma-petya-ransomware-mien-phi/" "Mozilla/5.0 (iPhone; CPU iPhone OS 9_3_5 like Mac OS X) AppleWebKit/601.1.46 (KHTML, like Gecko) Mobile/13G36 [FBAN/FBIOS;FBAV/63.0.0.37.140;FBBV/37606630;FBRV/0;FBDV/iPhone8,4;FBMD/iPhone;FBSN/iPhone OS;FBSV/9.3.5;FBSS/2;FBCR/Mobifone;FBID/phone;FBLC/vi_VN;FBOP/5]"
58.186.113.8 - - [11/Sep/2016:21:16:00 +0700] "GET /wp-content/themes/chientq/css/bootstrap.min.css HTTP/1.1" 200 16408 "http://securitydaily.net/huong-dan-giai-ma-petya-ransomware-mien-phi/" "Mozilla/5.0 (iPhone; CPU iPhone OS 9_3_5 like Mac OS X) AppleWebKit/601.1.46 (KHTML, like Gecko) Mobile/13G36 [FBAN/FBIOS;FBAV/63.0.0.37.140;FBBV/37606630;FBRV/0;FBDV/iPhone8,4;FBMD/iPhone;FBSN/iPhone OS;FBSV/9.3.5;FBSS/2;FBCR/Mobifone;FBID/phone;FBLC/vi_VN;FBOP/5]"
58.186.113.8 - - [11/Sep/2016:21:16:00 +0700] "GET /wp-content/themes/chientq/css/styles.css HTTP/1.1" 200 0 "http://securitydaily.net/huong-dan-giai-ma-petya-ransomware-mien-phi/" "Mozilla/5.0 (iPhone; CPU iPhone OS 9_3_5 like Mac OS X) AppleWebKit/601.1.46 (KHTML, like Gecko) Mobile/13G36 [FBAN/FBIOS;FBAV/63.0.0.37.140;FBBV/37606630;FBRV/0;FBDV/iPhone8,4;FBMD/iPhone;FBSN/iPhone OS;FBSV/9.3.5;FBSS/2;FBCR/Mobifone;FBID/phone;FBLC/vi_VN;FBOP/5]"
58.186.113.8 - - [11/Sep/2016:21:16:00 +0700] "GET /wp-content/plugins/yet-another-related-posts-plugin/style/widget.css?ver=4.6 HTTP/1.1" 200 0 "http://securitydaily.net/huong-dan-giai-ma-petya-ransomware-mien-phi/" "Mozilla/5.0 (iPhone; CPU iPhone OS 9_3_5 like Mac OS X) AppleWebKit/601.1.46 (KHTML, like Gecko) Mobile/13G36 [FBAN/FBIOS;FBAV/63.0.0.37.140;FBBV/37606630;FBRV/0;FBDV/iPhone8,4;FBMD/iPhone;FBSN/iPhone OS;FBSV/9.3.5;FBSS/2;FBCR/Mobifone;FBID/phone;FBLC/vi_VN;FBOP/5]"
58.186.113.8 - - [11/Sep/2016:21:16:00 +0700] "GET /wp-content/plugins/custom-about-author/cab-style.css?ver=4.6 HTTP/1.1" 200 0 "http://securitydaily.net/huong-dan-giai-ma-petya-ransomware-mien-phi/" "Mozilla/5.0 (iPhone; CPU iPhone OS 9_3_5 like Mac OS X) AppleWebKit/601.1.46 (KHTML, like Gecko) Mobile/13G36 [FBAN/FBIOS;FBAV/63.0.0.37.140;FBBV/37606630;FBRV/0;FBDV/iPhone8,4;FBMD/iPhone;FBSN/iPhone OS;FBSV/9.3.5;FBSS/2;FBCR/Mobifone;FBID/phone;FBLC/vi_VN;FBOP/5]"
58.186.113.8 - - [11/Sep/2016:21:16:00 +0700] "GET /wp-content/plugins/organize-series/orgSeries.css?ver=4.6 HTTP/1.1" 200 5107 "http://securitydaily.net/huong-dan-giai-ma-petya-ransomware-mien-phi/" "Mozilla/5.0 (iPhone; CPU iPhone OS 9_3_5 like Mac OS X) AppleWebKit/601.1.46 (KHTML, like Gecko) Mobile/13G36 [FBAN/FBIOS;FBAV/63.0.0.37.140;FBBV/37606630;FBRV/0;FBDV/iPhone8,4;FBMD/iPhone;FBSN/iPhone OS;FBSV/9.3.5;FBSS/2;FBCR/Mobifone;FBID/phone;FBLC/vi_VN;FBOP/5]"
58.186.113.8 - - [11/Sep/2016:21:16:00 +0700] "GET /wp-content/plugins/responsive-lightbox/assets/prettyphoto/css/prettyPhoto.css?ver=1.6.9 HTTP/1.1" 200 0 "http://securitydaily.net/huong-dan-giai-ma-petya-ransomware-mien-phi/" "Mozilla/5.0 (iPhone; CPU iPhone OS 9_3_5 like Mac OS X) AppleWebKit/601.1.46 (KHTML, like Gecko) Mobile/13G36 [FBAN/FBIOS;FBAV/63.0.0.37.140;FBBV/37606630;FBRV/0;FBDV/iPhone8,4;FBMD/iPhone;FBSN/iPhone OS;FBSV/9.3.5;FBSS/2;FBCR/Mobifone;FBID/phone;FBLC/vi_VN;FBOP/5]"
58.186.113.8 - - [11/Sep/2016:21:16:00 +0700] "GET /wp-content/plugins/display-authors-widget/css/display-authors-widget.css?ver=20141604 HTTP/1.1" 200 0 "http://securitydaily.net/huong-dan-giai-ma-petya-ransomware-mien-phi/" "Mozilla/5.0 (iPhone; CPU iPhone OS 9_3_5 like Mac OS X) AppleWebKit/601.1.46 (KHTML, like Gecko) Mobile/13G36 [FBAN/FBIOS;FBAV/63.0.0.37.140;FBBV/37606630;FBRV/0;FBDV/iPhone8,4;FBMD/iPhone;FBSN/iPhone OS;FBSV/9.3.5;FBSS/2;FBCR/Mobifone;FBID/phone;FBLC/vi_VN;FBOP/5]"
58.186.113.8 - - [11/Sep/2016:21:16:00 +0700] "GET /wp-content/plugins/wordpress-popular-posts/style/wpp.css?ver=3.3.4 HTTP/1.1" 200 4505 "http://securitydaily.net/huong-dan-giai-ma-petya-ransomware-mien-phi/" "Mozilla/5.0 (iPhone; CPU iPhone OS 9_3_5 like Mac OS X) AppleWebKit/601.1.46 (KHTML, like Gecko) Mobile/13G36 [FBAN/FBIOS;FBAV/63.0.0.37.140;FBBV/37606630;FBRV/0;FBDV/iPhone8,4;FBMD/iPhone;FBSN/iPhone OS;FBSV/9.3.5;FBSS/2;FBCR/Mobifone;FBID/phone;FBLC/vi_VN;FBOP/5]"
58.186.113.8 - - [11/Sep/2016:21:16:00 +0700] "GET /wp-content/plugins/yet-another-related-posts-plugin/includes/styles_thumbnails.css.php?width=120&height=120&ver=4.3.1 HTTP/1.1" 200 556 "http://securitydaily.net/huong-dan-giai-ma-petya-ransomware-mien-phi/" "Mozilla/5.0 (iPhone; CPU iPhone OS 9_3_5 like Mac OS X) AppleWebKit/601.1.46 (KHTML, like Gecko) Mobile/13G36 [FBAN/FBIOS;FBAV/63.0.0.37.140;FBBV/37606630;FBRV/0;FBDV/iPhone8,4;FBMD/iPhone;FBSN/iPhone OS;FBSV/9.3.5;FBSS/2;FBCR/Mobifone;FBID/phone;FBLC/vi_VN;FBOP/5]"
58.186.113.8 - - [11/Sep/2016:21:16:00 +0700] "GET /wp-includes/js/jquery/jquery-migrate.min.js?ver=1.4.1 HTTP/1.1" 200 4365 "http://securitydaily.net/huong-dan-giai-ma-petya-ransomware-mien-phi/" "Mozilla/5.0 (iPhone; CPU iPhone OS 9_3_5 like Mac OS X) AppleWebKit/601.1.46 (KHTML, like Gecko) Mobile/13G36 [FBAN/FBIOS;FBAV/63.0.0.37.140;FBBV/37606630;FBRV/0;FBDV/iPhone8,4;FBMD/iPhone;FBSN/iPhone OS;FBSV/9.3.5;FBSS/2;FBCR/Mobifone;FBID/phone;FBLC/vi_VN;FBOP/5]"
58.186.113.8 - - [11/Sep/2016:21:16:00 +0700] "GET /wp-content/themes/chientq/js/tq.js HTTP/1.1" 200 0 "http://securitydaily.net/huong-dan-giai-ma-petya-ransomware-mien-phi/" "Mozilla/5.0 (iPhone; CPU iPhone OS 9_3_5 like Mac OS X) AppleWebKit/601.1.46 (KHTML, like Gecko) Mobile/13G36 [FBAN/FBIOS;FBAV/63.0.0.37.140;FBBV/37606630;FBRV/0;FBDV/iPhone8,4;FBMD/iPhone;FBSN/iPhone OS;FBSV/9.3.5;FBSS/2;FBCR/Mobifone;FBID/phone;FBLC/vi_VN;FBOP/5]"
58.186.113.8 - - [11/Sep/2016:21:16:00 +0700] "GET /wp-content/themes/chientq/js/bootstrap.min.js HTTP/1.1" 200 8040 "http://securitydaily.net/huong-dan-giai-ma-petya-ransomware-mien-phi/" "Mozilla/5.0 (iPhone; CPU iPhone OS 9_3_5 like Mac OS X) AppleWebKit/601.1.46 (KHTML, like Gecko) Mobile/13G36 [FBAN/FBIOS;FBAV/63.0.0.37.140;FBBV/37606630;FBRV/0;FBDV/iPhone8,4;FBMD/iPhone;FBSN/iPhone OS;FBSV/9.3.5;FBSS/2;FBCR/Mobifone;FBID/phone;FBLC/vi_VN;FBOP/5]"
58.186.113.8 - - [11/Sep/2016:21:16:00 +0700] "GET /wp-content/plugins/youtube-embed-plus/styles/ytprefs.min.css?ver=4.6 HTTP/1.1" 200 0 "http://securitydaily.net/huong-dan-giai-ma-petya-ransomware-mien-phi/" "Mozilla/5.0 (iPhone; CPU iPhone OS 9_3_5 like Mac OS X) AppleWebKit/601.1.46 (KHTML, like Gecko) Mobile/13G36 [FBAN/FBIOS;FBAV/63.0.0.37.140;FBBV/37606630;FBRV/0;FBDV/iPhone8,4;FBMD/iPhone;FBSN/iPhone OS;FBSV/9.3.5;FBSS/2;FBCR/Mobifone;FBID/phone;FBLC/vi_VN;FBOP/5]"
58.186.113.8 - - [11/Sep/2016:21:16:00 +0700] "GET /wp-content/plugins/jetpack/css/jetpack.css?ver=4.2.2 HTTP/1.1" 200 12311 "http://securitydaily.net/huong-dan-giai-ma-petya-ransomware-mien-phi/" "Mozilla/5.0 (iPhone; CPU iPhone OS 9_3_5 like Mac OS X) AppleWebKit/601.1.46 (KHTML, like Gecko) Mobile/13G36 [FBAN/FBIOS;FBAV/63.0.0.37.140;FBBV/37606630;FBRV/0;FBDV/iPhone8,4;FBMD/iPhone;FBSN/iPhone OS;FBSV/9.3.5;FBSS/2;FBCR/Mobifone;FBID/phone;FBLC/vi_VN;FBOP/5]"
58.186.113.8 - - [11/Sep/2016:21:16:00 +0700] "GET /wp-content/plugins/responsive-lightbox/assets/prettyphoto/js/jquery.prettyPhoto.js?ver=1.6.9 HTTP/1.1" 200 10216 "http://securitydaily.net/huong-dan-giai-ma-petya-ransomware-mien-phi/" "Mozilla/5.0 (iPhone; CPU iPhone OS 9_3_5 like Mac OS X) AppleWebKit/601.1.46 (KHTML, like Gecko) Mobile/13G36 [FBAN/FBIOS;FBAV/63.0.0.37.140;FBBV/37606630;FBRV/0;FBDV/iPhone8,4;FBMD/iPhone;FBSN/iPhone OS;FBSV/9.3.5;FBSS/2;FBCR/Mobifone;FBID/phone;FBLC/vi_VN;FBOP/5]"
58.186.113.8 - - [11/Sep/2016:21:16:00 +0700] "GET /wp-content/themes/chientq/js/jquery.isotope.min.js HTTP/1.1" 200 5408 "http://securitydaily.net/huong-dan-giai-ma-petya-ransomware-mien-phi/" "Mozilla/5.0 (iPhone; CPU iPhone OS 9_3_5 like Mac OS X) AppleWebKit/601.1.46 (KHTML, like Gecko) Mobile/13G36 [FBAN/FBIOS;FBAV/63.0.0.37.140;FBBV/37606630;FBRV/0;FBDV/iPhone8,4;FBMD/iPhone;FBSN/iPhone OS;FBSV/9.3.5;FBSS/2;FBCR/Mobifone;FBID/phone;FBLC/vi_VN;FBOP/5]"
58.186.113.8 - - [11/Sep/2016:21:16:00 +0700] "GET /wp-content/themes/chientq/js/jquery.prettyPhoto.js HTTP/1.1" 200 6367 "http://securitydaily.net/huong-dan-giai-ma-petya-ransomware-mien-phi/" "Mozilla/5.0 (iPhone; CPU iPhone OS 9_3_5 like Mac OS X) AppleWebKit/601.1.46 (KHTML, like Gecko) Mobile/13G36 [FBAN/FBIOS;FBAV/63.0.0.37.140;FBBV/37606630;FBRV/0;FBDV/iPhone8,4;FBMD/iPhone;FBSN/iPhone OS;FBSV/9.3.5;FBSS/2;FBCR/Mobifone;FBID/phone;FBLC/vi_VN;FBOP/5]"
58.186.113.8 - - [11/Sep/2016:21:16:00 +0700] "GET /wp-content/plugins/responsive-lightbox/js/front.js?ver=1.6.9 HTTP/1.1" 200 3784 "http://securitydaily.net/huong-dan-giai-ma-petya-ransomware-mien-phi/" "Mozilla/5.0 (iPhone; CPU iPhone OS 9_3_5 like Mac OS X) AppleWebKit/601.1.46 (KHTML, like Gecko) Mobile/13G36 [FBAN/FBIOS;FBAV/63.0.0.37.140;FBBV/37606630;FBRV/0;FBDV/iPhone8,4;FBMD/iPhone;FBSN/iPhone OS;FBSV/9.3.5;FBSS/2;FBCR/Mobifone;FBID/phone;FBLC/vi_VN;FBOP/5]"
58.186.113.8 - - [11/Sep/2016:21:16:00 +0700] "GET /wp-content/plugins/youtube-embed-plus/scripts/ytprefs.min.js?ver=4.6 HTTP/1.1" 200 3282 "http://securitydaily.net/huong-dan-giai-ma-petya-ransomware-mien-phi/" "Mozilla/5.0 (iPhone; CPU iPhone OS 9_3_5 like Mac OS X) AppleWebKit/601.1.46 (KHTML, like Gecko) Mobile/13G36 [FBAN/FBIOS;FBAV/63.0.0.37.140;FBBV/37606630;FBRV/0;FBDV/iPhone8,4;FBMD/iPhone;FBSN/iPhone OS;FBSV/9.3.5;FBSS/2;FBCR/Mobifone;FBID/phone;FBLC/vi_VN;FBOP/5]"
58.186.113.8 - - [11/Sep/2016:21:16:00 +0700] "GET /wp-content/uploads/2016/03/banner.png HTTP/1.1" 200 19025 "http://securitydaily.net/huong-dan-giai-ma-petya-ransomware-mien-phi/" "Mozilla/5.0 (iPhone; CPU iPhone OS 9_3_5 like Mac OS X) AppleWebKit/601.1.46 (KHTML, like Gecko) Mobile/13G36 [FBAN/FBIOS;FBAV/63.0.0.37.140;FBBV/37606630;FBRV/0;FBDV/iPhone8,4;FBMD/iPhone;FBSN/iPhone OS;FBSV/9.3.5;FBSS/2;FBCR/Mobifone;FBID/phone;FBLC/vi_VN;FBOP/5]"
58.186.113.8 - - [11/Sep/2016:21:16:00 +0700] "GET /wp-content/themes/chientq/js/main.js HTTP/1.1" 200 0 "http://securitydaily.net/huong-dan-giai-ma-petya-ransomware-mien-phi/" "Mozilla/5.0 (iPhone; CPU iPhone OS 9_3_5 like Mac OS X) AppleWebKit/601.1.46 (KHTML, like Gecko) Mobile/13G36 [FBAN/FBIOS;FBAV/63.0.0.37.140;FBBV/37606630;FBRV/0;FBDV/iPhone8,4;FBMD/iPhone;FBSN/iPhone OS;FBSV/9.3.5;FBSS/2;FBCR/Mobifone;FBID/phone;FBLC/vi_VN;FBOP/5]"
58.186.113.8 - - [11/Sep/2016:21:16:00 +0700] "GET /wp-content/plugins/yet-another-related-posts-plugin/style/related.css?ver=4.6 HTTP/1.1" 200 0 "http://securitydaily.net/huong-dan-giai-ma-petya-ransomware-mien-phi/" "Mozilla/5.0 (iPhone; CPU iPhone OS 9_3_5 like Mac OS X) AppleWebKit/601.1.46 (KHTML, like Gecko) Mobile/13G36 [FBAN/FBIOS;FBAV/63.0.0.37.140;FBBV/37606630;FBRV/0;FBDV/iPhone8,4;FBMD/iPhone;FBSN/iPhone OS;FBSV/9.3.5;FBSS/2;FBCR/Mobifone;FBID/phone;FBLC/vi_VN;FBOP/5]"
58.186.113.8 - - [11/Sep/2016:21:16:00 +0700] "GET /wp-content/plugins/jetpack/modules/wpgroho.js?ver=4.6 HTTP/1.1" 200 0 "http://securitydaily.net/huong-dan-giai-ma-petya-ransomware-mien-phi/" "Mozilla/5.0 (iPhone; CPU iPhone OS 9_3_5 like Mac OS X) AppleWebKit/601.1.46 (KHTML, like Gecko) Mobile/13G36 [FBAN/FBIOS;FBAV/63.0.0.37.140;FBBV/37606630;FBRV/0;FBDV/iPhone8,4;FBMD/iPhone;FBSN/iPhone OS;FBSV/9.3.5;FBSS/2;FBCR/Mobifone;FBID/phone;FBLC/vi_VN;FBOP/5]"
58.186.113.8 - - [11/Sep/2016:21:16:00 +0700] "GET /wp-content/plugins/youtube-embed-plus/scripts/fitvids.min.js?ver=4.6 HTTP/1.1" 200 0 "http://securitydaily.net/huong-dan-giai-ma-petya-ransomware-mien-phi/" "Mozilla/5.0 (iPhone; CPU iPhone OS 9_3_5 like Mac OS X) AppleWebKit/601.1.46 (KHTML, like Gecko) Mobile/13G36 [FBAN/FBIOS;FBAV/63.0.0.37.140;FBBV/37606630;FBRV/0;FBDV/iPhone8,4;FBMD/iPhone;FBSN/iPhone OS;FBSV/9.3.5;FBSS/2;FBCR/Mobifone;FBID/phone;FBLC/vi_VN;FBOP/5]"
58.186.113.8 - - [11/Sep/2016:21:16:00 +0700] "GET /wp-includes/js/wp-embed.min.js?ver=4.6 HTTP/1.1" 200 0 "http://securitydaily.net/huong-dan-giai-ma-petya-ransomware-mien-phi/" "Mozilla/5.0 (iPhone; CPU iPhone OS 9_3_5 like Mac OS X) AppleWebKit/601.1.46 (KHTML, like Gecko) Mobile/13G36 [FBAN/FBIOS;FBAV/63.0.0.37.140;FBBV/37606630;FBRV/0;FBDV/iPhone8,4;FBMD/iPhone;FBSN/iPhone OS;FBSV/9.3.5;FBSS/2;FBCR/Mobifone;FBID/phone;FBLC/vi_VN;FBOP/5]"
58.186.113.8 - - [11/Sep/2016:21:16:00 +0700] "GET /wp-content/themes/chientq/js/jquery.js HTTP/1.1" 200 36245 "http://securitydaily.net/huong-dan-giai-ma-petya-ransomware-mien-phi/" "Mozilla/5.0 (iPhone; CPU iPhone OS 9_3_5 like Mac OS X) AppleWebKit/601.1.46 (KHTML, like Gecko) Mobile/13G36 [FBAN/FBIOS;FBAV/63.0.0.37.140;FBBV/37606630;FBRV/0;FBDV/iPhone8,4;FBMD/iPhone;FBSN/iPhone OS;FBSV/9.3.5;FBSS/2;FBCR/Mobifone;FBID/phone;FBLC/vi_VN;FBOP/5]"
58.186.113.8 - - [11/Sep/2016:21:16:00 +0700] "GET /wp-content/uploads/2016/07/sinhvienit-xss-csrf-exploit-45x45.png HTTP/1.1" 200 0 "http://securitydaily.net/huong-dan-giai-ma-petya-ransomware-mien-phi/" "Mozilla/5.0 (iPhone; CPU iPhone OS 9_3_5 like Mac OS X) AppleWebKit/601.1.46 (KHTML, like Gecko) Mobile/13G36 [FBAN/FBIOS;FBAV/63.0.0.37.140;FBBV/37606630;FBRV/0;FBDV/iPhone8,4;FBMD/iPhone;FBSN/iPhone OS;FBSV/9.3.5;FBSS/2;FBCR/Mobifone;FBID/phone;FBLC/vi_VN;FBOP/5]"
58.186.113.8 - - [11/Sep/2016:21:16:00 +0700] "GET /wp-content/uploads/wordpress-popular-posts/16612-featured-45x45.png HTTP/1.1" 200 6871 "http://securitydaily.net/huong-dan-giai-ma-petya-ransomware-mien-phi/" "Mozilla/5.0 (iPhone; CPU iPhone OS 9_3_5 like Mac OS X) AppleWebKit/601.1.46 (KHTML, like Gecko) Mobile/13G36 [FBAN/FBIOS;FBAV/63.0.0.37.140;FBBV/37606630;FBRV/0;FBDV/iPhone8,4;FBMD/iPhone;FBSN/iPhone OS;FBSV/9.3.5;FBSS/2;FBCR/Mobifone;FBID/phone;FBLC/vi_VN;FBOP/5]"
58.186.113.8 - - [11/Sep/2016:21:16:00 +0700] "GET /wp-content/uploads/2016/04/petya-sector-extractor.png HTTP/1.1" 200 19600 "http://securitydaily.net/huong-dan-giai-ma-petya-ransomware-mien-phi/" "Mozilla/5.0 (iPhone; CPU iPhone OS 9_3_5 like Mac OS X) AppleWebKit/601.1.46 (KHTML, like Gecko) Mobile/13G36 [FBAN/FBIOS;FBAV/63.0.0.37.140;FBBV/37606630;FBRV/0;FBDV/iPhone8,4;FBMD/iPhone;FBSN/iPhone OS;FBSV/9.3.5;FBSS/2;FBCR/Mobifone;FBID/phone;FBLC/vi_VN;FBOP/5]"
58.186.113.8 - - [11/Sep/2016:21:16:00 +0700] "GET /wp-content/uploads/2016/04/locky_eng_11-45x45.png HTTP/1.1" 200 0 "http://securitydaily.net/huong-dan-giai-ma-petya-ransomware-mien-phi/" "Mozilla/5.0 (iPhone; CPU iPhone OS 9_3_5 like Mac OS X) AppleWebKit/601.1.46 (KHTML, like Gecko) Mobile/13G36 [FBAN/FBIOS;FBAV/63.0.0.37.140;FBBV/37606630;FBRV/0;FBDV/iPhone8,4;FBMD/iPhone;FBSN/iPhone OS;FBSV/9.3.5;FBSS/2;FBCR/Mobifone;FBID/phone;FBLC/vi_VN;FBOP/5]"
58.186.113.8 - - [11/Sep/2016:21:16:00 +0700] "GET /wp-content/uploads/2014/08/Monitoring-Response-Centre-45x45.jpg HTTP/1.1" 200 4642 "http://securitydaily.net/huong-dan-giai-ma-petya-ransomware-mien-phi/" "Mozilla/5.0 (iPhone; CPU iPhone OS 9_3_5 like Mac OS X) AppleWebKit/601.1.46 (KHTML, like Gecko) Mobile/13G36 [FBAN/FBIOS;FBAV/63.0.0.37.140;FBBV/37606630;FBRV/0;FBDV/iPhone8,4;FBMD/iPhone;FBSN/iPhone OS;FBSV/9.3.5;FBSS/2;FBCR/Mobifone;FBID/phone;FBLC/vi_VN;FBOP/5]"
58.186.113.8 - - [11/Sep/2016:21:16:00 +0700] "GET /wp-content/uploads/2016/01/Lo-hong-bao-mat-45x45.jpg HTTP/1.1" 200 0 "http://securitydaily.net/huong-dan-giai-ma-petya-ransomware-mien-phi/" "Mozilla/5.0 (iPhone; CPU iPhone OS 9_3_5 like Mac OS X) AppleWebKit/601.1.46 (KHTML, like Gecko) Mobile/13G36 [FBAN/FBIOS;FBAV/63.0.0.37.140;FBBV/37606630;FBRV/0;FBDV/iPhone8,4;FBMD/iPhone;FBSN/iPhone OS;FBSV/9.3.5;FBSS/2;FBCR/Mobifone;FBID/phone;FBLC/vi_VN;FBOP/5]"
58.186.113.8 - - [11/Sep/2016:21:16:00 +0700] "GET /wp-content/uploads/2015/11/ma-doc-hack-facebook-03-45x45.png HTTP/1.1" 200 4227 "http://securitydaily.net/huong-dan-giai-ma-petya-ransomware-mien-phi/" "Mozilla/5.0 (iPhone; CPU iPhone OS 9_3_5 like Mac OS X) AppleWebKit/601.1.46 (KHTML, like Gecko) Mobile/13G36 [FBAN/FBIOS;FBAV/63.0.0.37.140;FBBV/37606630;FBRV/0;FBDV/iPhone8,4;FBMD/iPhone;FBSN/iPhone OS;FBSV/9.3.5;FBSS/2;FBCR/Mobifone;FBID/phone;FBLC/vi_VN;FBOP/5]"
58.186.113.8 - - [11/Sep/2016:21:16:00 +0700] "GET /wp-content/uploads/wordpress-popular-posts/16634-featured-45x45.png HTTP/1.1" 200 4339 "http://securitydaily.net/huong-dan-giai-ma-petya-ransomware-mien-phi/" "Mozilla/5.0 (iPhone; CPU iPhone OS 9_3_5 like Mac OS X) AppleWebKit/601.1.46 (KHTML, like Gecko) Mobile/13G36 [FBAN/FBIOS;FBAV/63.0.0.37.140;FBBV/37606630;FBRV/0;FBDV/iPhone8,4;FBMD/iPhone;FBSN/iPhone OS;FBSV/9.3.5;FBSS/2;FBCR/Mobifone;FBID/phone;FBLC/vi_VN;FBOP/5]"
58.186.113.8 - - [11/Sep/2016:21:16:00 +0700] "GET /wp-includes/js/jquery/jquery.js?ver=1.12.4 HTTP/1.1" 200 34776 "http://securitydaily.net/huong-dan-giai-ma-petya-ransomware-mien-phi/" "Mozilla/5.0 (iPhone; CPU iPhone OS 9_3_5 like Mac OS X) AppleWebKit/601.1.46 (KHTML, like Gecko) Mobile/13G36 [FBAN/FBIOS;FBAV/63.0.0.37.140;FBBV/37606630;FBRV/0;FBDV/iPhone8,4;FBMD/iPhone;FBSN/iPhone OS;FBSV/9.3.5;FBSS/2;FBCR/Mobifone;FBID/phone;FBLC/vi_VN;FBOP/5]"
58.186.113.8 - - [11/Sep/2016:21:16:00 +0700] "GET /wp-content/uploads/wordpress-popular-posts/16607-featured-45x45.png HTTP/1.1" 200 4537 "http://securitydaily.net/huong-dan-giai-ma-petya-ransomware-mien-phi/" "Mozilla/5.0 (iPhone; CPU iPhone OS 9_3_5 like Mac OS X) AppleWebKit/601.1.46 (KHTML, like Gecko) Mobile/13G36 [FBAN/FBIOS;FBAV/63.0.0.37.140;FBBV/37606630;FBRV/0;FBDV/iPhone8,4;FBMD/iPhone;FBSN/iPhone OS;FBSV/9.3.5;FBSS/2;FBCR/Mobifone;FBID/phone;FBLC/vi_VN;FBOP/5]"
58.186.113.8 - - [11/Sep/2016:21:16:00 +0700] "GET /wp-content/uploads/wordpress-popular-posts/16601-featured-45x45.png HTTP/1.1" 200 5789 "http://securitydaily.net/huong-dan-giai-ma-petya-ransomware-mien-phi/" "Mozilla/5.0 (iPhone; CPU iPhone OS 9_3_5 like Mac OS X) AppleWebKit/601.1.46 (KHTML, like Gecko) Mobile/13G36 [FBAN/FBIOS;FBAV/63.0.0.37.140;FBBV/37606630;FBRV/0;FBDV/iPhone8,4;FBMD/iPhone;FBSN/iPhone OS;FBSV/9.3.5;FBSS/2;FBCR/Mobifone;FBID/phone;FBLC/vi_VN;FBOP/5]"
58.186.113.8 - - [11/Sep/2016:21:16:00 +0700] "GET /wp-content/uploads/wordpress-popular-posts/16640-featured-45x45.png HTTP/1.1" 200 3519 "http://securitydaily.net/huong-dan-giai-ma-petya-ransomware-mien-phi/" "Mozilla/5.0 (iPhone; CPU iPhone OS 9_3_5 like Mac OS X) AppleWebKit/601.1.46 (KHTML, like Gecko) Mobile/13G36 [FBAN/FBIOS;FBAV/63.0.0.37.140;FBBV/37606630;FBRV/0;FBDV/iPhone8,4;FBMD/iPhone;FBSN/iPhone OS;FBSV/9.3.5;FBSS/2;FBCR/Mobifone;FBID/phone;FBLC/vi_VN;FBOP/5]"
58.186.113.8 - - [11/Sep/2016:21:16:00 +0700] "GET /wp-content/uploads/2014/08/cisco_patches-45x45.jpg HTTP/1.1" 200 1838 "http://securitydaily.net/huong-dan-giai-ma-petya-ransomware-mien-phi/" "Mozilla/5.0 (iPhone; CPU iPhone OS 9_3_5 like Mac OS X) AppleWebKit/601.1.46 (KHTML, like Gecko) Mobile/13G36 [FBAN/FBIOS;FBAV/63.0.0.37.140;FBBV/37606630;FBRV/0;FBDV/iPhone8,4;FBMD/iPhone;FBSN/iPhone OS;FBSV/9.3.5;FBSS/2;FBCR/Mobifone;FBID/phone;FBLC/vi_VN;FBOP/5]"
58.186.113.8 - - [11/Sep/2016:21:16:00 +0700] "GET /wp-content/uploads/2016/03/fbi-most-wanted-hackers-45x45.png HTTP/1.1" 200 8234 "http://securitydaily.net/huong-dan-giai-ma-petya-ransomware-mien-phi/" "Mozilla/5.0 (iPhone; CPU iPhone OS 9_3_5 like Mac OS X) AppleWebKit/601.1.46 (KHTML, like Gecko) Mobile/13G36 [FBAN/FBIOS;FBAV/63.0.0.37.140;FBBV/37606630;FBRV/0;FBDV/iPhone8,4;FBMD/iPhone;FBSN/iPhone OS;FBSV/9.3.5;FBSS/2;FBCR/Mobifone;FBID/phone;FBLC/vi_VN;FBOP/5]"
58.186.113.8 - - [11/Sep/2016:21:16:00 +0700] "GET /wp-content/uploads/2016/03/most-wanted-syrian-electronic-army-45x45.png HTTP/1.1" 200 7918 "http://securitydaily.net/huong-dan-giai-ma-petya-ransomware-mien-phi/" "Mozilla/5.0 (iPhone; CPU iPhone OS 9_3_5 like Mac OS X) AppleWebKit/601.1.46 (KHTML, like Gecko) Mobile/13G36 [FBAN/FBIOS;FBAV/63.0.0.37.140;FBBV/37606630;FBRV/0;FBDV/iPhone8,4;FBMD/iPhone;FBSN/iPhone OS;FBSV/9.3.5;FBSS/2;FBCR/Mobifone;FBID/phone;FBLC/vi_VN;FBOP/5]"
58.186.113.8 - - [11/Sep/2016:21:16:00 +0700] "GET /wp-content/uploads/2016/03/badlock-45x45.png HTTP/1.1" 200 4777 "http://securitydaily.net/huong-dan-giai-ma-petya-ransomware-mien-phi/" "Mozilla/5.0 (iPhone; CPU iPhone OS 9_3_5 like Mac OS X) AppleWebKit/601.1.46 (KHTML, like Gecko) Mobile/13G36 [FBAN/FBIOS;FBAV/63.0.0.37.140;FBBV/37606630;FBRV/0;FBDV/iPhone8,4;FBMD/iPhone;FBSN/iPhone OS;FBSV/9.3.5;FBSS/2;FBCR/Mobifone;FBID/phone;FBLC/vi_VN;FBOP/5]"
58.186.113.8 - - [11/Sep/2016:21:16:00 +0700] "GET /wp-content/uploads/2016/03/bao-mat-thu-dien-tu.png HTTP/1.1" 200 12824 "http://securitydaily.net/huong-dan-giai-ma-petya-ransomware-mien-phi/" "Mozilla/5.0 (iPhone; CPU iPhone OS 9_3_5 like Mac OS X) AppleWebKit/601.1.46 (KHTML, like Gecko) Mobile/13G36 [FBAN/FBIOS;FBAV/63.0.0.37.140;FBBV/37606630;FBRV/0;FBDV/iPhone8,4;FBMD/iPhone;FBSN/iPhone OS;FBSV/9.3.5;FBSS/2;FBCR/Mobifone;FBID/phone;FBLC/vi_VN;FBOP/5]"
58.186.113.8 - - [11/Sep/2016:21:16:00 +0700] "GET /wp-content/uploads/wordpress-popular-posts/16575-featured-45x45.png HTTP/1.1" 200 9885 "http://securitydaily.net/huong-dan-giai-ma-petya-ransomware-mien-phi/" "Mozilla/5.0 (iPhone; CPU iPhone OS 9_3_5 like Mac OS X) AppleWebKit/601.1.46 (KHTML, like Gecko) Mobile/13G36 [FBAN/FBIOS;FBAV/63.0.0.37.140;FBBV/37606630;FBRV/0;FBDV/iPhone8,4;FBMD/iPhone;FBSN/iPhone OS;FBSV/9.3.5;FBSS/2;FBCR/Mobifone;FBID/phone;FBLC/vi_VN;FBOP/5]"
58.186.113.8 - - [11/Sep/2016:21:16:00 +0700] "GET /wp-content/uploads/wordpress-popular-posts/16593-featured-45x45.png HTTP/1.1" 200 5809 "http://securitydaily.net/huong-dan-giai-ma-petya-ransomware-mien-phi/" "Mozilla/5.0 (iPhone; CPU iPhone OS 9_3_5 like Mac OS X) AppleWebKit/601.1.46 (KHTML, like Gecko) Mobile/13G36 [FBAN/FBIOS;FBAV/63.0.0.37.140;FBBV/37606630;FBRV/0;FBDV/iPhone8,4;FBMD/iPhone;FBSN/iPhone OS;FBSV/9.3.5;FBSS/2;FBCR/Mobifone;FBID/phone;FBLC/vi_VN;FBOP/5]"
58.186.113.8 - - [11/Sep/2016:21:16:00 +0700] "GET /wp-includes/js/wp-emoji-release.min.js?ver=4.6 HTTP/1.1" 200 4363 "http://securitydaily.net/huong-dan-giai-ma-petya-ransomware-mien-phi/" "Mozilla/5.0 (iPhone; CPU iPhone OS 9_3_5 like Mac OS X) AppleWebKit/601.1.46 (KHTML, like Gecko) Mobile/13G36 [FBAN/FBIOS;FBAV/63.0.0.37.140;FBBV/37606630;FBRV/0;FBDV/iPhone8,4;FBMD/iPhone;FBSN/iPhone OS;FBSV/9.3.5;FBSS/2;FBCR/Mobifone;FBID/phone;FBLC/vi_VN;FBOP/5]"
58.186.113.8 - - [11/Sep/2016:21:16:00 +0700] "POST /wp-admin/admin-ajax.php HTTP/1.1" 503 1079 "http://securitydaily.net/huong-dan-giai-ma-petya-ransomware-mien-phi/" "Mozilla/5.0 (iPhone; CPU iPhone OS 9_3_5 like Mac OS X) AppleWebKit/601.1.46 (KHTML, like Gecko) Mobile/13G36 [FBAN/FBIOS;FBAV/63.0.0.37.140;FBBV/37606630;FBRV/0;FBDV/iPhone8,4;FBMD/iPhone;FBSN/iPhone OS;FBSV/9.3.5;FBSS/2;FBCR/Mobifone;FBID/phone;FBLC/vi_VN;FBOP/5]"
85.143.213.194 - - [11/Sep/2016:21:16:00 +0700] "POST /xmlrpc.php HTTP/1.0" 503 1079 "-" "Mozilla/4.0 (compatible: MSIE 7.0; Windows NT 6.0)"
58.186.113.8 - - [11/Sep/2016:21:16:00 +0700] "GET /wp-content/uploads/2016/03/chinh-phu-dien-tu--700x709.png HTTP/1.1" 200 172890 "http://securitydaily.net/huong-dan-giai-ma-petya-ransomware-mien-phi/" "Mozilla/5.0 (iPhone; CPU iPhone OS 9_3_5 like Mac OS X) AppleWebKit/601.1.46 (KHTML, like Gecko) Mobile/13G36 [FBAN/FBIOS;FBAV/63.0.0.37.140;FBBV/37606630;FBRV/0;FBDV/iPhone8,4;FBMD/iPhone;FBSN/iPhone OS;FBSV/9.3.5;FBSS/2;FBCR/Mobifone;FBID/phone;FBLC/vi_VN;FBOP/5]"
58.186.113.8 - - [11/Sep/2016:21:16:00 +0700] "GET /wp-content/uploads/2016/04/petya-decryption-key-found-700x527.png HTTP/1.1" 200 122891 "http://securitydaily.net/huong-dan-giai-ma-petya-ransomware-mien-phi/" "Mozilla/5.0 (iPhone; CPU iPhone OS 9_3_5 like Mac OS X) AppleWebKit/601.1.46 (KHTML, like Gecko) Mobile/13G36 [FBAN/FBIOS;FBAV/63.0.0.37.140;FBBV/37606630;FBRV/0;FBDV/iPhone8,4;FBMD/iPhone;FBSN/iPhone OS;FBSV/9.3.5;FBSS/2;FBCR/Mobifone;FBID/phone;FBLC/vi_VN;FBOP/5]"
85.143.213.194 - - [11/Sep/2016:21:16:00 +0700] "POST /xmlrpc.php HTTP/1.0" 503 1079 "-" "Mozilla/4.0 (compatible: MSIE 7.0; Windows NT 6.0)"
58.186.113.8 - - [11/Sep/2016:21:16:00 +0700] "GET /wp-content/themes/chientq/font-awesome/fonts/fontawesome-webfont.woff?v=4.1.0 HTTP/1.1" 200 84023 "http://securitydaily.net/huong-dan-giai-ma-petya-ransomware-mien-phi/" "Mozilla/5.0 (iPhone; CPU iPhone OS 9_3_5 like Mac OS X) AppleWebKit/601.1.46 (KHTML, like Gecko) Mobile/13G36 [FBAN/FBIOS;FBAV/63.0.0.37.140;FBBV/37606630;FBRV/0;FBDV/iPhone8,4;FBMD/iPhone;FBSN/iPhone OS;FBSV/9.3.5;FBSS/2;FBCR/Mobifone;FBID/phone;FBLC/vi_VN;FBOP/5]"
58.186.113.8 - - [11/Sep/2016:21:16:00 +0700] "GET /wp-content/uploads/2016/04/decrypting-700x389.png HTTP/1.1" 200 41461 "http://securitydaily.net/huong-dan-giai-ma-petya-ransomware-mien-phi/" "Mozilla/5.0 (iPhone; CPU iPhone OS 9_3_5 like Mac OS X) AppleWebKit/601.1.46 (KHTML, like Gecko) Mobile/13G36 [FBAN/FBIOS;FBAV/63.0.0.37.140;FBBV/37606630;FBRV/0;FBDV/iPhone8,4;FBMD/iPhone;FBSN/iPhone OS;FBSV/9.3.5;FBSS/2;FBCR/Mobifone;FBID/phone;FBLC/vi_VN;FBOP/5]"
58.186.113.8 - - [11/Sep/2016:21:16:00 +0700] "GET /wp-content/uploads/2016/04/required-info-700x719.png HTTP/1.1" 200 200110 "http://securitydaily.net/huong-dan-giai-ma-petya-ransomware-mien-phi/" "Mozilla/5.0 (iPhone; CPU iPhone OS 9_3_5 like Mac OS X) AppleWebKit/601.1.46 (KHTML, like Gecko) Mobile/13G36 [FBAN/FBIOS;FBAV/63.0.0.37.140;FBBV/37606630;FBRV/0;FBDV/iPhone8,4;FBMD/iPhone;FBSN/iPhone OS;FBSV/9.3.5;FBSS/2;FBCR/Mobifone;FBID/phone;FBLC/vi_VN;FBOP/5]"
58.186.113.8 - - [11/Sep/2016:21:16:00 +0700] "GET /wp-content/uploads/2015/03/ddosattack.jpg HTTP/1.1" 200 41705 "http://securitydaily.net/huong-dan-giai-ma-petya-ransomware-mien-phi/" "Mozilla/5.0 (iPhone; CPU iPhone OS 9_3_5 like Mac OS X) AppleWebKit/601.1.46 (KHTML, like Gecko) Mobile/13G36 [FBAN/FBIOS;FBAV/63.0.0.37.140;FBBV/37606630;FBRV/0;FBDV/iPhone8,4;FBMD/iPhone;FBSN/iPhone OS;FBSV/9.3.5;FBSS/2;FBCR/Mobifone;FBID/phone;FBLC/vi_VN;FBOP/5]"
58.186.113.8 - - [11/Sep/2016:21:16:01 +0700] "GET /wp-content/uploads/wordpress-popular-posts/16625-featured-45x45.png HTTP/1.1" 200 5938 "http://securitydaily.net/huong-dan-giai-ma-petya-ransomware-mien-phi/" "Mozilla/5.0 (iPhone; CPU iPhone OS 9_3_5 like Mac OS X) AppleWebKit/601.1.46 (KHTML, like Gecko) Mobile/13G36 [FBAN/FBIOS;FBAV/63.0.0.37.140;FBBV/37606630;FBRV/0;FBDV/iPhone8,4;FBMD/iPhone;FBSN/iPhone OS;FBSV/9.3.5;FBSS/2;FBCR/Mobifone;FBID/phone;FBLC/vi_VN;FBOP/5]"
58.186.113.8 - - [11/Sep/2016:21:16:00 +0700] "GET /wp-content/themes/chientq/fonts/fontawesome-webfont.woff?v=3.2.1 HTTP/1.1" 200 43834 "http://securitydaily.net/huong-dan-giai-ma-petya-ransomware-mien-phi/" "Mozilla/5.0 (iPhone; CPU iPhone OS 9_3_5 like Mac OS X) AppleWebKit/601.1.46 (KHTML, like Gecko) Mobile/13G36 [FBAN/FBIOS;FBAV/63.0.0.37.140;FBBV/37606630;FBRV/0;FBDV/iPhone8,4;FBMD/iPhone;FBSN/iPhone OS;FBSV/9.3.5;FBSS/2;FBCR/Mobifone;FBID/phone;FBLC/vi_VN;FBOP/5]"
58.186.113.8 - - [11/Sep/2016:21:16:01 +0700] "GET /wp-content/uploads/wordpress-popular-posts/16582-featured-45x45.png HTTP/1.1" 200 1490 "http://securitydaily.net/huong-dan-giai-ma-petya-ransomware-mien-phi/" "Mozilla/5.0 (iPhone; CPU iPhone OS 9_3_5 like Mac OS X) AppleWebKit/601.1.46 (KHTML, like Gecko) Mobile/13G36 [FBAN/FBIOS;FBAV/63.0.0.37.140;FBBV/37606630;FBRV/0;FBDV/iPhone8,4;FBMD/iPhone;FBSN/iPhone OS;FBSV/9.3.5;FBSS/2;FBCR/Mobifone;FBID/phone;FBLC/vi_VN;FBOP/5]"
58.186.113.8 - - [11/Sep/2016:21:16:01 +0700] "GET /wp-content/uploads/wordpress-popular-posts/16637-featured-45x45.png HTTP/1.1" 200 8229 "http://securitydaily.net/huong-dan-giai-ma-petya-ransomware-mien-phi/" "Mozilla/5.0 (iPhone; CPU iPhone OS 9_3_5 like Mac OS X) AppleWebKit/601.1.46 (KHTML, like Gecko) Mobile/13G36 [FBAN/FBIOS;FBAV/63.0.0.37.140;FBBV/37606630;FBRV/0;FBDV/iPhone8,4;FBMD/iPhone;FBSN/iPhone OS;FBSV/9.3.5;FBSS/2;FBCR/Mobifone;FBID/phone;FBLC/vi_VN;FBOP/5]"
58.186.113.8 - - [11/Sep/2016:21:16:00 +0700] "GET /wp-content/uploads/2016/03/Dich-vu-an-toan-thong-tin.png HTTP/1.1" 200 294514 "http://securitydaily.net/huong-dan-giai-ma-petya-ransomware-mien-phi/" "Mozilla/5.0 (iPhone; CPU iPhone OS 9_3_5 like Mac OS X) AppleWebKit/601.1.46 (KHTML, like Gecko) Mobile/13G36 [FBAN/FBIOS;FBAV/63.0.0.37.140;FBBV/37606630;FBRV/0;FBDV/iPhone8,4;FBMD/iPhone;FBSN/iPhone OS;FBSV/9.3.5;FBSS/2;FBCR/Mobifone;FBID/phone;FBLC/vi_VN;FBOP/5]"
58.186.113.8 - - [11/Sep/2016:21:16:02 +0700] "GET /wp-content/uploads/2015/12/tintac.jpg HTTP/1.1" 200 12951 "http://securitydaily.net/huong-dan-giai-ma-petya-ransomware-mien-phi/" "Mozilla/5.0 (iPhone; CPU iPhone OS 9_3_5 like Mac OS X) AppleWebKit/601.1.46 (KHTML, like Gecko) Mobile/13G36 [FBAN/FBIOS;FBAV/63.0.0.37.140;FBBV/37606630;FBRV/0;FBDV/iPhone8,4;FBMD/iPhone;FBSN/iPhone OS;FBSV/9.3.5;FBSS/2;FBCR/Mobifone;FBID/phone;FBLC/vi_VN;FBOP/5]"
58.186.113.8 - - [11/Sep/2016:21:16:02 +0700] "GET /wp-content/uploads/2016/03/hack-system-integrity-protection-45x45.png HTTP/1.1" 200 32538 "http://securitydaily.net/huong-dan-giai-ma-petya-ransomware-mien-phi/" "Mozilla/5.0 (iPhone; CPU iPhone OS 9_3_5 like Mac OS X) AppleWebKit/601.1.46 (KHTML, like Gecko) Mobile/13G36 [FBAN/FBIOS;FBAV/63.0.0.37.140;FBBV/37606630;FBRV/0;FBDV/iPhone8,4;FBMD/iPhone;FBSN/iPhone OS;FBSV/9.3.5;FBSS/2;FBCR/Mobifone;FBID/phone;FBLC/vi_VN;FBOP/5]"
85.143.213.194 - - [11/Sep/2016:21:16:05 +0700] "POST /xmlrpc.php HTTP/1.0" 503 1079 "-" "Mozilla/4.0 (compatible: MSIE 7.0; Windows NT 6.0)"
85.143.213.194 - - [11/Sep/2016:21:16:05 +0700] "POST /xmlrpc.php HTTP/1.0" 503 1079 "-" "Mozilla/4.0 (compatible: MSIE 7.0; Windows NT 6.0)"
113.185.40.95 - - [11/Sep/2016:21:16:05 +0700] "GET /wp-content/themes/chientq/favicon.ico HTTP/1.1" 200 17249 "http://securitydaily.net/huong-dan-giai-ma-petya-ransomware-mien-phi/" "Mozilla/5.0 (Linux; Android 5.0; E2312 Build/26.1.B.3.109; wv) AppleWebKit/537.36 (KHTML, like Gecko) Version/4.0 Chrome/51.0.2704.81 Mobile Safari/537.36 [FB_IAB/FB4A;FBAV/83.0.0.20.71;]"
163.172.178.28 - - [11/Sep/2016:21:16:06 +0700] "GET /xmlrpc.php HTTP/1.1" 503 1079 "-" "PycURL/7.29.0"
163.172.178.28 - - [11/Sep/2016:21:16:06 +0700] "GET /xmlrpc.php HTTP/1.1" 503 1079 "-" "PycURL/7.29.0"
85.143.213.194 - - [11/Sep/2016:21:16:09 +0700] "POST /xmlrpc.php HTTP/1.0" 503 1079 "-" "Mozilla/4.0 (compatible: MSIE 7.0; Windows NT 6.0)"
85.143.213.194 - - [11/Sep/2016:21:16:10 +0700] "POST /xmlrpc.php HTTP/1.0" 503 1079 "-" "Mozilla/4.0 (compatible: MSIE 7.0; Windows NT 6.0)"
127.0.0.1 - - [11/Sep/2016:21:16:13 +0700] "OPTIONS * HTTP/1.0" 200 126 "-" "Apache/2.4.12 (Ubuntu) (internal dummy connection)"
85.143.213.194 - - [11/Sep/2016:21:16:14 +0700] "POST /xmlrpc.php HTTP/1.0" 503 1079 "-" "Mozilla/4.0 (compatible: MSIE 7.0; Windows NT 6.0)"
85.143.213.194 - - [11/Sep/2016:21:16:15 +0700] "POST /xmlrpc.php HTTP/1.0" 503 1079 "-" "Mozilla/4.0 (compatible: MSIE 7.0; Windows NT 6.0)"
85.143.213.194 - - [11/Sep/2016:21:16:19 +0700] "POST /xmlrpc.php HTTP/1.0" 503 1079 "-" "Mozilla/4.0 (compatible: MSIE 7.0; Windows NT 6.0)"
85.143.213.194 - - [11/Sep/2016:21:16:19 +0700] "POST /xmlrpc.php HTTP/1.0" 503 1079 "-" "Mozilla/4.0 (compatible: MSIE 7.0; Windows NT 6.0)"
85.143.213.194 - - [11/Sep/2016:21:16:24 +0700] "POST /xmlrpc.php HTTP/1.0" 503 1079 "-" "Mozilla/4.0 (compatible: MSIE 7.0; Windows NT 6.0)"
85.143.213.194 - - [11/Sep/2016:21:16:24 +0700] "POST /xmlrpc.php HTTP/1.0" 503 1079 "-" "Mozilla/4.0 (compatible: MSIE 7.0; Windows NT 6.0)"
203.113.152.7 - - [11/Sep/2016:21:16:24 +0700] "GET / HTTP/1.1" 200 93784 "-" "Mozilla/5.0 (X11; U; Linux i686; en-US) AppleWebKit/532.9 (KHTML, like Gecko) Chrome/5.0.307.11 Safari/532.9"
66.220.146.22 - - [11/Sep/2016:21:16:23 +0700] "GET /wp-content/uploads/2016/07/ransomware-decrypt-tool.png HTTP/1.1" 200 187382 "-" "facebookexternalhit/1.1 (+http://www.facebook.com/externalhit_uatext.php)"
66.220.146.21 - - [11/Sep/2016:21:16:23 +0700] "GET /wp-content/uploads/2016/07/pentest-box.png HTTP/1.1" 200 199415 "-" "facebookexternalhit/1.1 (+http://www.facebook.com/externalhit_uatext.php)"
81.169.191.6 - - [11/Sep/2016:21:16:28 +0700] "GET / HTTP/1.1" 200 18021 "-" "Mozilla/5.0 (Windows NT 6.3; WOW64; Trident/7.0; rv:11.0) like Gecko"
85.143.213.194 - - [11/Sep/2016:21:16:28 +0700] "POST /xmlrpc.php HTTP/1.0" 503 1079 "-" "Mozilla/4.0 (compatible: MSIE 7.0; Windows NT 6.0)"
85.143.213.194 - - [11/Sep/2016:21:16:29 +0700] "POST /xmlrpc.php HTTP/1.0" 503 1079 "-" "Mozilla/4.0 (compatible: MSIE 7.0; Windows NT 6.0)"
66.249.71.21 - - [11/Sep/2016:21:16:32 +0700] "GET /cong-nghe-kiem-soat-tu-xa-kill-switch-cho-laptop-va-smartphone/ HTTP/1.1" 503 1079 "-" "Mozilla/5.0 (compatible; Googlebot/2.1; +http://www.google.com/bot.html)"
85.143.213.194 - - [11/Sep/2016:21:16:33 +0700] "POST /xmlrpc.php HTTP/1.0" 503 1079 "-" "Mozilla/4.0 (compatible: MSIE 7.0; Windows NT 6.0)"
85.143.213.194 - - [11/Sep/2016:21:16:34 +0700] "POST /xmlrpc.php HTTP/1.0" 503 1079 "-" "Mozilla/4.0 (compatible: MSIE 7.0; Windows NT 6.0)"
118.70.16.64 - - [11/Sep/2016:21:16:35 +0700] "GET /wp-content/uploads/2015/10/wikileaks.png HTTP/1.1" 304 183 "-" "Mozilla/4.0 (compatible;)"
85.143.213.194 - - [11/Sep/2016:21:16:38 +0700] "POST /xmlrpc.php HTTP/1.0" 503 1079 "-" "Mozilla/4.0 (compatible: MSIE 7.0; Windows NT 6.0)"
85.143.213.194 - - [11/Sep/2016:21:16:39 +0700] "POST /xmlrpc.php HTTP/1.0" 503 1079 "-" "Mozilla/4.0 (compatible: MSIE 7.0; Windows NT 6.0)"
85.143.213.194 - - [11/Sep/2016:21:16:43 +0700] "POST /xmlrpc.php HTTP/1.0" 503 1079 "-" "Mozilla/4.0 (compatible: MSIE 7.0; Windows NT 6.0)"
85.143.213.194 - - [11/Sep/2016:21:16:43 +0700] "POST /xmlrpc.php HTTP/1.0" 503 1079 "-" "Mozilla/4.0 (compatible: MSIE 7.0; Windows NT 6.0)"
192.0.101.226 - - [11/Sep/2016:21:16:44 +0700] "HEAD / HTTP/1.1" 200 340 "-" "jetmon/1.0 (Jetpack Site Uptime Monitor by WordPress.com)"
85.143.213.194 - - [11/Sep/2016:21:16:47 +0700] "POST /xmlrpc.php HTTP/1.0" 503 1079 "-" "Mozilla/4.0 (compatible: MSIE 7.0; Windows NT 6.0)"
85.143.213.194 - - [11/Sep/2016:21:16:48 +0700] "POST /xmlrpc.php HTTP/1.0" 503 1079 "-" "Mozilla/4.0 (compatible: MSIE 7.0; Windows NT 6.0)"
85.143.213.194 - - [11/Sep/2016:21:16:52 +0700] "POST /xmlrpc.php HTTP/1.0" 503 1079 "-" "Mozilla/4.0 (compatible: MSIE 7.0; Windows NT 6.0)"
85.143.213.194 - - [11/Sep/2016:21:16:53 +0700] "POST /xmlrpc.php HTTP/1.0" 503 1079 "-" "Mozilla/4.0 (compatible: MSIE 7.0; Windows NT 6.0)"
85.143.213.194 - - [11/Sep/2016:21:16:57 +0700] "POST /xmlrpc.php HTTP/1.0" 503 1079 "-" "Mozilla/4.0 (compatible: MSIE 7.0; Windows NT 6.0)"
85.143.213.194 - - [11/Sep/2016:21:16:57 +0700] "POST /xmlrpc.php HTTP/1.0" 503 1079 "-" "Mozilla/4.0 (compatible: MSIE 7.0; Windows NT 6.0)"
123.30.242.11 - - [11/Sep/2016:21:16:58 +0700] "GET / HTTP/1.1" 200 93765 "-" "Mozilla/5.0 (Windows NT 6.1; WOW64) AppleWebKit/537.36 (KHTML, like Gecko) Chrome/43.0.2357.130 Safari/537.36"
85.143.213.194 - - [11/Sep/2016:21:17:02 +0700] "POST /xmlrpc.php HTTP/1.0" 503 1079 "-" "Mozilla/4.0 (compatible: MSIE 7.0; Windows NT 6.0)"
85.143.213.194 - - [11/Sep/2016:21:17:02 +0700] "POST /xmlrpc.php HTTP/1.0" 503 1079 "-" "Mozilla/4.0 (compatible: MSIE 7.0; Windows NT 6.0)"
85.143.213.194 - - [11/Sep/2016:21:17:06 +0700] "POST /xmlrpc.php HTTP/1.0" 503 1079 "-" "Mozilla/4.0 (compatible: MSIE 7.0; Windows NT 6.0)"
85.143.213.194 - - [11/Sep/2016:21:17:07 +0700] "POST /xmlrpc.php HTTP/1.0" 503 1079 "-" "Mozilla/4.0 (compatible: MSIE 7.0; Windows NT 6.0)"
85.143.213.194 - - [11/Sep/2016:21:17:11 +0700] "POST /xmlrpc.php HTTP/1.0" 503 1079 "-" "Mozilla/4.0 (compatible: MSIE 7.0; Windows NT 6.0)"
85.143.213.194 - - [11/Sep/2016:21:17:11 +0700] "POST /xmlrpc.php HTTP/1.0" 503 1079 "-" "Mozilla/4.0 (compatible: MSIE 7.0; Windows NT 6.0)"
66.249.71.21 - - [11/Sep/2016:21:17:13 +0700] "GET /3-ung-dung-hang-dau-ngan-chan-dien-thoai-cua-ban-khoi-bi-nghe-len/ HTTP/1.1" 503 1079 "-" "Mozilla/5.0 (compatible; Googlebot/2.1; +http://www.google.com/bot.html)"
173.252.123.137 - - [11/Sep/2016:21:17:14 +0700] "GET /wp-content/uploads/2016/07/facebook-secret-conversation-end-to-end-encryption.png HTTP/1.1" 200 40672 "-" "facebookexternalhit/1.1 (+http://www.facebook.com/externalhit_uatext.php)"
173.252.123.132 - - [11/Sep/2016:21:17:14 +0700] "GET /wp-content/uploads/2015/06/malware-100566383-primary.idge_.jpg HTTP/1.1" 200 51545 "-" "facebookexternalhit/1.1 (+http://www.facebook.com/externalhit_uatext.php)"
173.252.90.238 - - [11/Sep/2016:21:17:14 +0700] "GET /wp-content/uploads/2016/06/china-track-users.png HTTP/1.1" 200 110980 "-" "facebookexternalhit/1.1 (+http://www.facebook.com/externalhit_uatext.php)"
173.252.88.90 - - [11/Sep/2016:21:17:14 +0700] "GET /wp-content/uploads/2014/12/ransomware-161113-1.jpg HTTP/1.1" 200 103634 "-" "facebookexternalhit/1.1 (+http://www.facebook.com/externalhit_uatext.php)"
173.252.120.101 - - [11/Sep/2016:21:17:14 +0700] "GET /wp-content/uploads/2016/06/microsoft-office-zero-day-exploit.png HTTP/1.1" 200 90677 "-" "facebookexternalhit/1.1 (+http://www.facebook.com/externalhit_uatext.php)"
103.19.89.251 - - [11/Sep/2016:21:17:15 +0700] "POST /xmlrpc.php HTTP/1.1" 503 1079 "-" "Mozilla/5.0 (Macintosh; U; Intel Mac OS X 10.6; fr; rv:1.9.2.8) Gecko/20100722 Firefox/3.6.8"
66.220.158.119 - - [11/Sep/2016:21:17:15 +0700] "GET /wp-content/uploads/2016/06/google-2-factor.png HTTP/1.1" 200 84734 "-" "facebookexternalhit/1.1 (+http://www.facebook.com/externalhit_uatext.php)"
85.143.213.194 - - [11/Sep/2016:21:17:16 +0700] "POST /xmlrpc.php HTTP/1.0" 503 1079 "-" "Mozilla/4.0 (compatible: MSIE 7.0; Windows NT 6.0)"
85.143.213.194 - - [11/Sep/2016:21:17:16 +0700] "POST /xmlrpc.php HTTP/1.0" 503 1079 "-" "Mozilla/4.0 (compatible: MSIE 7.0; Windows NT 6.0)"
42.114.70.152 - - [11/Sep/2016:21:17:19 +0700] "GET /cac-phuong-phap-kiem-tra-ung-dung-web/ HTTP/1.1" 200 18236 "-" "Mozilla/5.0 (Windows NT 6.1; WOW64) AppleWebKit/537.36 (KHTML, like Gecko) coc_coc_browser/56.3.120 Chrome/50.3.2661.120 Safari/537.36"
42.114.70.152 - - [11/Sep/2016:21:17:20 +0700] "GET /wp-content/themes/chientq/css/main.css HTTP/1.1" 200 3037 "http://securitydaily.net/cac-phuong-phap-kiem-tra-ung-dung-web/" "Mozilla/5.0 (Windows NT 6.1; WOW64) AppleWebKit/537.36 (KHTML, like Gecko) coc_coc_browser/56.3.120 Chrome/50.3.2661.120 Safari/537.36"
42.114.70.152 - - [11/Sep/2016:21:17:20 +0700] "GET /wp-content/themes/chientq/css/styles.css HTTP/1.1" 200 1974 "http://securitydaily.net/cac-phuong-phap-kiem-tra-ung-dung-web/" "Mozilla/5.0 (Windows NT 6.1; WOW64) AppleWebKit/537.36 (KHTML, like Gecko) coc_coc_browser/56.3.120 Chrome/50.3.2661.120 Safari/537.36"
42.114.70.152 - - [11/Sep/2016:21:17:20 +0700] "GET /wp-content/themes/chientq/css/font-awesome.min.css HTTP/1.1" 200 4723 "http://securitydaily.net/cac-phuong-phap-kiem-tra-ung-dung-web/" "Mozilla/5.0 (Windows NT 6.1; WOW64) AppleWebKit/537.36 (KHTML, like Gecko) coc_coc_browser/56.3.120 Chrome/50.3.2661.120 Safari/537.36"
42.114.70.152 - - [11/Sep/2016:21:17:20 +0700] "GET /wp-content/themes/chientq/css/prettyPhoto.css HTTP/1.1" 200 3107 "http://securitydaily.net/cac-phuong-phap-kiem-tra-ung-dung-web/" "Mozilla/5.0 (Windows NT 6.1; WOW64) AppleWebKit/537.36 (KHTML, like Gecko) coc_coc_browser/56.3.120 Chrome/50.3.2661.120 Safari/537.36"
42.114.70.152 - - [11/Sep/2016:21:17:20 +0700] "GET /wp-content/themes/chientq/font-awesome/css/font-awesome.min.css HTTP/1.1" 200 5034 "http://securitydaily.net/cac-phuong-phap-kiem-tra-ung-dung-web/" "Mozilla/5.0 (Windows NT 6.1; WOW64) AppleWebKit/537.36 (KHTML, like Gecko) coc_coc_browser/56.3.120 Chrome/50.3.2661.120 Safari/537.36"
42.114.70.152 - - [11/Sep/2016:21:17:20 +0700] "GET /wp-content/themes/chientq/css/bootstrap.min.css HTTP/1.1" 200 16407 "http://securitydaily.net/cac-phuong-phap-kiem-tra-ung-dung-web/" "Mozilla/5.0 (Windows NT 6.1; WOW64) AppleWebKit/537.36 (KHTML, like Gecko) coc_coc_browser/56.3.120 Chrome/50.3.2661.120 Safari/537.36"
42.114.70.152 - - [11/Sep/2016:21:17:20 +0700] "GET /wp-content/plugins/custom-about-author/cab-style.css?ver=4.6 HTTP/1.1" 200 912 "http://securitydaily.net/cac-phuong-phap-kiem-tra-ung-dung-web/" "Mozilla/5.0 (Windows NT 6.1; WOW64) AppleWebKit/537.36 (KHTML, like Gecko) coc_coc_browser/56.3.120 Chrome/50.3.2661.120 Safari/537.36"
42.114.70.152 - - [11/Sep/2016:21:17:20 +0700] "GET /wp-content/plugins/responsive-lightbox/assets/prettyphoto/css/prettyPhoto.css?ver=1.6.9 HTTP/1.1" 200 3119 "http://securitydaily.net/cac-phuong-phap-kiem-tra-ung-dung-web/" "Mozilla/5.0 (Windows NT 6.1; WOW64) AppleWebKit/537.36 (KHTML, like Gecko) coc_coc_browser/56.3.120 Chrome/50.3.2661.120 Safari/537.36"
42.114.70.152 - - [11/Sep/2016:21:17:20 +0700] "GET /wp-content/plugins/organize-series/orgSeries.css?ver=4.6 HTTP/1.1" 200 1503 "http://securitydaily.net/cac-phuong-phap-kiem-tra-ung-dung-web/" "Mozilla/5.0 (Windows NT 6.1; WOW64) AppleWebKit/537.36 (KHTML, like Gecko) coc_coc_browser/56.3.120 Chrome/50.3.2661.120 Safari/537.36"
42.114.70.152 - - [11/Sep/2016:21:17:20 +0700] "GET /wp-content/plugins/display-authors-widget/css/display-authors-widget.css?ver=20141604 HTTP/1.1" 200 530 "http://securitydaily.net/cac-phuong-phap-kiem-tra-ung-dung-web/" "Mozilla/5.0 (Windows NT 6.1; WOW64) AppleWebKit/537.36 (KHTML, like Gecko) coc_coc_browser/56.3.120 Chrome/50.3.2661.120 Safari/537.36"
42.114.70.152 - - [11/Sep/2016:21:17:20 +0700] "GET /wp-content/plugins/yet-another-related-posts-plugin/style/widget.css?ver=4.6 HTTP/1.1" 200 719 "http://securitydaily.net/cac-phuong-phap-kiem-tra-ung-dung-web/" "Mozilla/5.0 (Windows NT 6.1; WOW64) AppleWebKit/537.36 (KHTML, like Gecko) coc_coc_browser/56.3.120 Chrome/50.3.2661.120 Safari/537.36"
42.114.70.152 - - [11/Sep/2016:21:17:20 +0700] "GET /wp-content/plugins/wordpress-popular-posts/style/wpp.css?ver=3.3.4 HTTP/1.1" 200 856 "http://securitydaily.net/cac-phuong-phap-kiem-tra-ung-dung-web/" "Mozilla/5.0 (Windows NT 6.1; WOW64) AppleWebKit/537.36 (KHTML, like Gecko) coc_coc_browser/56.3.120 Chrome/50.3.2661.120 Safari/537.36"
42.114.70.152 - - [11/Sep/2016:21:17:20 +0700] "GET /wp-content/plugins/youtube-embed-plus/styles/ytprefs.min.css?ver=4.6 HTTP/1.1" 200 1848 "http://securitydaily.net/cac-phuong-phap-kiem-tra-ung-dung-web/" "Mozilla/5.0 (Windows NT 6.1; WOW64) AppleWebKit/537.36 (KHTML, like Gecko) coc_coc_browser/56.3.120 Chrome/50.3.2661.120 Safari/537.36"
42.114.70.152 - - [11/Sep/2016:21:17:20 +0700] "GET /wp-content/plugins/yet-another-related-posts-plugin/style/related.css?ver=4.6 HTTP/1.1" 200 657 "http://securitydaily.net/cac-phuong-phap-kiem-tra-ung-dung-web/" "Mozilla/5.0 (Windows NT 6.1; WOW64) AppleWebKit/537.36 (KHTML, like Gecko) coc_coc_browser/56.3.120 Chrome/50.3.2661.120 Safari/537.36"
42.114.70.152 - - [11/Sep/2016:21:17:20 +0700] "GET /wp-content/plugins/yet-another-related-posts-plugin/includes/styles_thumbnails.css.php?width=120&height=120&ver=4.3.1 HTTP/1.1" 200 556 "http://securitydaily.net/cac-phuong-phap-kiem-tra-ung-dung-web/" "Mozilla/5.0 (Windows NT 6.1; WOW64) AppleWebKit/537.36 (KHTML, like Gecko) coc_coc_browser/56.3.120 Chrome/50.3.2661.120 Safari/537.36"
42.114.70.152 - - [11/Sep/2016:21:17:20 +0700] "GET /wp-content/plugins/jetpack/css/jetpack.css?ver=4.2.2 HTTP/1.1" 200 10463 "http://securitydaily.net/cac-phuong-phap-kiem-tra-ung-dung-web/" "Mozilla/5.0 (Windows NT 6.1; WOW64) AppleWebKit/537.36 (KHTML, like Gecko) coc_coc_browser/56.3.120 Chrome/50.3.2661.120 Safari/537.36"
42.114.70.152 - - [11/Sep/2016:21:17:20 +0700] "GET /wp-content/plugins/responsive-lightbox/js/front.js?ver=1.6.9 HTTP/1.1" 200 3925 "http://securitydaily.net/cac-phuong-phap-kiem-tra-ung-dung-web/" "Mozilla/5.0 (Windows NT 6.1; WOW64) AppleWebKit/537.36 (KHTML, like Gecko) coc_coc_browser/56.3.120 Chrome/50.3.2661.120 Safari/537.36"
42.114.70.152 - - [11/Sep/2016:21:17:20 +0700] "GET /wp-content/plugins/responsive-lightbox/assets/prettyphoto/js/jquery.prettyPhoto.js?ver=1.6.9 HTTP/1.1" 200 10216 "http://securitydaily.net/cac-phuong-phap-kiem-tra-ung-dung-web/" "Mozilla/5.0 (Windows NT 6.1; WOW64) AppleWebKit/537.36 (KHTML, like Gecko) coc_coc_browser/56.3.120 Chrome/50.3.2661.120 Safari/537.36"
42.114.70.152 - - [11/Sep/2016:21:17:20 +0700] "GET /wp-includes/js/jquery/jquery-migrate.min.js?ver=1.4.1 HTTP/1.1" 200 4365 "http://securitydaily.net/cac-phuong-phap-kiem-tra-ung-dung-web/" "Mozilla/5.0 (Windows NT 6.1; WOW64) AppleWebKit/537.36 (KHTML, like Gecko) coc_coc_browser/56.3.120 Chrome/50.3.2661.120 Safari/537.36"
42.114.70.152 - - [11/Sep/2016:21:17:20 +0700] "GET /wp-content/plugins/youtube-embed-plus/scripts/ytprefs.min.js?ver=4.6 HTTP/1.1" 200 3141 "http://securitydaily.net/cac-phuong-phap-kiem-tra-ung-dung-web/" "Mozilla/5.0 (Windows NT 6.1; WOW64) AppleWebKit/537.36 (KHTML, like Gecko) coc_coc_browser/56.3.120 Chrome/50.3.2661.120 Safari/537.36"
42.114.70.152 - - [11/Sep/2016:21:17:20 +0700] "GET /wp-content/plugins/jetpack/modules/wpgroho.js?ver=4.6 HTTP/1.1" 200 838 "http://securitydaily.net/cac-phuong-phap-kiem-tra-ung-dung-web/" "Mozilla/5.0 (Windows NT 6.1; WOW64) AppleWebKit/537.36 (KHTML, like Gecko) coc_coc_browser/56.3.120 Chrome/50.3.2661.120 Safari/537.36"
42.114.70.152 - - [11/Sep/2016:21:17:20 +0700] "GET /wp-includes/js/wp-embed.min.js?ver=4.6 HTTP/1.1" 200 1099 "http://securitydaily.net/cac-phuong-phap-kiem-tra-ung-dung-web/" "Mozilla/5.0 (Windows NT 6.1; WOW64) AppleWebKit/537.36 (KHTML, like Gecko) coc_coc_browser/56.3.120 Chrome/50.3.2661.120 Safari/537.36"
42.114.70.152 - - [11/Sep/2016:21:17:20 +0700] "GET /wp-content/plugins/youtube-embed-plus/scripts/fitvids.min.js?ver=4.6 HTTP/1.1" 200 1155 "http://securitydaily.net/cac-phuong-phap-kiem-tra-ung-dung-web/" "Mozilla/5.0 (Windows NT 6.1; WOW64) AppleWebKit/537.36 (KHTML, like Gecko) coc_coc_browser/56.3.120 Chrome/50.3.2661.120 Safari/537.36"
42.114.70.152 - - [11/Sep/2016:21:17:20 +0700] "GET /wp-content/themes/chientq/js/tq.js HTTP/1.1" 200 437 "http://securitydaily.net/cac-phuong-phap-kiem-tra-ung-dung-web/" "Mozilla/5.0 (Windows NT 6.1; WOW64) AppleWebKit/537.36 (KHTML, like Gecko) coc_coc_browser/56.3.120 Chrome/50.3.2661.120 Safari/537.36"
42.114.70.152 - - [11/Sep/2016:21:17:20 +0700] "GET /wp-includes/js/jquery/jquery.js?ver=1.12.4 HTTP/1.1" 200 34119 "http://securitydaily.net/cac-phuong-phap-kiem-tra-ung-dung-web/" "Mozilla/5.0 (Windows NT 6.1; WOW64) AppleWebKit/537.36 (KHTML, like Gecko) coc_coc_browser/56.3.120 Chrome/50.3.2661.120 Safari/537.36"
42.114.70.152 - - [11/Sep/2016:21:17:20 +0700] "GET /wp-content/themes/chientq/js/jquery.js HTTP/1.1" 200 33153 "http://securitydaily.net/cac-phuong-phap-kiem-tra-ung-dung-web/" "Mozilla/5.0 (Windows NT 6.1; WOW64) AppleWebKit/537.36 (KHTML, like Gecko) coc_coc_browser/56.3.120 Chrome/50.3.2661.120 Safari/537.36"
42.114.70.152 - - [11/Sep/2016:21:17:20 +0700] "GET /wp-content/themes/chientq/js/bootstrap.min.js HTTP/1.1" 200 7603 "http://securitydaily.net/cac-phuong-phap-kiem-tra-ung-dung-web/" "Mozilla/5.0 (Windows NT 6.1; WOW64) AppleWebKit/537.36 (KHTML, like Gecko) coc_coc_browser/56.3.120 Chrome/50.3.2661.120 Safari/537.36"
42.114.70.152 - - [11/Sep/2016:21:17:20 +0700] "GET /wp-content/themes/chientq/js/jquery.isotope.min.js HTTP/1.1" 200 5408 "http://securitydaily.net/cac-phuong-phap-kiem-tra-ung-dung-web/" "Mozilla/5.0 (Windows NT 6.1; WOW64) AppleWebKit/537.36 (KHTML, like Gecko) coc_coc_browser/56.3.120 Chrome/50.3.2661.120 Safari/537.36"
42.114.70.152 - - [11/Sep/2016:21:17:20 +0700] "GET /wp-content/themes/chientq/js/jquery.prettyPhoto.js HTTP/1.1" 200 6367 "http://securitydaily.net/cac-phuong-phap-kiem-tra-ung-dung-web/" "Mozilla/5.0 (Windows NT 6.1; WOW64) AppleWebKit/537.36 (KHTML, like Gecko) coc_coc_browser/56.3.120 Chrome/50.3.2661.120 Safari/537.36"
42.114.70.152 - - [11/Sep/2016:21:17:20 +0700] "GET /wp-content/themes/chientq/js/main.js HTTP/1.1" 200 965 "http://securitydaily.net/cac-phuong-phap-kiem-tra-ung-dung-web/" "Mozilla/5.0 (Windows NT 6.1; WOW64) AppleWebKit/537.36 (KHTML, like Gecko) coc_coc_browser/56.3.120 Chrome/50.3.2661.120 Safari/537.36"
42.114.70.152 - - [11/Sep/2016:21:17:20 +0700] "GET /wp-content/uploads/2014/09/hack_webscarab_screen5_big-700x535.jpg HTTP/1.1" 200 128556 "http://securitydaily.net/cac-phuong-phap-kiem-tra-ung-dung-web/" "Mozilla/5.0 (Windows NT 6.1; WOW64) AppleWebKit/537.36 (KHTML, like Gecko) coc_coc_browser/56.3.120 Chrome/50.3.2661.120 Safari/537.36"
85.143.213.194 - - [11/Sep/2016:21:17:21 +0700] "POST /xmlrpc.php HTTP/1.0" 503 1079 "-" "Mozilla/4.0 (compatible: MSIE 7.0; Windows NT 6.0)"
42.114.70.152 - - [11/Sep/2016:21:17:20 +0700] "GET /wp-content/uploads/2014/09/BurpSuite-Screen-1-700x342.png HTTP/1.1" 200 165171 "http://securitydaily.net/cac-phuong-phap-kiem-tra-ung-dung-web/" "Mozilla/5.0 (Windows NT 6.1; WOW64) AppleWebKit/537.36 (KHTML, like Gecko) coc_coc_browser/56.3.120 Chrome/50.3.2661.120 Safari/537.36"
85.143.213.194 - - [11/Sep/2016:21:17:21 +0700] "POST /xmlrpc.php HTTP/1.0" 503 1079 "-" "Mozilla/4.0 (compatible: MSIE 7.0; Windows NT 6.0)"
